FOUND 765 verified 765 [23,84,109,121,130,174,223,239,283,327,375,422,468,528,558,580,586,590,636,732,748,761]
20 -5 -47 -0.8 -2.3 direction
40 -28 29 -1.5 2.2 
60 -72 15 -2.8 -3.3 
80 -129 -46 -3.3 -0.0 direction
100 -201 27 -3.6 2.5 
120 -230 95 -0.0 3.9 
140 -220 203 0.6 4.2 
160 -221 228 -0.7 -1.4 
180 -225 224 0.8 5.3 
200 -218 271 -0.3 -0.3 
220 -236 207 -1.2 -5.8 
240 -196 273 1.1 6.6 direction
260 -174 342 1.1 0.3 
280 -151 278 1.1 -6.1 
300 -129 339 1.1 1.7 direction
320 -106 301 1.1 -5.0 
340 -83 330 1.1 3.1 direction
360 -61 319 1.1 -3.8 
380 -38 294 1.1 5.5 direction
400 -16 338 1.1 -1.0 
420 12 256 3.4 -4.2 direction
440 80 323 3.4 1.9 
460 148 290 3.4 -4.5 
480 221 336 3.8 3.6 direction
500 299 350 4.0 -1.9 
520 379 252 4.0 -7.5 
540 467 237 4.0 -0.5 gravity {"x":0,"y":1},direction
560 548 191 4.0 6.4 
580 629 219 4.0 -3.0 
600 724 299 5.2 4.2 
620 828 324 5.2 -1.4 
640 932 299 5.2 5.8 
660 1036 357 5.2 0.3 
680 1140 305 5.2 -5.3 
700 1244 273 5.2 0.2 
720 1348 246 5.2 -3.8 
740 1452 225 5.2 4.7 
760 1556 220 5.2 -2.8 
