FOUND 746 verified 746 [12,68,116,172,186,251,275,277,332,379,427,482,591,661,734,743]
20 -3 -0 -0.3 4.7 direction
40 -21 36 -1.5 -0.8 
60 -62 -39 -2.2 -6.4 
80 -114 17 -2.7 3.6 direction
100 -179 31 -3.8 -1.9 
120 -221 -51 5.8 -4.7 gravity {"x":-1,"y":0}
140 -162 -146 0.3 -4.7 
160 -215 -240 -5.3 -4.7 
180 -183 -335 4.7 -4.7 
200 -106 -296 3.8 3.1 gravity {"x":0,"y":1}
220 -36 -294 2.9 -2.5 
240 19 -370 2.5 -1.4 
260 60 -354 1.9 4.4 
280 99 -305 3.8 6.1 
300 177 -241 3.7 0.6 
320 238 -289 2.8 -5.0 
340 293 -321 2.8 4.8 direction
360 349 -277 2.8 0.1 
380 366 -311 -6.7 -2.1 gravity {"x":1,"y":0}
400 291 -350 -1.1 -1.5 
420 327 -365 4.4 0.4 direction
440 301 -355 -3.3 0.6 
460 293 -329 2.2 2.0 
480 376 -283 -0.1 2.4 
500 298 -231 -1.9 2.8 
520 317 -161 3.6 3.7 
540 448 -87 9.2 3.7 
560 690 -12 14.7 3.7 
580 1042 -18 20.3 -0.5 
600 1234 -27 -4.4 -0.4 
620 1203 -23 1.1 0.8 
640 1284 5 6.7 1.5 
660 1333 42 -0.0 2.4 
680 1254 94 -1.7 2.9 
700 1279 164 3.9 3.7 
720 1402 225 6.9 1.2 gravity {"x":0,"y":1}
740 1541 238 6.9 -0.4 
