FOUND 413 verified 413 [13,74,79,86,99,102,112,136,192,238,305,327,344,359,377]
20 179 -6 0.9 5.0 
40 198 35 0.9 -0.6 
60 217 -34 0.9 -6.1 
80 283 -60 2.5 6.7 
100 293 -46 0.6 6.7 
120 193 41 -5.5 4.7 
140 117 84 2.7 1.1 
160 171 47 2.7 -4.5 
180 238 -78 6.0 -4.3 
200 279 -128 -3.5 1.9 
220 277 -201 -0.1 -6.2 
240 236 -311 -2.6 6.4 
260 182 -239 -2.6 0.8 
280 129 -280 -2.6 -4.7 
300 101 -425 2.9 -8.6 
320 159 -402 2.9 2.8 
340 214 -417 2.5 -2.4 
360 274 -381 3.7 6.7 
380 387 -352 6.0 6.1 
400 508 -288 6.0 0.6 
