FOUND 1152 verified 1152 [7,18,22,24,48,64,73,87,103,114,161,190,227,235,254,261,273,292,352,401,409,418,432,446,465,472,476,480,494,537,586,671,744,797,864,925,974,1034,1056,1068,1081,1088,1130]
20 -32 -25 0.0 -0.1 
40 -32 -58 0.0 -4.1 
60 -10 -28 1.5 3.6 
80 20 -33 1.5 -2.4 
100 51 -33 1.5 -1.8 
120 82 5 1.5 5.3 
140 113 52 1.5 -0.3 
160 113 -4 -1.4 -5.0 
180 83 70 -1.5 1.7 
200 79 126 0.5 4.2 
220 88 146 0.3 -2.2 
240 76 155 -2.6 -0.4 
260 38 163 -2.8 -0.5 
280 -45 204 -4.3 5.0 
300 -44 280 1.3 4.7 
320 -17 317 1.3 -0.8 
340 9 242 1.3 -6.4 
360 -9 194 -1.9 4.7 
380 -47 230 -1.9 -0.8 
400 -76 153 -1.2 -6.6 
420 -33 198 6.4 -0.2 gravity {"x":-1,"y":0}
440 27 228 -0.1 3.9 
460 86 306 -0.3 3.9 
480 84 384 -1.0 3.9 
500 92 462 5.3 3.9 
520 140 540 -0.3 3.9 
540 142 606 6.1 0.1 
560 206 607 0.6 0.1 
580 158 608 -4.9 -0.8 
600 192 592 3.1 -0.8 
620 194 576 -2.5 -0.8 
640 86 560 -8.1 -0.8 
660 -133 544 -13.6 -0.8 
680 -188 528 4.4 -0.8 
700 -157 513 -1.1 -0.8 
720 -238 497 -0.8 -0.8 
740 -238 481 -0.1 -0.8 
760 -165 465 2.5 -0.8 
780 -173 449 -3.1 -0.8 
800 -218 434 6.1 -0.8 
820 -153 418 0.6 -0.8 
840 -201 402 -5.0 -0.8 
860 -239 386 -0.5 -0.8 
880 -166 370 2.5 -0.8 
900 -175 355 -3.1 -0.8 
920 -237 339 -0.1 -0.8 
940 -168 323 2.8 -0.8 
960 -171 307 -2.8 -0.8 
980 -202 291 5.3 -0.8 
1000 -155 276 -0.3 -0.8 
1020 -219 260 -5.8 -0.8 
1040 -203 244 5.3 -0.8 
1060 -156 215 1.5 -4.6 
1080 -174 145 -3.6 -2.7 
1100 -179 141 -2.9 0.9 
1120 -296 160 -8.5 0.9 
1140 -342 179 4.2 0.9 
