FOUND 470 verified 470 [69,107,167,180,259,272,273,313,372,382,437]
20 -152 574 0.0 -5.6 
40 -152 404 0.0 -11.1 
60 -152 124 0.0 -16.7 
80 27 48 11.1 3.9 
100 247 69 -7.4 2.9 bounce
120 87 149 -7.4 3.3 
140 -62 158 -7.4 -2.2 
160 -219 86 -8.5 -3.8 
180 -188 171 -0.0 3.3 bounce
200 -191 252 -0.0 1.4 
220 -192 221 -0.0 -4.2 
240 -192 79 -0.0 -9.7 
260 -215 455 -7.5 6.7 
280 -362 506 -7.5 -1.7 
300 -436 365 0.4 -10.6 
320 -508 252 -6.6 5.0 
340 -639 294 -6.6 -0.6 
360 -770 225 -6.6 -6.1 
380 -902 189 -6.6 4.7 
400 -897 275 0.7 1.9 
420 -713 467 9.6 7.5 
440 -522 572 9.6 6.1 
460 -330 635 9.6 0.6 
