FOUND 470 verified 470 [6,13,117,155,204,236,245,314,386,410,429]
20 -140 708 0.8 5.0 
40 -123 749 0.8 -0.6 
60 -106 680 0.8 -6.1 
80 -90 499 0.8 -11.7 
100 -73 208 0.8 -17.2 
120 12 -28 10.0 6.1 
140 211 36 10.0 0.6 
160 112 93 -7.0 5.6 bounce
180 -29 146 -7.0 0.0 
200 -157 104 -1.7 1.2 
220 -190 89 -1.9 -3.2 
240 -356 339 -9.9 5.8 bounce
260 -410 435 -0.7 2.8 
280 -425 433 -0.7 -2.8 
300 -439 319 -0.7 -8.3 
320 -526 223 -7.9 5.3 
340 -684 271 -7.9 -0.3 
360 -842 207 -7.9 -5.8 
380 -902 277 13.8 8.0 bounce,bounce
400 -619 385 13.8 3.1 
420 -456 500 5.5 5.8 
440 -363 603 4.4 3.9 
460 -274 622 4.4 -1.7 
