FOUND 714 verified 714 [22,82,126,148,174,197,220,222,268,281,333,397,433,488,544,571,613,634,693,701,712]
20 -5 -47 -0.8 -2.3 direction
40 -27 30 -1.5 1.9 
60 -71 11 -2.7 -3.6 
80 -128 -46 -3.3 -0.1 direction
100 -197 31 -3.5 1.9 
120 -228 16 -1.1 -2.2 gravity {"x":-1,"y":0}
140 -162 -29 2.9 -2.2 
160 -90 -47 3.5 -0.1 direction
180 -43 -43 5.2 0.8 direction,direction
200 17 -26 6.0 0.8 
220 74 -10 -0.3 0.1 
240 161 -9 1.4 0.0 gravity {"x":-1,"y":0}
260 117 -9 -5.3 0.0 
280 128 -48 3.5 -2.8 gravity {"x":-1,"y":0}
300 200 -10 0.7 2.1 
320 143 32 -5.7 2.1 
340 132 74 4.9 2.1 
360 165 115 -1.6 2.1 
380 91 157 0.7 2.1 
400 108 199 6.0 2.1 
420 166 238 -0.1 -0.4 direction
440 153 197 -0.5 -5.0 gravity {"x":0,"y":-1},direction
460 153 155 0.6 0.6 
480 178 224 1.5 6.1 
500 214 176 1.9 -3.6 direction
520 266 162 3.3 1.9 
540 337 242 4.8 1.5 direction
560 448 184 6.8 -3.1 gravity {"x":0,"y":1},direction
580 585 182 6.8 4.4 
600 722 212 6.8 -1.1 gravity {"x":0,"y":1}
620 859 213 6.8 5.0 
640 1004 255 7.8 3.4 
660 1162 275 7.8 0.1 
680 1318 269 7.8 -1.4 
700 1473 233 7.8 -1.4 
