FOUND 816 verified 816 [17,66,110,121,174,231,275,321,339,375,396,432,486,536,548,553,563,614,629,641,655,666,743,752,754,763,773,800,814]
20 -5 -26 -0.7 6.1 direction
40 -25 38 -1.5 0.6 
60 -68 -9 -2.5 -5.0 
80 -119 23 -2.6 3.1 direction
100 -185 26 -3.8 -2.5 
120 -175 -45 2.1 1.4 gravity {"x":-1,"y":0},direction,direction
140 -97 -16 1.1 1.4 
160 -147 12 -5.4 1.4 
180 -196 41 5.2 1.4 
200 -158 69 -1.3 1.4 
220 -229 98 0.0 1.4 
240 -180 127 4.4 1.4 
260 -161 155 -2.4 1.4 
280 -200 184 5.5 1.4 
300 -155 213 -1.0 1.4 
320 -242 241 -7.1 1.4 direction
340 -212 265 6.7 0.7 direction
360 -137 274 1.1 -0.0 
380 -123 268 5.6 0.2 direction
400 -47 267 5.8 -0.1 direction
420 12 267 0.3 -0.5 direction
440 52 274 4.7 1.0 direction
460 88 285 -0.8 -0.1 
480 13 270 -6.4 -1.0 
500 37 270 3.1 -0.0 direction
520 40 256 -2.5 -1.4 
540 42 207 5.8 -3.1 direction
560 115 233 5.0 3.5 
580 199 168 4.2 -2.2 gravity {"x":0,"y":-1}
600 282 182 4.2 3.3 
620 380 215 5.8 -5.3 direction
640 497 234 5.8 -1.2 direction
660 613 239 5.8 -1.2 
680 730 294 5.8 3.1 
700 847 296 5.8 -2.5 
720 963 273 5.8 0.1 
740 1080 217 5.8 -5.4 
760 1197 234 5.8 -1.4 
780 1321 240 7.3 -0.5 
800 1468 173 7.3 -6.0 
