FOUND 975 verified 975 [1,63,120,174,192,247,319,363,408,445,501,562,609,623,682,697,772,780,859,940,945,964]
20 0 39 0.0 1.7 
40 0 14 0.0 -3.9 
60 -3 -46 -0.6 0.6 direction
80 -20 31 -1.3 2.2 
100 -60 18 -2.6 -3.3 
120 -115 -47 -3.1 0.3 direction
140 -179 33 -3.4 1.4 
160 -229 11 -0.2 -2.2 gravity {"x":-1,"y":0}
180 -204 -37 5.2 -2.4 
200 -124 -33 4.7 1.1 direction,direction
220 -100 -11 -2.1 1.1 
240 -207 11 -8.1 1.1 
260 -165 32 3.1 1.1 
280 -176 54 -3.8 1.1 
300 -230 75 -0.2 1.1 
320 -225 97 6.6 1.1 
340 -156 118 0.3 1.1 
360 -220 140 -6.1 1.1 
380 -157 162 1.7 1.1 
400 -194 183 -5.0 1.1 
420 -170 205 3.5 1.1 
440 -174 226 -3.5 1.1 
460 -125 223 2.8 -0.6 direction
480 -128 196 -2.8 -2.0 
500 -232 153 1.2 -2.3 
520 -150 104 1.7 -2.7 
540 -175 36 -3.9 -3.7 
560 -266 -49 -4.8 -4.9 gravity {"x":-1,"y":0}
580 -199 -147 1.9 -4.9 
600 -219 -245 -3.6 -4.9 
620 -171 -343 3.9 -4.9 
640 -104 -284 3.3 2.2 gravity {"x":0,"y":1}
660 -37 -312 3.3 -4.3 
680 30 -384 3.3 -3.4 
700 104 -309 3.3 6.0 
720 170 -248 3.3 0.1 
740 237 -313 3.3 -6.0 
760 304 -365 3.3 -0.2 direction,direction,direction
780 371 -320 3.6 5.1 direction,gravity {"x":1,"y":0}
800 290 -218 -1.4 5.1 
820 321 -117 4.2 5.1 
840 462 -16 9.7 5.1 
860 688 86 -6.7 5.1 
880 613 187 -1.1 5.1 
900 649 233 4.4 -0.6 
920 796 221 10.0 -0.6 
940 1054 207 15.0 -1.2 gravity {"x":0,"y":1}
960 1354 202 15.0 -4.0 gravity {"x":0,"y":1}
