FOUND 675 verified 675 [9,37,93,148,196,244,325,343,398,469,561,572,631]
20 -48 31 0.1 -0.5 direction
40 -32 3 1.1 6.1 
60 -5 67 1.9 0.6 
80 45 20 2.8 -5.0 
100 106 28 3.3 5.0 
120 176 70 4.0 -0.6 
140 228 0 -0.3 -6.1 
160 223 3 -0.1 3.6 
180 232 14 0.7 -2.6 
200 252 -40 1.1 5.8 
220 279 19 1.9 0.3 
240 330 -13 3.0 0.5 
260 397 61 3.4 2.5 
280 473 52 4.0 -3.1 
300 553 -15 4.1 0.4 
320 634 -49 4.1 -4.3 
340 677 -4 0.2 2.8 
360 687 78 0.8 2.2 
380 719 64 2.2 -3.3 
400 764 -2 2.5 6.4 
420 817 67 3.1 0.8 
440 888 26 3.7 -4.7 
460 966 -16 4.1 -0.3 
480 1048 27 4.1 3.9 
500 1130 47 4.1 -1.7 
520 1212 -15 4.1 -1.1 
540 1293 -13 4.1 -0.1 
560 1376 -22 4.1 -1.8 
580 1475 71 5.5 4.7 
600 1584 107 5.5 -0.8 
620 1693 32 5.5 -6.4 
640 1829 5 7.4 4.4 
660 1977 36 7.4 -1.1 
