FOUND 844 verified 844 [17,27,30,38,41,44,104,137,176,255,309,366,399,439,495,530,568,653,671,724,799]
20 -48 3 0.0 6.1 
40 -41 31 1.0 0.3 direction,direction,direction,direction
60 13 126 2.5 2.5 direction
80 78 118 3.7 -3.1 
100 152 -2 3.7 -8.6 
120 228 58 3.9 2.5 
140 224 77 0.0 6.1 
160 230 141 0.9 0.6 
180 255 155 1.3 5.8 
200 286 213 2.1 0.3 
220 340 160 2.9 -5.3 
240 399 -4 2.9 -10.8 
260 470 16 4.0 5.6 
280 550 68 4.1 0.0 
300 614 10 -0.4 -5.6 
320 605 6 -0.4 3.9 
340 612 25 1.0 -1.7 
360 635 -73 1.3 -7.5 
380 662 -56 1.5 3.1 
400 674 -58 -0.4 6.7 
420 669 17 0.3 1.1 
440 686 -7 -1.1 6.7 
460 667 68 -0.5 1.1 
480 671 31 0.8 -4.4 
500 677 -41 -1.4 2.6 
520 664 -47 0.0 -3.0 
540 670 -38 0.4 4.2 
560 690 -13 1.7 -1.4 
580 734 48 2.3 3.6 
600 792 62 3.5 -1.9 
620 863 -13 3.7 0.0 
640 943 -16 4.0 -0.0 
660 1024 16 4.9 2.4 
680 1128 49 5.2 4.4 
700 1233 79 5.2 -1.1 
720 1338 -1 5.2 -6.7 
740 1453 10 6.1 -1.8 
760 1575 -16 6.1 0.1 
780 1696 -16 6.1 -0.0 
800 1818 -36 6.1 6.7 
820 1939 40 6.1 1.1 
840 2061 3 6.1 -4.4 
