FOUND 470 verified 470 [10,22,147,186,239,327,365,398,401,408,446,454]
20 -143 671 0.8 4.2 
40 -126 756 0.8 1.9 
60 -110 736 0.8 -3.6 
80 -93 606 0.8 -9.2 
100 -76 364 0.8 -14.7 
120 -60 11 0.8 -20.3 
140 82 -10 6.6 2.5 
160 214 65 6.6 3.3 
180 173 128 -5.7 1.7 bounce
200 58 200 -5.7 3.1 
220 -56 203 -5.7 -2.5 
240 -172 111 -6.7 6.7 
260 -243 127 3.9 5.3 bounce
280 -184 175 -0.1 -0.2 
300 -186 112 -0.1 -5.8 
320 -188 379 -0.2 20.1 bounce
340 -399 489 -8.2 -8.5 
360 -450 228 -6.8 -13.5 
380 -694 238 -13.0 2.8 
400 -910 254 0.8 6.4 
420 -782 376 11.2 8.7 bounce
440 -558 491 11.2 3.1 
460 -336 587 11.2 5.3 
