FOUND 635 verified 635 [17,76,133,198,254,325,389,437,454,461,463,498,553,609]
20 -36 139 1.9 6.1 
40 1 203 1.9 0.6 
60 39 156 1.9 -5.0 
80 98 77 5.3 5.8 
100 204 136 5.3 0.3 
120 310 83 5.3 -5.3 
140 416 60 5.3 5.0 
160 522 102 5.3 -0.6 
180 628 32 5.3 -6.1 
200 734 31 5.3 6.4 
220 840 100 5.3 0.8 
240 946 59 5.3 -4.7 
260 1052 55 5.3 5.3 
280 1158 102 5.3 -0.3 
300 1264 38 5.3 -5.8 
320 1370 -77 5.3 0.6 
340 1476 -7 5.3 2.8 
360 1581 -16 5.3 -3.4 
380 1687 -86 5.3 -2.0 
400 1793 -58 5.3 3.9 
420 1863 -2 1.6 2.0 
440 1871 26 -0.5 6.1 
460 1899 92 4.1 2.7 
480 2017 171 6.2 1.5 
500 2137 152 5.9 6.4 
520 2255 221 5.9 0.8 
540 2373 194 5.9 0.7 
560 2491 234 5.9 5.0 
580 2609 276 5.9 -0.6 
600 2727 207 5.9 -6.1 
620 2870 229 8.0 3.9 bounce
