FOUND 557 verified 557 [21,97,147,198,261,290,295,297,322,340,360,372,376,377,396,405,409,475,548]
20 -36 115 2.1 -1.9 
40 8 192 2.2 1.7 
60 51 167 2.2 -3.9 
80 98 37 4.9 -4.8 
100 226 42 6.4 6.1 
120 355 106 6.4 0.6 
140 483 59 6.4 -5.0 
160 612 81 6.4 3.3 
180 740 90 6.4 -2.2 
200 868 33 6.4 6.4 
220 997 104 6.4 0.8 
240 1125 63 6.4 -4.7 
260 1254 -77 6.4 0.1 
280 1382 2 6.4 1.7 
300 1510 5 6.4 -0.7 
320 1639 -68 6.4 -6.3 
340 1771 -34 6.8 -2.3 
360 1895 52 1.2 3.9 
380 1956 151 6.7 5.5 
400 2071 168 3.6 -1.7 
420 2168 227 5.5 3.9 
440 2278 246 5.5 -1.7 
460 2389 193 5.5 -0.9 
480 2501 222 5.6 5.6 
500 2613 275 5.6 0.0 
520 2724 217 5.6 -5.6 
540 2860 161 8.0 -0.6 bounce
