FOUND 893 verified 893 [4,70,133,182,227,291,309,359,385,465,502,573,595,614,625,627,637,645,650,662,708,756,841]
20 -248 119 0.0 2.5 
40 -248 110 0.0 -3.1 
60 -248 -9 0.0 -8.6 
80 -197 19 3.0 4.2 
100 -136 44 3.0 -1.4 
120 -75 -42 3.0 -6.9 
140 18 -57 5.4 5.0 
160 126 -15 5.4 -0.6 
180 234 -84 5.4 -6.1 
200 297 -3 3.2 1.9 
220 360 -22 3.2 -3.6 
240 402 21 1.8 3.3 
260 438 29 1.8 -2.2 
280 474 -74 1.8 -7.8 
300 437 -119 -3.0 4.4 
320 421 -30 -0.4 3.9 
340 414 -10 -0.4 -1.7 
360 434 -69 3.2 6.7 
380 499 6 3.2 1.1 
400 538 78 1.5 2.8 
420 568 76 1.5 -2.8 
440 609 2 3.8 0.2 
460 694 -22 4.7 -2.1 
480 799 39 5.4 2.8 
500 906 47 5.4 -0.3 
520 1013 123 5.4 1.9 
540 1120 103 5.4 -3.6 
560 1228 -27 5.4 -9.2 
580 1287 -138 2.2 5.0 
600 1344 -102 4.5 0.5 
620 1435 -92 4.5 5.3 
640 1575 -38 8.1 6.1 
660 1623 14 -3.4 1.1 
680 1618 94 -0.2 1.9 
700 1614 75 -0.2 -3.6 
720 1646 99 2.3 3.6 
740 1693 113 2.3 -1.9 
760 1739 102 2.3 5.8 
780 1786 161 2.3 0.3 
800 1833 108 2.3 -5.3 
820 1912 1 6.9 -2.9 
840 2071 -55 8.4 -3.7 
860 2240 22 8.4 1.7 
880 2408 -3 8.4 -3.9 
