FOUND 788 verified 788 [3,64,122,184,215,250,300,355,406,478,508,514,524,530,541,555,560,565,581,614,736]
20 -248 122 0.0 2.2 
40 -248 108 0.0 -3.3 
60 -248 -17 0.0 -8.9 
80 -212 34 2.0 2.5 
100 -172 26 2.0 -3.1 
120 -124 -64 4.0 -0.9 
140 -42 11 4.1 1.9 
160 40 -8 4.1 -3.6 
180 124 -133 6.3 -1.2 
200 252 -64 6.4 2.5 
220 372 -27 5.2 5.6 
240 476 26 5.2 -0.0 
260 535 67 1.1 4.2 
280 558 92 1.1 -1.4 
300 581 7 2.9 -0.3 
320 640 87 2.9 1.4 
340 699 57 2.9 -4.2 
360 767 -4 4.6 5.6 
380 860 49 4.6 -0.0 
400 953 43 4.6 -1.3 
420 1046 111 4.6 3.1 
440 1139 114 4.6 -2.5 
460 1232 6 4.6 -8.1 
480 1263 -188 1.1 6.4 
500 1286 -119 1.1 0.8 
520 1334 -108 4.5 -1.3 
540 1455 -94 7.3 -1.2 
560 1613 -31 8.9 2.2 
580 1623 4 1.4 -1.4 
600 1650 81 1.4 1.7 
620 1678 113 1.4 5.3 
640 1705 160 1.4 -0.3 
660 1732 97 1.4 -5.8 
680 1780 64 3.2 -0.4 
700 1854 33 4.4 -2.6 
720 1968 -29 7.1 -2.4 
740 2125 -40 8.2 5.8 
760 2289 18 8.2 0.3 
780 2453 -35 8.2 -5.3 
