FOUND 1330 verified 1330 [0,108,157,228,258,302,359,421,460,516,567,610,658,772,820,885,953,968,977,993,1011,1025,1041,1054,1107,1172,1280]
20 -248 129 0.0 1.4 
40 -248 98 0.0 -4.2 
60 -246 -35 2.4 -0.7 
80 -183 -54 3.8 -1.0 
100 -92 -79 5.2 -1.4 
120 21 -30 5.8 3.6 
140 136 -16 5.8 -1.9 
160 243 -64 3.5 6.1 
180 313 -1 3.5 0.6 
200 382 -42 2.0 0.6 
220 423 -77 2.1 -4.1 
240 465 -58 2.1 3.6 
260 504 -27 0.9 6.4 
280 522 42 0.9 0.8 
300 536 15 0.4 1.8 
320 546 98 0.5 1.9 
340 556 78 0.5 -3.6 
360 582 17 2.6 6.7 
380 635 92 2.6 1.1 
400 687 56 2.6 -4.4 
420 753 -44 4.9 -1.7 
440 850 34 2.0 2.2 
460 889 46 2.0 -1.3 
480 928 127 2.0 1.4 
500 967 96 2.0 -4.2 
520 1039 49 4.9 5.8 
540 1138 108 4.9 0.3 
560 1236 55 4.9 -5.3 
580 1310 83 3.2 3.3 
600 1375 91 3.2 -2.2 
620 1424 109 1.6 4.2 
640 1456 134 1.6 -1.4 
660 1484 85 0.5 6.4 
680 1494 155 0.5 0.8 
700 1504 113 0.5 -4.7 
720 1483 75 -1.7 -2.0 
740 1428 57 -3.6 -0.5 
760 1343 35 -4.9 -1.3 
780 1234 63 -5.7 4.7 
800 1120 99 -5.7 -0.8 
820 1009 24 -0.2 -6.4 
840 1004 105 -0.2 1.4 
860 1000 74 -0.2 -4.2 
880 1045 27 3.2 -2.4 
900 1110 81 3.2 2.8 
920 1175 79 3.2 -2.8 
940 1240 -35 3.2 -8.3 
960 1284 -130 1.6 5.0 
980 1350 -103 4.0 6.1 
1000 1457 -73 6.5 0.9 
1020 1587 -33 7.5 0.5 
1040 1653 -18 -0.2 -2.2 
1060 1633 17 0.8 5.3 
1080 1644 74 0.2 0.7 
1100 1628 42 -2.5 -3.2 
1120 1642 80 1.4 3.3 
1140 1671 88 1.4 -2.2 
1160 1699 77 1.4 -0.7 
1180 1727 121 1.4 4.7 
1200 1756 157 1.4 -0.8 
1220 1784 82 1.4 -6.4 
1240 1852 37 4.1 -2.6 
1260 1961 -26 7.0 -2.2 
1280 2115 -66 8.2 -0.5 
1300 2278 14 8.2 1.4 
1320 2441 -16 8.2 -4.2 
