FOUND 458 verified 458 [12,63,160,206,254,305,349,397,425,435,448]
20 -7 94 0.1 4.7 
40 -6 130 0.1 -0.8 
60 -5 55 0.1 -6.4 
80 6 116 0.1 2.2 
100 8 102 0.1 -3.3 
120 9 41 0.1 0.0 
140 18 24 2.0 -0.1 
160 63 11 2.5 -1.4 
180 113 92 2.5 1.4 
200 163 61 2.5 -4.2 
220 264 125 4.9 3.1 
240 363 127 4.9 -2.5 
260 453 99 -0.7 5.3 
280 440 147 -0.7 -0.3 
300 426 83 -0.7 -5.8 
320 472 125 3.4 2.8 
340 539 122 3.4 -2.8 
360 621 151 3.7 3.9 
380 696 171 3.7 -1.7 
400 777 127 4.9 6.1 
420 875 191 4.9 0.6 
440 889 274 0.0 5.6 
