FOUND 449 verified 449 [6,91,145,148,203,260,312,333,396,416,423,438]
20 -8 116 0.0 3.1 
40 -8 119 0.0 -2.5 
60 -7 48 0.2 0.0 
80 12 40 1.6 -0.2 
100 45 84 1.6 4.4 
120 77 114 1.6 -1.1 
140 110 34 1.6 -6.7 
160 106 88 -1.4 3.6 
180 78 102 -1.4 -1.9 
200 53 11 2.0 1.2 
220 97 98 2.1 2.2 
240 139 84 2.1 -3.3 
260 206 57 3.8 -0.1 
280 282 137 3.8 1.4 
300 359 107 3.8 -4.2 
320 462 106 3.4 4.7 
340 529 183 3.4 5.0 
360 597 225 3.4 -0.6 
380 665 156 3.4 -6.1 
400 784 135 6.6 5.8 
420 896 215 1.9 5.8 
440 868 315 -1.9 6.4 
