{"t0":91,"W":700,"TMIN":1000,"ticks":334,"jumps":[91,135,192,202,266,290,316,326]}
{"t0":92,"W":700,"TMIN":1000,"ticks":326,"jumps":[92,165,207,258,281,307,314,319,320]}
{"t0":93,"W":700,"TMIN":1000,"ticks":336,"jumps":[93,137,203,205,206,209,212,213,214,223,277,310,315,318,324]}
{"t0":94,"W":700,"TMIN":1000,"ticks":329,"jumps":[94,141,206,207,209,211,214,223,274,303,315]}
{"t0":95,"W":700,"TMIN":1000,"ticks":318,"jumps":[95,140,204,206,208,210,213,266,289,296,306]}
{"t0":96,"W":700,"TMIN":1000,"ticks":337,"jumps":[96,140,203,205,207,209,212,213,214,226,278,311,318,325]}
{"t0":97,"W":700,"TMIN":1000,"ticks":286,"jumps":[97,138,184,240,244,246,247,248,260,270,279]}
{"t0":98,"W":700,"TMIN":1000,"ticks":288,"jumps":[98,139,186,240,243,245,247,269,282,287]}
{"t0":99,"W":700,"TMIN":1000,"ticks":308,"jumps":[99,140,186,242,245,246,247,248,250,276,302]}
{"t0":100,"W":700,"TMIN":1000,"ticks":310,"jumps":[100,140,189,243,269,290,297]}
{"t0":101,"W":700,"TMIN":1000,"ticks":293,"jumps":[101,207,214,218,220,223,227,247,276,286]}
{"t0":102,"W":700,"TMIN":1000,"ticks":327,"jumps":[102,193,201,203,205,208,211,212,213,218,278,300,306,309,318]}
{"t0":103,"W":700,"TMIN":1000,"ticks":310,"jumps":[103,149,219,222,224,226,227,280,296]}
{"t0":104,"W":700,"TMIN":1000,"ticks":330,"jumps":[104,150,216,219,221,223,224,283,310]}
{"t0":105,"W":700,"TMIN":1000,"ticks":357,"jumps":[105,151,213,218,219,222,225,226,227,234,301,328,337,347]}
{"t0":106,"W":700,"TMIN":1000,"ticks":325,"jumps":[106,153,217,218,220,225,271,298,306,316]}
{"t0":107,"W":700,"TMIN":1000,"ticks":348,"jumps":[107,209,214,218,221,222,223,234,288,321,328,335]}
{"t0":108,"W":700,"TMIN":1000,"ticks":284,"jumps":[108,159,220,223,225,227,228,272,277]}
{"t0":109,"W":700,"TMIN":1000,"ticks":324,"jumps":[109,154,221,223,225,226,227,266,303,309,315]}
{"t0":110,"W":700,"TMIN":1000,"ticks":341,"jumps":[110,157,219,223,225,227,230,231,232,266,306,322]}
{"t0":111,"W":700,"TMIN":1000,"ticks":278,"jumps":[111,160,221,224,226,228,229,269,274]}
{"t0":112,"W":700,"TMIN":1000,"ticks":315,"jumps":[112,183,192,195,197,200,203,206,255,289,296,304]}
{"t0":113,"W":700,"TMIN":1000,"ticks":321,"jumps":[113,200,205,209,212,213,214,216,273,292,298,308]}
{"t0":114,"W":700,"TMIN":1000,"ticks":329,"jumps":[114,191,199,200,202,205,206,207,214,278,298,308,317]}
{"t0":115,"W":700,"TMIN":1000,"ticks":283,"jumps":[115,161,222,226,228,229,272,277]}
{"t0":116,"W":700,"TMIN":1000,"ticks":319,"jumps":[116,133,202,206,207,208,210,212,265,289,302,308]}
{"t0":117,"W":700,"TMIN":1000,"ticks":342,"jumps":[117,127,228,233,235,238,241,282,320,326,333]}
{"t0":118,"W":700,"TMIN":1000,"ticks":360,"jumps":[118,129,136,206,214,221,223,225,227,230,231,232,236,297,319,343,348,352]}
{"t0":119,"W":700,"TMIN":1000,"ticks":330,"jumps":[119,178,182,184,187,188,189,210,269,294,312,314,317,322]}
{"t0":120,"W":700,"TMIN":1000,"ticks":412,"jumps":[120,159,209,257,304,349,384,393,401]}
{"t0":121,"W":700,"TMIN":1000,"ticks":405,"jumps":[121,139,193,258,263,264,265,268,269,270,276,340,368,391]}
{"t0":122,"W":700,"TMIN":1000,"ticks":378,"jumps":[122,140,197,253,309,334,361,369,375]}
{"t0":123,"W":700,"TMIN":1000,"ticks":372,"jumps":[123,160,222,225,226,229,232,233,234,244,305,334,359,362,365]}
{"t0":124,"W":700,"TMIN":1000,"ticks":401,"jumps":[124,153,222,232,234,236,238,241,242,243,249,313,346,382,390]}
{"t0":125,"W":700,"TMIN":1000,"ticks":391,"jumps":[125,159,166,237,242,245,246,247,265,325,348,373,378,383]}
{"t0":126,"W":700,"TMIN":1000,"ticks":336,"jumps":[126,131,203,220,238,246,248,264,269,271,273,275,278,304,326,330]}
{"t0":127,"W":700,"TMIN":1000,"ticks":263,"jumps":[127,142,150,165,170,171,173,175,178,212,245,255]}
{"t0":128,"W":700,"TMIN":1000,"ticks":295,"jumps":[128,135,137,142,152,161,170,172,173,176,179,182,230,256,281,286,290]}
{"t0":129,"W":700,"TMIN":1000,"ticks":302,"jumps":[129,135,146,155,157,159,161,164,166,172,235,261,282,289]}
{"t0":130,"W":700,"TMIN":1000,"ticks":325,"jumps":[130,135,154,159,167,169,171,174,178,181,221,272,288,300,312]}
{"t0":131,"W":700,"TMIN":1000,"ticks":303,"jumps":[131,141,150,159,161,167,171,172,174,177,178,179,180,237,265,286,298]}
{"t0":132,"W":700,"TMIN":1000,"ticks":301,"jumps":[132,137,146,154,157,159,161,164,165,166,179,235,261,286,293,299]}
{"t0":133,"W":700,"TMIN":1000,"ticks":320,"jumps":[133,139,144,154,170,176,177,179,181,184,189,249,277,304,310]}
{"t0":134,"W":700,"TMIN":1000,"ticks":300,"jumps":[134,142,154,165,167,170,173,176,226,256,282,288,293]}
{"t0":135,"W":700,"TMIN":1000,"ticks":308,"jumps":[135,141,146,148,157,164,167,169,171,174,175,176,183,244,266,291,296,301]}
{"t0":136,"W":700,"TMIN":1000,"ticks":314,"jumps":[136,147,156,165,166,173,177,178,180,183,186,206,263,283,290,300]}
{"t0":137,"W":700,"TMIN":1000,"ticks":302,"jumps":[137,143,154,163,166,167,169,172,173,174,175,230,257,284,286,293]}
{"t0":138,"W":700,"TMIN":1000,"ticks":274,"jumps":[138,142,146,161,167,168,171,173,176,180,217,237,259,264,268]}
{"t0":139,"W":700,"TMIN":1000,"ticks":321,"jumps":[139,145,161,170,172,176,177,184,191,253,279,303,314,318]}
{"t0":140,"W":700,"TMIN":1000,"ticks":342,"jumps":[140,149,151,154,164,172,174,176,179,184,186,221,270,305,321]}
{"t0":141,"W":700,"TMIN":1000,"ticks":290,"jumps":[141,146,164,168,169,177,179,182,184,187,191,192,241,245,246,247,248,249,260,270,277,284]}
{"t0":142,"W":700,"TMIN":1000,"ticks":326,"jumps":[142,148,149,155,209,220,275,297,302,305,312]}
{"t0":143,"W":700,"TMIN":1000,"ticks":302,"jumps":[143,148,156,167,176,184,186,188,190,193,198,199,252,272,278,288]}
{"t0":144,"W":700,"TMIN":1000,"ticks":350,"jumps":[144,150,154,229,232,233,236,239,240,241,282,317,322,333]}
{"t0":145,"W":700,"TMIN":1000,"ticks":302,"jumps":[145,151,154,158,160,162,171,178,181,183,185,187,190,195,196,249,274,284,291]}
