{"t0":146,"W":700,"TMIN":1000,"ticks":277,"jumps":[146,156,172,185,196,199,202,203,210,213,215,217,220]}
{"t0":147,"W":700,"TMIN":1000,"ticks":342,"jumps":[147,154,161,214,217,221,222,224,227,228,229,268,305,321]}
{"t0":148,"W":700,"TMIN":1000,"ticks":292,"jumps":[148,158,161,162,163,169,230,255,274,282]}
{"t0":149,"W":700,"TMIN":1000,"ticks":321,"jumps":[149,169,175,179,199,205,209,213,215,216,220,229,232,234,237,260,297,306]}
{"t0":150,"W":700,"TMIN":1000,"ticks":317,"jumps":[150,173,189,202,204,207,210,214,264,284,291,302]}
{"t0":151,"W":700,"TMIN":1000,"ticks":307,"jumps":[151,161,163,165,166,183,187,194,197,199,212,221,222,224,226,229,233,259,286,291,298]}
{"t0":152,"W":700,"TMIN":1000,"ticks":281,"jumps":[152,163,168,179,183,186,189,192,196,224,258,268]}
{"t0":153,"W":700,"TMIN":1000,"ticks":332,"jumps":[153,171,181,184,186,189,195,204,206,209,211,216,279,301,311,320]}
{"t0":154,"W":700,"TMIN":1000,"ticks":308,"jumps":[154,166,169,179,182,188,197,206,209,210,214,237,245,251,256,262,268,276,277,279,282]}
{"t0":155,"W":700,"TMIN":1000,"ticks":null,"jumps":null}
{"t0":156,"W":700,"TMIN":1000,"ticks":null,"jumps":null}
{"t0":157,"W":700,"TMIN":1000,"ticks":299,"jumps":[157,185,202,205,206,209,211,214,218,241,273,286]}
{"t0":158,"W":700,"TMIN":1000,"ticks":null,"jumps":null}
{"t0":159,"W":700,"TMIN":1000,"ticks":null,"jumps":null}
{"t0":160,"W":700,"TMIN":1000,"ticks":null,"jumps":null}
{"t0":161,"W":700,"TMIN":1000,"ticks":null,"jumps":null}
{"t0":162,"W":700,"TMIN":1000,"ticks":null,"jumps":null}
{"t0":163,"W":700,"TMIN":1000,"ticks":null,"jumps":null}
{"t0":164,"W":700,"TMIN":1000,"ticks":null,"jumps":null}
{"t0":165,"W":700,"TMIN":1000,"ticks":null,"jumps":null}
{"t0":166,"W":700,"TMIN":1000,"ticks":null,"jumps":null}
{"t0":167,"W":700,"TMIN":1000,"ticks":null,"jumps":null}
{"t0":168,"W":700,"TMIN":1000,"ticks":null,"jumps":null}
{"t0":169,"W":700,"TMIN":1000,"ticks":null,"jumps":null}
{"t0":170,"W":700,"TMIN":1000,"ticks":null,"jumps":null}
{"t0":171,"W":700,"TMIN":1000,"ticks":null,"jumps":null}
{"t0":172,"W":700,"TMIN":1000,"ticks":null,"jumps":null}
{"t0":173,"W":700,"TMIN":1000,"ticks":null,"jumps":null}
{"t0":174,"W":700,"TMIN":1000,"ticks":null,"jumps":null}
{"t0":175,"W":700,"TMIN":1000,"ticks":null,"jumps":null}
{"t0":176,"W":700,"TMIN":1000,"ticks":null,"jumps":null}
{"t0":177,"W":700,"TMIN":1000,"ticks":null,"jumps":null}
{"t0":178,"W":700,"TMIN":1000,"ticks":null,"jumps":null}
{"t0":179,"W":700,"TMIN":1000,"ticks":null,"jumps":null}
{"t0":180,"W":700,"TMIN":1000,"ticks":null,"jumps":null}
{"t0":181,"W":700,"TMIN":1000,"ticks":null,"jumps":null}
{"t0":182,"W":700,"TMIN":1000,"ticks":null,"jumps":null}
{"t0":183,"W":700,"TMIN":1000,"ticks":null,"jumps":null}
{"t0":184,"W":700,"TMIN":1000,"ticks":null,"jumps":null}
{"t0":185,"W":700,"TMIN":1000,"ticks":null,"jumps":null}
{"t0":186,"W":700,"TMIN":1000,"ticks":null,"jumps":null}
{"t0":187,"W":700,"TMIN":1000,"ticks":null,"jumps":null}
{"t0":188,"W":700,"TMIN":1000,"ticks":null,"jumps":null}
{"t0":189,"W":700,"TMIN":1000,"ticks":null,"jumps":null}
{"t0":190,"W":700,"TMIN":1000,"ticks":null,"jumps":null}
{"t0":191,"W":700,"TMIN":1000,"ticks":null,"jumps":null}
{"t0":192,"W":700,"TMIN":1000,"ticks":null,"jumps":null}
{"t0":193,"W":700,"TMIN":1000,"ticks":null,"jumps":null}
{"t0":194,"W":700,"TMIN":1000,"ticks":null,"jumps":null}
{"t0":195,"W":700,"TMIN":1000,"ticks":null,"jumps":null}
{"t0":196,"W":700,"TMIN":1000,"ticks":null,"jumps":null}
{"t0":197,"W":700,"TMIN":1000,"ticks":null,"jumps":null}
{"t0":198,"W":700,"TMIN":1000,"ticks":null,"jumps":null}
{"t0":199,"W":700,"TMIN":1000,"ticks":null,"jumps":null}
{"t0":200,"W":700,"TMIN":1000,"ticks":null,"jumps":null}
