{"t0":41,"W":800,"TMIN":1000,"ticks":366,"jumps":[41,92,182,194,196,197,204,255,300,337,340,344,355]}
{"t0":42,"W":800,"TMIN":1000,"ticks":343,"jumps":[42,109,179,197,202,204,207,208,209,215,278,302,323,331]}
{"t0":43,"W":800,"TMIN":1000,"ticks":297,"jumps":[43,151,158,161,164,165,166,171,234,258,279,287]}
{"t0":44,"W":800,"TMIN":1000,"ticks":271,"jumps":[44,138,143,144,147,150,151,152,212,214,216,218,219,260,264,268]}
{"t0":45,"W":800,"TMIN":1000,"ticks":292,"jumps":[45,148,151,153,156,159,232,234,236,239,240,241,259,278,282]}
{"t0":46,"W":800,"TMIN":1000,"ticks":338,"jumps":[46,163,169,172,175,177,237,239,241,244,246,287,316,321,324,329]}
{"t0":47,"W":800,"TMIN":1000,"ticks":264,"jumps":[47,100,156,173,181,183,186,190,216,243,248,254]}
{"t0":48,"W":800,"TMIN":1000,"ticks":280,"jumps":[48,104,163,172,176,181,183,189,192,195,196,197,220,256,271]}
{"t0":49,"W":800,"TMIN":1000,"ticks":237,"jumps":[49,104,161,169,171,174,176,179,205,227,230]}
{"t0":50,"W":800,"TMIN":1000,"ticks":294,"jumps":[50,138,143,145,148,151,203,239,262,283]}
{"t0":51,"W":800,"TMIN":1000,"ticks":287,"jumps":[51,140,143,144,147,150,153,214,242,270,279]}
{"t0":52,"W":800,"TMIN":1000,"ticks":342,"jumps":[52,168,177,179,181,183,186,187,189,233,286,308,320,329]}
{"t0":53,"W":800,"TMIN":1000,"ticks":317,"jumps":[53,151,157,158,160,163,164,166,220,270,290,297,300,307]}
{"t0":54,"W":800,"TMIN":1000,"ticks":305,"jumps":[54,107,163,189,195,196,199,201,204,208,211,252,278,285,292]}
{"t0":55,"W":800,"TMIN":1000,"ticks":316,"jumps":[55,157,161,174,178,180,183,186,187,193,254,278,299,309]}
{"t0":56,"W":800,"TMIN":1000,"ticks":300,"jumps":[56,151,154,155,159,162,163,164,177,236,259,282,286,291]}
{"t0":57,"W":800,"TMIN":1000,"ticks":300,"jumps":[57,149,152,153,156,159,160,161,172,233,257,283,293,295,297]}
{"t0":58,"W":800,"TMIN":1000,"ticks":298,"jumps":[58,156,159,162,165,166,167,174,236,258,279,288]}
{"t0":59,"W":800,"TMIN":1000,"ticks":303,"jumps":[59,115,154,210,255,276,281,284,293]}
{"t0":60,"W":800,"TMIN":1000,"ticks":307,"jumps":[60,114,166,232,234,235,237,239,273,300,302]}
{"t0":61,"W":800,"TMIN":1000,"ticks":329,"jumps":[61,115,196,203,204,206,209,210,211,216,278,300,308,316]}
{"t0":62,"W":800,"TMIN":1000,"ticks":294,"jumps":[62,116,162,219,223,225,227,260,288]}
{"t0":63,"W":800,"TMIN":1000,"ticks":305,"jumps":[63,150,153,156,159,160,161,177,241,266,287,297]}
{"t0":64,"W":800,"TMIN":1000,"ticks":330,"jumps":[64,121,175,222,228,275,299,306,315]}
{"t0":65,"W":800,"TMIN":1000,"ticks":320,"jumps":[65,150,156,159,162,163,164,217,270,292,297,301,309]}
{"t0":66,"W":800,"TMIN":1000,"ticks":302,"jumps":[66,150,154,155,158,162,165,234,267,290]}
{"t0":67,"W":800,"TMIN":1000,"ticks":339,"jumps":[67,143,223,228,231,234,237,284,312,318,326]}
{"t0":68,"W":800,"TMIN":1000,"ticks":357,"jumps":[68,143,188,239,248,299,325,332,343]}
{"t0":69,"W":800,"TMIN":1000,"ticks":322,"jumps":[69,178,185,189,192,195,259,262,264,267,268,269,292,313,316,318]}
{"t0":70,"W":800,"TMIN":1000,"ticks":335,"jumps":[70,153,170,174,177,180,181,182,196,255,281,314,320,326]}
{"t0":71,"W":800,"TMIN":1000,"ticks":335,"jumps":[71,170,188,194,195,196,199,200,201,209,271,297,321,329,333]}
{"t0":72,"W":800,"TMIN":1000,"ticks":328,"jumps":[72,156,160,168,171,178,180,182,185,188,191,243,251,286,312]}
{"t0":73,"W":800,"TMIN":1000,"ticks":314,"jumps":[73,156,162,165,166,167,183,246,271,297,304,308]}
{"t0":74,"W":800,"TMIN":1000,"ticks":357,"jumps":[74,143,226,232,234,237,238,239,245,307,327,334,344]}
{"t0":75,"W":800,"TMIN":1000,"ticks":336,"jumps":[75,142,199,206,268,301,322,326]}
{"t0":76,"W":800,"TMIN":1000,"ticks":330,"jumps":[76,136,183,230,273,304,310,317]}
{"t0":77,"W":800,"TMIN":1000,"ticks":336,"jumps":[77,150,153,154,157,158,159,207,224,279,303,312,322]}
{"t0":78,"W":800,"TMIN":1000,"ticks":270,"jumps":[78,158,168,170,172,175,179,180,225,230,232,234,235,253,254,258,261]}
{"t0":79,"W":800,"TMIN":1000,"ticks":307,"jumps":[79,157,162,170,173,175,177,180,181,182,186,247,267,290,297,300]}
{"t0":80,"W":800,"TMIN":1000,"ticks":332,"jumps":[80,143,157,163,169,171,173,174,177,181,184,228,278,300,309,319]}
{"t0":81,"W":800,"TMIN":1000,"ticks":335,"jumps":[81,157,166,172,180,188,190,192,194,197,198,199,215,270,295,316,327]}
{"t0":82,"W":800,"TMIN":1000,"ticks":386,"jumps":[82,203,209,212,213,220,274,330,356,364,373]}
{"t0":83,"W":800,"TMIN":1000,"ticks":355,"jumps":[83,206,212,213,216,219,220,221,234,293,314,337,348]}
{"t0":84,"W":800,"TMIN":1000,"ticks":376,"jumps":[84,152,227,231,236,238,240,242,245,246,247,252,312,337,358,366]}
{"t0":85,"W":800,"TMIN":1000,"ticks":396,"jumps":[85,212,217,218,225,291,294,296,299,300,301,342,371,376,379,385]}
{"t0":86,"W":800,"TMIN":1000,"ticks":361,"jumps":[86,152,227,230,231,232,235,236,237,246,295,330,344]}
{"t0":87,"W":800,"TMIN":1000,"ticks":364,"jumps":[87,188,193,196,199,202,203,204,205,258,296,327,350]}
{"t0":88,"W":800,"TMIN":1000,"ticks":336,"jumps":[88,190,194,197,200,201,202,216,272,296,318,329]}
{"t0":89,"W":800,"TMIN":1000,"ticks":null,"jumps":null}
{"t0":90,"W":800,"TMIN":1000,"ticks":340,"jumps":[90,133,211,220,222,224,226,229,230,232,288,308,314,326]}
