{"t0":0,"W":800,"TMIN":1000,"ticks":286,"jumps":[0,68,121,173,194,202,206,208,211,215,238,264,270,276]}
{"t0":1,"W":800,"TMIN":1000,"ticks":306,"jumps":[1,66,156,162,164,167,168,169,173,239,265,286,296]}
{"t0":2,"W":800,"TMIN":1000,"ticks":282,"jumps":[2,69,139,143,164,173,184,192,194,197,198,202,203,231,254,261,270]}
{"t0":3,"W":800,"TMIN":1000,"ticks":283,"jumps":[3,105,149,208,211,213,215,247,277]}
{"t0":4,"W":800,"TMIN":1000,"ticks":322,"jumps":[4,69,127,177,220,270,285,296,307]}
{"t0":5,"W":800,"TMIN":1000,"ticks":272,"jumps":[5,71,141,159,164,168,169,171,173,176,180,214,235,257,265]}
{"t0":6,"W":800,"TMIN":1000,"ticks":284,"jumps":[6,106,189,193,197,198,200,202,205,209,234,264,270,275]}
{"t0":7,"W":800,"TMIN":1000,"ticks":269,"jumps":[7,106,147,209,212,214,216,217,257,263]}
{"t0":8,"W":800,"TMIN":1000,"ticks":279,"jumps":[8,103,150,213,215,217,219,220,266,272]}
{"t0":9,"W":800,"TMIN":1000,"ticks":270,"jumps":[9,100,142,207,210,212,214,215,258,262,266]}
{"t0":10,"W":800,"TMIN":1000,"ticks":285,"jumps":[10,60,143,146,164,179,182,185,186,202,208,209,218,219,220,222,227,249,275,279]}
{"t0":11,"W":800,"TMIN":1000,"ticks":279,"jumps":[11,61,150,153,154,156,159,160,161,222,224,226,228,229,268,272,276]}
{"t0":12,"W":800,"TMIN":1000,"ticks":291,"jumps":[12,62,151,169,177,180,183,184,185,188,189,191,237,259,269,280]}
{"t0":13,"W":800,"TMIN":1000,"ticks":312,"jumps":[13,63,132,194,198,200,202,205,257,279,288,299]}
{"t0":14,"W":800,"TMIN":1000,"ticks":276,"jumps":[14,64,146,150,168,183,186,197,204,205,208,210,213,217,231,254,260,267]}
{"t0":15,"W":800,"TMIN":1000,"ticks":279,"jumps":[15,65,154,175,183,187,199,209,210,212,214,217,221,235,261,271]}
{"t0":16,"W":800,"TMIN":1000,"ticks":300,"jumps":[16,66,164,167,170,173,176,179,232,263,289,294]}
{"t0":17,"W":800,"TMIN":1000,"ticks":323,"jumps":[17,67,136,196,255,286,308,317]}
{"t0":18,"W":800,"TMIN":1000,"ticks":319,"jumps":[18,68,175,182,185,186,187,192,255,279,300,308]}
{"t0":19,"W":800,"TMIN":1000,"ticks":323,"jumps":[19,69,171,174,176,179,180,181,186,248,271,302,311]}
{"t0":20,"W":800,"TMIN":1000,"ticks":322,"jumps":[20,70,172,174,178,181,182,183,196,252,285,306,312]}
