FOUND 602 verified 602 [4,75,129,193,195,222,278,324,382,439,464,589,599]
20 -8 121 0.0 2.5 
40 -8 113 0.0 -3.1 
60 -7 48 0.2 0.0 
80 13 75 1.4 5.6 
100 41 127 1.4 0.0 
120 70 69 1.4 -5.6 
140 141 67 5.0 3.9 
160 241 87 5.0 -1.7 
180 302 25 0.3 0.1 
200 306 46 -2.4 2.6 
220 259 39 -2.4 -3.0 
240 289 110 2.0 1.9 
260 329 90 2.0 -3.6 
280 370 97 2.1 6.4 
300 412 167 2.1 0.8 
320 455 125 2.1 -4.7 
340 498 179 2.1 2.5 
360 541 171 2.1 -3.1 
380 591 86 3.5 -2.4 
400 662 158 3.5 1.9 
420 733 139 3.5 -3.6 
440 804 107 3.5 6.7 
460 875 182 3.5 1.1 
480 887 257 0.0 2.5 
500 887 249 0.0 -3.1 
520 887 129 0.0 -8.6 
540 887 -101 0.0 -14.2 
560 887 86 0.0 11.3 bounce
580 887 253 0.0 5.7 
600 887 353 -0.0 6.7 
