FOUND 442 verified 442 [3,67,119,172,217,263,313,421,431]
20 -8 124 0.0 2.2 
40 -8 110 0.0 -3.3 
60 -7 48 0.3 0.0 
80 7 113 0.8 3.3 
100 22 121 0.8 -2.2 
120 37 40 0.8 6.7 
140 53 115 0.8 1.1 
160 68 79 0.8 -4.4 
180 106 63 2.9 4.7 
200 164 99 2.9 -0.8 
220 223 66 2.9 6.1 
240 281 130 2.9 0.6 
260 340 83 2.9 -5.0 
280 431 153 4.7 2.2 
300 526 139 4.7 -3.3 
320 621 132 4.8 5.0 
340 716 173 4.8 -0.6 
360 811 104 4.8 -6.1 
380 894 -48 0.1 -9.9 
400 896 44 0.1 12.7 bounce
420 899 240 0.1 7.1 
440 857 351 -2.1 4.4 
