FOUND 544 verified 544 [0,68,121,175,196,216,231,244,252,261,267,271,278,288,292,293,300,324,372,421,476,504,508,525]
20 -8 129 0.0 1.4 
40 -8 98 0.0 -4.2 
60 -6 48 0.4 -0.0 
80 13 108 1.1 3.6 
100 34 122 1.1 -1.9 
120 56 25 1.1 -7.5 
140 153 97 5.0 1.7 
160 252 72 5.0 -3.9 
180 363 25 6.0 -1.2 
200 444 -38 4.0 5.8 
220 495 -37 2.0 5.8 
240 552 40 -0.9 -0.4 
260 555 37 -1.4 -1.0 
280 523 53 -0.2 -1.0 
300 497 36 -1.9 -2.3 
320 440 58 -1.0 1.1 
340 428 134 -0.6 2.5 
360 417 125 -0.6 -3.1 
380 434 115 2.7 4.7 
400 489 151 2.7 -0.8 
420 545 91 4.1 2.0 
440 627 175 4.1 1.7 
460 708 150 4.1 -3.9 
480 794 130 4.4 5.8 
500 883 189 4.4 0.3 
520 876 274 -2.1 3.6 
540 833 358 -2.1 2.8 
