FOUND 465 verified 465 [31,50,117,131,183,253,307,383,401]
20 -30 -11 1.1 -1.3 
40 9 35 2.1 4.4 
60 52 118 2.1 4.2 
80 95 143 2.1 -1.4 
100 138 57 2.1 -6.9 
120 198 -48 4.7 6.1 
140 292 51 4.7 4.4 
160 386 82 4.7 -1.1 
180 480 1 4.7 -6.7 
200 574 63 4.7 2.2 
220 668 49 4.7 -3.3 
240 762 -13 4.7 0.3 
260 842 28 2.8 5.4 
280 899 78 2.8 -0.2 
300 956 16 2.8 -5.7 
320 1013 33 2.8 3.3 
340 1069 42 2.8 -2.2 
360 1131 -59 4.5 -6.8 
380 1237 -244 6.6 -11.1 
400 1375 -248 6.9 -2.6 
420 1500 -185 3.9 -2.9 
440 1529 -303 0.3 -8.5 
460 1524 -531 -0.0 -14.0 
