FOUND 545 verified 545 [1,57,89,155,219,255,313,376,474,506,510]
20 -32 119 0.0 1.7 
40 -32 94 0.0 -3.9 
60 -24 9 2.1 6.1 
80 18 73 2.1 0.6 
100 61 124 2.1 3.9 
120 104 143 2.1 -1.7 
140 146 51 2.1 -7.2 
160 201 -36 3.4 5.6 
180 269 17 3.4 -0.0 
200 337 -41 3.4 -5.6 
220 401 -80 2.7 6.7 bounce
240 455 3 2.7 1.1 
260 509 17 2.7 5.6 
280 563 70 2.7 0.0 
300 617 12 2.7 -5.6 
320 671 28 2.7 5.0 
340 725 70 2.7 -0.6 
360 779 0 2.7 -6.1 
380 833 12 2.7 5.8 
400 887 71 2.7 0.3 
420 941 18 2.7 -5.3 
440 1025 -113 4.8 -8.5 
460 1122 -342 4.8 -14.1 
480 1219 -532 4.8 5.3 
500 1315 -485 4.8 -0.3 
520 1386 -488 4.0 -0.8 
540 1467 -563 4.0 -6.4 
