FOUND 442 verified 442 [2,56,115,172,253,333,390]
20 -74 99 0.0 1.9 
40 -74 79 0.0 -3.6 
60 -73 45 0.2 5.8 
80 -68 103 0.2 0.3 
100 -63 50 0.2 -5.3 
120 -27 41 2.6 5.6 
140 25 94 2.6 0.0 
160 76 35 2.6 -5.6 
180 128 1 2.6 4.7 
200 179 37 2.6 -0.8 
220 231 -38 2.6 -6.4 
240 285 -67 3.0 -3.4 
260 301 -96 -0.4 5.0 
280 292 -54 -0.4 -0.6 
300 284 -124 -0.4 -6.1 
320 298 -237 -0.8 -7.9 
340 281 -324 -0.8 5.0 
360 265 -282 -0.8 -0.6 
380 287 -331 1.9 -4.6 
400 324 -338 1.9 4.2 
420 362 -313 1.9 -1.4 
440 399 -347 1.9 -0.5 
