FOUND 458 verified 458 [4,68,126,178,199,277,315,327,335,351,356,361,431]
20 -74 93 0.0 2.5 
40 -74 85 0.0 -3.1 
60 -71 22 0.6 0.1 
80 -53 81 0.9 3.6 
100 -34 94 0.9 -1.9 
120 -16 -3 0.9 -7.5 
140 71 45 4.5 3.1 
160 160 48 4.5 -2.5 
180 250 -31 4.5 6.4 
200 340 -28 4.5 6.7 
220 430 47 4.5 1.1 
240 520 11 4.5 -4.4 
260 560 -136 -0.8 -10.0 
280 435 -242 -10.2 6.1 
300 255 -245 -7.9 -5.8 
320 102 -251 -7.3 5.6 
340 78 -132 0.7 5.6 
360 103 -83 3.1 5.8 
380 165 -125 3.1 -5.0 
400 227 -284 3.1 -10.6 
420 289 -303 3.1 -2.8 
440 351 -302 3.1 4.4 
