FOUND 474 verified 474 [4,89,154,189,248,334,378,433,447]
20 -74 93 0.0 2.5 
40 -74 85 0.0 -3.1 
60 -71 22 0.6 0.1 
80 -46 13 1.8 -1.0 
100 5 61 2.7 3.9 
120 58 80 2.7 -1.7 
140 112 -12 2.7 -7.2 
160 165 -7 2.7 5.3 
180 219 40 2.7 -0.3 
200 272 95 2.7 3.9 
220 326 115 2.7 -1.7 
240 379 23 2.7 -7.2 
260 432 19 2.7 3.6 
280 486 33 2.7 -1.9 
300 539 -65 2.7 -7.5 
320 517 -248 -8.9 -6.2 
340 315 -223 -9.8 5.3 
360 119 -243 -9.8 -4.6 
380 142 -267 3.8 6.4 
400 218 -198 3.8 0.8 
420 276 -258 2.3 -6.2 
440 322 -324 2.3 5.0 
460 368 -314 2.3 -3.0 
