FOUND 453 verified 453 [33,94,152,164,175,243,327,382,400,406,412,424]
20 -68 18 0.8 -0.2 
40 -39 54 1.7 5.0 
60 -4 96 1.7 -0.6 
80 31 26 1.7 -6.1 
100 87 -5 3.7 5.3 
120 161 43 3.7 -0.3 
140 234 -21 3.7 -5.8 
160 307 -4 3.7 4.7 
180 381 11 3.7 5.6 
200 454 63 3.7 -0.0 
220 528 5 3.7 -5.6 
240 563 -164 -0.4 -11.1 
260 511 -123 -2.9 2.2 
280 453 -137 -2.9 -3.3 
300 396 -260 -2.9 0.0 
320 339 -262 -2.9 -0.1 
340 281 -200 -2.9 3.3 
360 292 -212 1.2 -3.4 
380 315 -337 1.2 -8.9 
400 339 -304 1.2 -1.8 
420 363 -304 1.2 -1.9 
440 386 -324 1.2 -3.7 
