1 457 [4,68,126,178,199,277,315,327,335,351,352,361,431]
18 414 [4,68,126,178,199,312,315,327,335,351,352,359,428,430]
48 412 [4,68,126,178,199,312,314,315,324,327,335,351,352,356,430]
119 407 [4,68,129,178,199,312,313,321,327,333,335,336,348,352,355,360]
153 406 [4,62,129,178,199,202,312,313,321,327,331,332,352,356]
230 402 [4,5,62,129,177,178,195,196,204,310,313,321,327]
236 395 [4,5,62,129,177,178,191,196,203,308,313,317,327]
291 392 [4,62,63,129,133,177,190,308,311]
308 388 [4,61,63,67,129,132,133,177,187,308,311]
343 385 [4,61,129,170,177,192,308]
687 381 [1,64,77,129,169,173,178,229,306]
826 379 [1,64,129,132,169,172,192,299]
1908 378 [4,64,128,129,170,175,176,180,301,303,304]
3831 377 [1,64,65,128,167,301]
3847 376 [1,64,71,128,165,301]
3866 375 [1,64,71,128,165,298]
4060 374 [1,64,75,128,130,131,138,148,165,175,178,180,297,298]
5428 372 [1,6,62,64,128,165,295,298,299]
5443 370 [1,7,62,128,165,167,295,299]
final 370 13867 [1,62,68,69,73,128,130,165,169,295,299]
