1 99479 [4,89,154,189,334,378,433,447]
3 517 [4,89,154,193,378,433]
9 484 [4,89,156,193,378]
13 481 [4,89,159,193,378]
16 475 [4,89,155,193]
17 415 [93,155,193]
45 410 [97,155,189,190]
48 406 [97,154,182,190]
56 370 [98,154,182]
83 362 [98,143,166]
86 360 [96,143,166]
140 354 [96,102,136,145]
142 353 [101,102,136,144]
144 350 [101,102,132,142]
146 349 [99,101,132,142]
151 347 [97,98,129,132,148]
154 346 [100,101,126,138,146]
168 344 [103,126,138,140,147,154]
182 341 [98,126,140,145,153]
198 338 [98,122,134,155]
315 337 [98,109,112]
327 336 [94,111,112,113]
402 331 [94,118]
566 329 [94,118,119,123,126]
675 322 [91,101,115,124,126]
1046 319 [91,94,101,114,122,126]
4758 315 [91,101,107,110,115,123,125,126]
final 315 12940 [91,101,107,110,115,123,125,127,129,130]
