1 99567 [2,56,115,172,253,340,390]
2 99507 [2,56,172,253,340,390]
6 99157 [2,56,172,252,253,340,390]
11 490 [2,56,59,172,244,253,340,390]
26 486 [2,56,68,172,244,251,340,389,390]
52 485 [2,56,172,174,244,248,250,340,384]
74 484 [2,56,172,174,243,246,248,252,384]
79 479 [2,56,172,174,243,246,252,376]
125 475 [2,56,171,172,176,244,246,376]
134 468 [2,52,170,172,178,245,368]
135 464 [2,52,172,178,245]
138 463 [2,52,171,172,245]
143 461 [2,51,52,171,172,243]
152 433 [2,52,53,171,172]
153 427 [2,48,53,171,173]
157 415 [0,48,53,170,173]
160 410 [0,9,48,56,170,177]
163 402 [6,57,170,177]
186 398 [5,60,168,171]
189 383 [5,69,163,168]
195 382 [5,67,159,171]
218 368 [5,67,159,173]
277 367 [5,9,11,67,159,160,161,171,173]
1495 365 [5,67,154,155,171,173]
3810 364 [5,67,157,159,170,173]
5460 362 [5,68,158,169,173]
7389 361 [2,5,10,68,158,170]
7602 360 [2,34,40,68,83,156,167,170]
7639 358 [1,33,40,42,68,83,85,156,167,170]
final 358 11121 [1,20,68,70,76,156,157,167,170]
