1 99287 [4,62,118,173,185,215,292,329]
2 99285 [2,62,114,173,185,215,292,329]
3 711 [1,2,62,114,173,185,215,292,329]
10 437 [1,2,62,114,173,185,215,295,329]
14 431 [1,62,114,174,185,215,295,329,331]
20 428 [1,62,114,177,185,215,329,335,340]
86 427 [1,62,114,117,185,215,221,328,329,338,339,345]
102 425 [1,62,63,114,117,185,212,215,328,345,346]
141 424 [1,62,114,191,204,213,328,345]
152 423 [1,114,191,204,213,324,345]
157 419 [1,114,191,204,213,322,345]
169 418 [1,114,119,191,213,214,322,323,343]
199 417 [1,118,121,191,213,215,219,322,339]
204 415 [1,4,118,121,191,212,213,218,323,339]
1029 411 [2,118,191,214,215,313]
1034 253 [2,215,224,313]
1035 251 [2,217,224]
1037 250 [1,224]
1047 249 [0,218]
final 249 11179 [0,218,221]
