FOUND 1238 verified 1238 [17,68,123,137,208,253,302,350,398,427,487,524,570,651,697,711,716,818,874,923,976,1019,1069,1095,1118,1127,1143,1146,1160,1165,1168,1174,1191,1199,1213,1218,1219,1220,1233,1237]
20 2 -5 0.3 6.1 direction
40 14 59 1.2 0.6 
60 51 12 2.2 -5.0 
80 98 38 2.4 3.6 
100 159 52 3.7 -1.9 
120 233 -46 3.7 -7.5 
140 259 18 -0.1 6.1 
160 262 82 0.7 0.6 
180 290 35 1.7 -5.0 
200 333 8 2.8 -0.9 
220 399 66 3.4 3.6 
240 474 80 4.0 -1.9 
260 555 83 4.0 5.0 
280 636 125 4.0 -0.6 
300 717 72 4.0 -1.7 
320 802 151 4.0 1.9 
340 883 132 4.0 -3.6 
360 967 156 4.3 4.2 
380 1054 181 4.3 -1.4 
400 1140 150 4.3 6.4 
420 1160 220 -0.3 0.9 direction,direction
440 1145 283 -0.9 3.3 
460 1112 291 -2.3 -2.2 
480 1060 189 -2.6 -7.8 
500 989 201 -4.0 3.3 
520 908 209 -4.1 -2.2 
540 827 276 -4.1 2.5 
560 746 267 -4.1 -3.1 
580 665 287 -4.1 4.2 
600 584 312 -4.1 -1.4 
620 527 268 -0.4 0.6 
640 503 267 -1.8 0.1 
660 455 317 -2.7 4.4 
680 394 348 -3.6 -1.1 
700 318 317 -3.9 6.1 
720 222 386 -6.1 5.8 
740 99 444 -6.1 0.3 
760 -23 395 -6.1 0.1 direction
780 -12 392 2.3 -0.9 direction
800 47 382 3.6 -2.4 
820 121 342 4.0 6.4 
840 201 411 4.0 0.8 
860 273 393 2.2 0.7 
880 329 427 3.2 5.3 
900 396 474 3.8 -0.3 
920 475 427 4.0 -0.1 
940 556 502 4.0 2.2 
960 636 488 4.0 -3.3 
980 717 480 4.1 5.8 
1000 799 538 4.1 0.3 
1020 882 497 5.4 6.7 
1040 990 572 5.4 1.1 
1060 1097 536 5.4 -4.4 
1080 1153 581 -1.1 3.9 direction,direction
1100 1119 637 -2.1 5.6 
1120 1070 697 -2.9 6.4 
1140 1074 799 1.0 2.8 
1160 1081 889 -0.5 3.1 direction
1180 1076 1004 0.8 5.3 direction,direction
1200 1084 1096 0.3 6.7 direction
1220 1066 1186 1.7 3.0 direction
