FOUND 491 verified 491 [7,17,18,38,92,146,198,248,249,299,349,412,490]
20 -79 32 0.3 -0.3 direction,direction
40 -61 -3 1.2 6.4 
60 -32 67 1.9 0.8 
80 20 25 2.9 -4.7 
100 83 34 3.3 4.7 
120 153 70 4.0 -0.8 
140 234 -5 4.0 -6.4 
160 314 53 4.0 3.1 
180 395 56 4.0 -2.5 
200 475 -1 4.0 6.4 
220 556 68 4.0 0.8 
240 636 27 4.0 -4.7 
260 704 51 2.9 3.9 
280 770 70 3.9 -1.7 
300 848 -7 4.0 6.7 
320 927 68 4.0 1.1 
340 1008 32 4.0 -4.4 
360 1088 45 4.0 3.9 
380 1169 64 4.0 -1.7 
400 1249 -13 4.0 0.3 
420 1330 32 4.0 4.7 
440 1410 69 4.0 -0.8 
460 1491 1 4.0 1.0 
480 1571 3 4.0 0.0 
