FOUND 462 verified 462 [5,17,21,29,41,103,158,215,270,321,390,402]
20 -79 31 0.4 -0.5 direction,direction
40 -41 77 2.7 3.3 direction,direction
60 15 159 3.0 1.7 
80 87 134 3.8 -3.9 
100 164 -2 3.8 -9.4 
120 242 60 3.9 2.2 
140 322 46 4.0 -3.3 
160 403 0 4.0 6.4 
180 483 70 4.0 0.8 
200 563 28 4.0 -4.7 
220 644 17 4.0 5.6 
240 724 70 4.0 0.0 
260 804 12 4.0 -5.6 
280 885 41 4.0 4.2 
300 965 66 4.0 -1.4 
320 1046 -14 4.0 0.2 
340 1126 66 4.0 1.7 
360 1206 41 4.0 -3.9 
380 1287 -13 4.0 0.0 
400 1367 41 4.0 4.2 
420 1447 126 4.0 1.9 
440 1528 107 4.0 -3.6 
460 1608 3 4.0 -0.1 
