FOUND 472 verified 472 [2,13,19,20,43,96,146,217,269,336,386,416]
20 -77 31 0.6 -0.1 direction,direction,direction
40 -51 -13 1.7 -0.0 
60 -10 63 2.3 2.2 
80 50 49 3.4 -3.3 
100 120 9 3.7 5.8 
120 195 68 4.0 0.3 
140 276 15 4.0 -5.3 
160 356 53 4.0 3.1 
180 437 56 4.0 -2.5 
200 518 -14 4.0 0.1 
220 598 3 4.0 6.1 
240 679 67 4.0 0.6 
260 759 20 4.0 -5.0 
280 840 46 4.0 3.9 
300 920 65 4.0 -1.7 
320 1001 -13 4.0 0.1 
340 1081 10 4.0 5.8 
360 1162 69 4.0 0.3 
380 1243 16 4.0 -5.3 
400 1323 52 4.0 3.1 
420 1404 88 4.0 5.8 
440 1484 147 4.0 0.3 
460 1565 94 4.0 -5.3 
