FOUND 476 verified 476 [3,18,38,88,138,189,240,298,360,412,422]
20 -78 30 0.6 -0.4 direction,direction
40 -53 -2 1.7 6.4 
60 -16 67 2.4 0.8 
80 43 26 3.2 -4.7 
100 108 47 3.3 3.6 
120 181 60 4.0 -1.9 
140 262 -2 4.0 6.4 
160 342 67 4.0 0.8 
180 423 26 4.0 -4.7 
200 503 43 4.0 3.9 
220 584 63 4.0 -1.7 
240 664 -15 4.0 0.2 
260 745 66 4.0 1.4 
280 825 35 4.0 -4.2 
300 906 0 4.0 6.4 
320 987 70 4.0 0.8 
340 1067 28 4.0 -4.7 
360 1148 -15 4.0 -0.7 
380 1228 65 4.0 1.4 
400 1309 35 4.0 -4.2 
420 1389 33 4.0 4.7 
440 1470 119 4.0 1.9 
460 1550 100 4.0 -3.6 
