FOUND 499 verified 499 [28,40,41,65,126,176,228,314,369,433,443,498]
20 -80 -16 0.0 0.0 
40 -80 30 0.2 -0.8 direction
60 -62 -15 1.3 -5.0 
80 -29 55 1.9 2.8 
100 23 52 3.2 -2.8 
120 89 -12 3.6 -0.2 
140 168 56 4.0 3.1 
160 249 59 4.0 -2.5 
180 329 11 4.0 5.8 
200 410 69 4.0 0.3 
220 490 16 4.0 -5.3 
240 571 47 4.0 3.6 
260 651 61 4.0 -1.9 
280 732 -13 4.0 0.3 
300 812 -15 4.0 0.1 
320 893 20 4.0 5.3 
340 974 67 4.0 -0.3 
360 1054 4 4.0 -5.8 
380 1135 45 4.0 3.9 
400 1215 65 4.0 -1.7 
420 1296 -14 4.0 -1.0 
440 1376 28 4.0 5.0 
460 1457 117 4.0 2.2 
480 1537 103 4.0 -3.3 
