FOUND 475 verified 475 [23,41,45,49,117,166,214,283,334,406]
20 -80 -16 0.0 0.0 
40 -78 22 0.6 -2.2 direction
60 -8 99 4.4 3.9 direction,direction
80 81 118 4.4 -1.7 
100 169 26 4.4 -7.2 
120 257 4 4.4 6.1 
140 345 68 4.4 0.6 
160 433 20 4.4 -5.0 
180 521 53 4.4 3.1 
200 609 55 4.4 -2.5 
220 676 27 1.1 5.3 
240 705 74 2.0 -0.3 
260 757 10 2.7 -5.8 
280 821 -13 3.9 -0.1 
300 902 62 4.1 2.2 
320 983 48 4.1 -3.3 
340 1065 20 4.1 5.3 
360 1146 67 4.1 -0.3 
380 1227 4 4.1 -5.8 
400 1309 -15 4.1 -1.0 
420 1390 54 4.1 3.1 
440 1471 57 4.1 -2.5 
460 1552 3 4.1 -0.5 
