FOUND 472 verified 472 [0,10,16,17,39,90,140,216,275,326,376,412]
20 -75 30 0.8 -0.5 direction,direction,direction
40 -47 -7 1.9 6.7 
60 -7 68 2.4 1.1 
80 54 32 3.3 -4.4 
100 123 39 3.5 4.2 
120 198 64 4.0 -1.4 
140 278 -15 4.0 1.2 
160 359 65 4.0 1.4 
180 439 35 4.0 -4.2 
200 520 -13 4.0 0.0 
220 600 11 4.0 5.8 
240 681 70 4.0 0.3 
260 761 17 4.0 -5.3 
280 842 17 4.0 5.6 
300 923 70 4.0 0.0 
320 1003 12 4.0 -5.6 
340 1084 53 4.0 3.1 
360 1164 56 4.0 -2.5 
380 1245 9 4.0 5.8 
400 1325 67 4.0 0.3 
420 1406 95 4.0 4.7 
440 1486 131 4.0 -0.8 
460 1567 56 4.0 -6.4 
