FOUND 473 verified 473 [2,14,16,30,87,145,222,271,333,384,415]
20 -77 31 0.6 -0.8 direction,direction,direction
40 -52 61 1.4 4.2 
60 -12 86 2.7 -1.4 
80 47 0 3.0 -6.9 
100 112 52 3.4 3.3 
120 186 61 4.0 -2.2 
140 266 -14 4.0 -0.8 
160 347 57 4.0 2.8 
180 428 55 4.0 -2.8 
200 509 -14 4.0 0.1 
220 590 -15 4.0 0.2 
240 671 62 4.0 1.9 
260 752 43 4.0 -3.6 
280 833 36 4.0 4.4 
300 914 66 4.0 -1.1 
320 995 -14 4.0 -1.1 
340 1076 27 4.0 5.0 
360 1157 69 4.0 -0.6 
380 1238 -0 4.0 -6.1 
400 1319 59 4.0 2.5 
420 1400 94 4.0 5.6 
440 1481 146 4.0 0.0 
460 1562 88 4.0 -5.6 
