FOUND 480 verified 480 [16,35,78,128,178,231,290,345,410,421]
20 -80 9 0.0 5.8 
40 -72 29 1.0 -0.7 direction,direction
60 -40 -15 2.1 0.2 
80 16 -3 3.4 6.4 
100 85 67 3.7 0.8 
120 165 25 4.0 -4.7 
140 245 47 4.0 3.6 
160 326 61 4.0 -1.9 
180 406 -2 4.0 6.4 
200 487 68 4.0 0.8 
220 568 26 4.0 -4.7 
240 648 36 4.0 4.4 
260 729 66 4.0 -1.1 
280 809 -14 4.0 -6.7 
300 890 41 4.0 4.2 
320 970 66 4.0 -1.4 
340 1051 -13 4.0 -0.1 
360 1131 56 4.0 2.8 
380 1212 53 4.0 -2.8 
400 1293 -13 4.0 -0.1 
420 1373 41 4.0 4.2 
440 1454 124 4.0 1.7 
460 1534 99 4.0 -3.9 
480 1613 4 0.8 0.3 
