FOUND 474 verified 474 [3,20,38,100,168,229,282,335,403,416]
20 -78 22 0.6 -2.2 direction
40 -54 0 1.6 6.4 direction
60 -18 70 2.3 0.8 
80 40 28 3.1 -4.7 
100 108 -14 4.0 -0.4 
120 188 67 4.0 1.4 
140 269 36 4.0 -4.2 
160 349 -15 4.0 -1.2 
180 430 48 4.0 3.6 
200 510 62 4.0 -1.9 
220 591 -13 4.0 0.0 
240 671 45 4.0 3.9 
260 752 64 4.0 -1.7 
280 833 -13 4.0 0.1 
300 913 65 4.0 1.9 
320 994 45 4.0 -3.6 
340 1074 18 4.0 5.6 
360 1155 70 4.0 0.0 
380 1235 12 4.0 -5.6 
400 1316 -13 4.0 0.0 
420 1396 77 4.0 5.8 
440 1477 135 4.0 0.3 
460 1558 83 4.0 -5.3 
