FOUND 474 verified 474 [4,15,20,23,31,34,102,150,204,269,329,378,416]
20 -78 30 0.5 -1.1 direction,direction
40 -38 76 4.0 5.3 direction,direction
60 42 124 4.1 -0.3 
80 123 60 4.1 -5.8 
100 204 -14 4.1 -0.2 
120 285 63 4.1 1.9 
140 367 43 4.1 -3.6 
160 421 46 1.4 4.2 
180 460 71 2.6 -1.4 
200 519 -13 3.0 0.2 
220 585 60 3.3 2.5 
240 661 52 4.0 -3.1 
260 741 -13 4.0 0.4 
280 822 43 4.0 3.9 
300 902 63 4.0 -1.7 
320 982 -15 4.0 1.1 
340 1063 44 4.0 3.9 
360 1143 63 4.0 -1.7 
380 1227 1 4.1 6.4 
400 1310 71 4.1 0.8 
420 1392 71 4.1 5.8 
440 1475 129 4.1 0.3 
460 1557 77 4.1 -5.3 
