1 594 [7,17,18,38,92,146,198,248,249,299,347,414,490]
4 593 [7,17,18,38,92,146,192,241,248,299,347,414,490]
9 483 [7,17,18,38,92,146,192,239,248,302,351,414,490]
12 477 [4,7,17,18,38,92,146,192,239,298,351,414,490]
13 476 [4,7,17,18,38,96,146,192,239,298,351,414,490]
23 475 [4,7,15,18,38,96,146,149,188,239,298,351,416,490]
41 474 [4,5,15,18,37,96,145,153,154,189,239,295,357,416,490]
86 472 [4,7,15,18,33,94,98,146,151,237,239,293,355,357,416]
317 470 [3,5,15,18,33,93,149,154,231,293,348,411,425]
318 469 [3,5,15,18,33,91,93,149,154,231,233,293,348,411,425]
365 468 [3,15,18,33,35,96,100,149,158,231,232,291,348,351,412,424]
576 467 [3,15,18,33,97,109,148,206,221,290,336,339,409,419]
2592 466 [3,16,18,21,35,68,71,145,213,230,272,347,348,374,380,385,395,397]
2595 464 [2,16,18,21,22,33,68,145,212,232,270,272,347,349,374,380,385,395,397]
2610 462 [1,13,15,18,21,22,24,28,33,67,69,145,212,235,269,273,282,344,347,374,379,385,395,397,398]
2936 461 [1,13,15,19,67,141,142,146,205,275,278,343,405]
3074 460 [1,6,11,14,17,19,67,128,142,144,202,278,284,341,346,352,402,404]
3086 458 [1,3,11,14,18,19,67,140,142,202,278,284,342,352,402,404]
3107 457 [1,3,11,14,18,19,67,137,142,200,275,283,342,404,405]
3477 456 [1,12,14,16,19,65,66,143,195,278,340,346,395]
3552 455 [1,12,14,16,19,72,141,195,278,339,344,389]
4384 451 [1,3,6,11,14,17,20,26,66,75,85,127,205,263,265,321,377]
4407 441 [0,1,3,6,11,14,17,20,26,70,83,85,123,200,260,261,315,387]
4424 438 [0,1,3,6,11,14,16,20,26,67,81,83,85,119,200,261,315,384]
4454 437 [0,12,14,16,20,26,69,75,78,89,119,187,261,314,386]
4496 436 [0,10,12,16,20,26,29,63,78,118,185,261,316,376]
4513 435 [0,10,12,16,20,26,29,63,118,185,261,319,376]
4524 434 [0,12,16,20,26,29,62,116,184,185,261,319,376]
4570 428 [2,12,16,20,26,29,35,67,116,198,257,313,372,375]
4644 427 [2,14,16,20,26,36,39,65,68,73,104,107,114,115,188,258,309,372,379]
4707 424 [2,14,20,26,33,56,57,71,106,107,113,118,188,255,309,372,386,388]
4784 422 [2,4,13,20,26,31,59,63,64,75,107,108,119,186,193,254,311,314,369,391]
4922 418 [2,7,13,18,26,31,32,125,187,241,307,313,361]
4927 417 [2,3,13,18,26,31,32,121,187,241,307,313,367]
5079 413 [2,4,5,10,13,22,26,30,132,188,248,254,302,309,314,316,364,365,369]
5134 412 [2,4,5,12,22,23,26,31,127,186,241,243,247,305,356]
5169 411 [2,4,12,22,23,26,31,35,127,178,247,257,305,355]
5280 410 [0,12,22,26,33,35,130,188,192,194,245,249,261,264,302,319,358]
5292 409 [4,12,22,26,31,40,130,188,189,194,244,249,264,265,301,323,358]
5677 404 [4,26,32,97,138,187,242,299,301,353]
6515 401 [7,8,11,27,28,32,35,97,99,183,184,190,191,232,233,236,296,352]
6531 399 [7,10,28,29,32,34,36,97,101,183,184,189,192,193,232,235,296,352]
7019 395 [7,28,33,51,126,180,189,220,223,232,286,294,295,343,348]
7023 394 [7,28,33,51,126,180,189,220,232,286,291,294,344,348]
7063 391 [7,28,34,47,48,126,179,186,189,221,223,233,286,290,346]
final 391 18180 [7,12,28,34,48,53,118,168,233,235,286,332,343]
