1 499 [28,40,41,65,126,176,231,232,314,369,433,443,498]
213 496 [26,28,72,121,123,124,166,176,177,178,185,238,240,302,305,310,314,316,369,442]
437 495 [23,26,34,69,79,120,121,175,187,228,293,369,425]
441 494 [23,25,34,68,69,79,120,121,175,187,228,293,369,427,430]
469 489 [23,30,35,83,120,174,187,227,287,369,431]
472 488 [23,24,35,83,111,174,187,227,283,369,431]
482 487 [23,26,35,86,174,187,224,283,286,368,433]
488 485 [23,24,25,90,178,186,227,283,368,433]
575 484 [23,30,96,180,184,185,189,190,226,231,281,282,361,365,366,425]
581 482 [21,30,96,180,186,189,190,226,231,281,282,361,365,425]
614 480 [19,21,100,172,185,187,190,192,226,227,234,285,365,371,419]
725 479 [17,27,28,104,175,179,183,184,225,233,292,360,362,418,420]
736 478 [16,27,28,103,175,177,183,184,225,237,291,360,362,418,419,425]
750 476 [16,27,29,30,32,103,175,187,199,223,237,288,360,362,419,428]
759 475 [16,27,29,30,32,104,175,200,238,288,356,362,419,428]
788 474 [16,27,29,32,101,171,174,200,237,288,355,420,427]
1036 473 [15,25,27,29,95,174,196,200,207,226,291,356,409,411,412]
1170 471 [13,25,27,29,89,171,195,197,227,280,353,413]
1368 469 [11,23,25,27,94,152,154,167,200,201,202,209,280,347,410,411,416]
1426 468 [11,18,19,23,25,26,87,160,167,231,291,348,351,411,417]
1429 467 [11,18,23,25,26,87,160,167,233,291,348,351,411,417]
2086 466 [6,18,23,28,77,95,164,225,230,282,287,293,348,395,397,400]
2099 463 [6,18,21,28,77,97,164,165,225,282,288,293,348,395,397,401]
2124 462 [6,18,21,28,77,164,223,282,289,293,344,351,398,403]
2822 459 [2,18,21,85,155,160,161,166,217,279,282,334,390,392,395,400,404]
2825 458 [2,18,21,85,160,161,164,166,217,279,282,334,390,392,395,400,404]
4109 457 [2,3,18,24,76,81,86,136,210,213,218,222,265,269,341,345,401,403]
4177 452 [2,5,6,7,18,25,77,86,140,210,218,220,265,333,341,342,398,401]
4190 451 [2,6,7,8,18,25,77,86,136,213,215,224,262,265,333,341,347,398]
4503 450 [2,4,18,28,74,129,208,261,264,265,329,352,354,397,403,406]
4582 448 [2,6,18,29,35,64,133,210,216,252,259,269,270,322,361,366,395]
4643 447 [2,9,18,29,37,131,210,216,222,264,320,361,393]
4832 446 [1,20,25,47,133,205,259,261,328,389]
4837 443 [2,20,27,47,129,204,259,260,328,386,389]
5172 439 [2,5,16,24,28,71,86,140,190,191,248,303,315,373]
5177 432 [4,5,16,25,28,71,84,140,190,191,245,306,315,373]
5185 431 [4,5,16,25,28,71,84,140,187,191,241,302,314,373]
5313 350 [2,16,25,28,31,34,72,90,140,178,190,232,242,297,299,303]
5324 349 [2,16,25,28,32,35,72,90,140,182,190,232,243,244,301,303]
final 349 21841 [3,4,16,25,28,92,101,137,146,199,210,249,254,301]
