1 473 [2,13,19,20,43,96,150,217,269,336,386,416]
2 472 [2,13,19,20,43,98,150,220,269,336,386,416]
30 471 [2,13,16,43,98,153,220,272,340,341,386,419]
180 470 [2,15,20,47,50,98,153,206,208,282,347,407,411,413]
988 469 [0,10,13,14,44,95,101,113,160,213,216,281,294,331,342,343,345,415,416]
990 468 [0,10,13,14,44,95,101,113,164,213,216,281,294,331,342,343,345,415,416]
1040 467 [0,10,14,15,44,95,101,164,211,212,216,274,297,331,334,344,348,415,416]
1093 466 [0,8,12,14,15,16,42,91,95,96,158,161,162,216,271,274,277,297,333,335,337,338,342,346,414,420]
1189 465 [0,5,6,12,15,20,42,44,95,96,97,98,159,212,261,270,272,321,338,411]
1646 464 [0,6,14,16,18,30,60,148,149,213,218,227,261,264,267,347,398]
1712 462 [0,14,19,20,24,32,68,146,197,241,259,262,344,401]
1723 461 [0,14,19,20,21,32,68,72,146,202,237,239,256,262,344,401]
1741 460 [0,6,11,19,20,25,70,72,146,201,202,242,259,262,344,400]
1812 459 [0,8,11,13,19,70,145,193,206,261,262,344,400,401]
1882 458 [0,11,14,19,70,72,145,165,169,172,174,208,273,342,344,398]
1886 457 [0,11,14,16,70,72,145,167,169,172,174,208,280,342,344,398]
2190 456 [0,11,14,16,17,80,128,131,161,164,214,226,274,336,404]
2383 455 [0,8,11,13,15,18,77,156,218,220,277,327,397,398,401,404]
2662 454 [0,2,10,13,15,18,84,86,153,210,269,340,402]
3261 453 [0,11,13,15,18,25,79,94,148,216,217,266,269,270,276,281,284,335,344,347,353,354,386]
4361 451 [0,11,19,21,27,81,125,140,201,202,255,317,396]
4421 450 [0,11,19,21,24,27,74,130,133,202,205,254,322,398]
4636 444 [0,11,15,21,26,71,129,195,198,208,256,320,388,389]
4646 443 [0,11,15,21,26,29,72,129,195,198,206,256,318,387,389]
4705 442 [0,7,12,15,21,25,61,123,196,256,320,386]
4816 441 [1,4,12,15,21,25,56,57,116,197,250,317,389]
4822 440 [1,4,12,15,20,25,56,116,197,250,317,389]
4958 438 [1,12,14,20,25,64,126,194,197,201,244,317,384,388,392]
4965 437 [1,11,14,20,25,64,126,191,197,201,244,317,384,388,392]
5116 434 [1,5,11,13,20,25,57,59,123,183,190,196,248,314,383]
5354 433 [2,3,13,20,25,69,71,131,133,164,165,188,194,197,199,237,238,241,313,319,326,377]
5362 432 [2,3,13,20,25,66,68,74,131,133,160,165,189,194,197,199,237,238,241,316,326,377]
5383 429 [2,13,22,25,64,65,78,131,137,160,165,189,199,200,237,238,241,316,377]
5483 428 [1,13,22,25,66,126,135,174,175,181,243,316,360,369,372,375]
5662 423 [1,3,13,19,25,62,136,138,139,180,187,239,251,310,352,355,356,371]
5933 422 [1,12,19,25,61,130,136,182,243,244,246,307,343,345,361,367,370]
5935 421 [1,12,19,25,61,130,136,182,183,243,244,246,307,343,345,359,361,367,370]
5978 410 [1,9,19,25,55,129,182,187,231,244,304,359,367,375]
6159 406 [1,23,25,50,51,55,130,132,173,181,231,301,355,360]
7099 405 [1,4,19,24,53,120,182,235,282,283,284,293,350]
7106 404 [1,4,19,24,51,124,182,235,282,283,284,293,350]
9087 388 [1,2,22,24,27,32,35,105,168,224,285,336]
9420 385 [1,5,9,22,23,28,35,58,97,160,228,286,288,289,330,338]
11776 367 [1,19,23,28,32,36,40,42,43,45,54,92,151,203,208,255,257,322,323,324]
12046 366 [1,19,23,29,92,144,206,260,261,266,317]
13726 359 [1,4,7,19,23,28,92,143,144,167,183,208,244,249,264,267,315,320,322]
13750 358 [1,4,7,19,23,28,92,143,144,183,186,200,206,236,241,250,264,271,314]
13766 355 [1,7,19,23,28,92,143,144,186,200,206,236,241,250,264,311,314]
14020 354 [1,6,19,23,28,30,36,92,143,192,204,246,301,307]
final 354 22719 [1,19,23,28,92,143,193,199,202,254,274,275,307]
