2 472 [0,10,16,17,39,90,140,216,277,326,376,412]
68 471 [0,14,19,20,41,92,145,215,279,329,373,417]
85 470 [0,14,17,20,38,94,140,143,146,212,278,329,363,417]
122 468 [0,14,18,20,35,94,96,140,148,149,159,211,273,334,415,416]
130 467 [2,14,18,20,35,94,96,139,140,149,157,159,211,270,334,411,416]
211 466 [1,17,20,35,94,156,219,272,274,327,402,409]
471 465 [1,17,20,35,96,149,220,271,317,320,321,322,323,394,400,401,404]
668 459 [1,18,20,35,47,96,97,148,222,272,324,393]
682 457 [1,18,20,35,47,96,97,148,223,225,273,275,324,393]
1334 456 [1,18,47,86,96,104,114,145,223,226,244,245,266,273,275,322,324,388]
1705 453 [1,18,47,53,96,98,145,213,269,277,324,328,393]
13598 450 [0,19,26,47,94,96,108,112,146,204,212,221,269,325,327,330,394]
13604 449 [0,19,26,50,94,96,98,108,112,146,201,212,221,269,323,325,330,394]
13650 448 [0,19,20,26,52,102,144,212,219,221,271,274,326,330,394]
13886 444 [0,17,25,54,55,56,144,151,193,206,208,210,213,263,322,325,331,336,392]
13926 442 [0,18,25,59,142,150,193,204,210,266,273,322,336,389]
13930 441 [0,18,25,59,142,150,193,204,219,262,273,322,334,389]
14204 439 [0,18,22,25,59,74,130,197,216,251,307,308,312,376,380]
14217 437 [0,18,22,59,74,130,197,216,247,308,312,376,380]
14283 434 [0,18,22,40,130,197,214,216,219,247,312,379]
14363 433 [0,18,19,22,40,44,130,132,190,211,215,219,223,246,304,381,384]
15151 423 [18,22,40,47,50,130,132,185,234,235,311,317,376]
16261 421 [16,23,38,75,135,196,257,311,373]
16743 419 [16,34,39,70,139,141,142,151,188,194,240,305,314,316,355]
17041 417 [12,34,41,79,80,86,131,185,235,311,338,340,345,366]
17455 415 [10,32,34,53,137,143,198,250,307,364,369]
17486 414 [11,29,34,50,137,138,198,248,306,315,364,370]
18050 403 [9,12,29,34,68,130,183,245,247,298,303,306,348]
18156 401 [9,30,31,34,69,121,185,235,241,250,292,304,305,307,351]
18335 393 [9,30,31,36,39,121,173,237,240,294,345]
final 393 23359 [9,30,36,38,46,106,115,162,228,286,292,348]
