1 473 [2,14,16,30,87,145,222,271,333,384,415,417]
3 466 [2,13,14,18,30,87,145,147,222,271,333,384,415,417]
13 464 [2,11,13,18,30,87,89,145,147,222,271,333,384,425]
36 463 [1,6,19,83,89,144,145,222,271,330,333,383,387,418]
40 462 [1,16,83,89,143,144,222,271,326,333,383,392,418]
102 461 [0,2,16,83,142,218,222,263,268,328,382]
140 460 [0,14,82,136,138,219,268,270,332,382]
161 459 [0,11,14,82,132,142,219,268,271,333,383]
333 458 [0,11,14,17,81,131,215,269,337,381,385,394]
359 457 [0,11,15,20,78,130,209,272,337,394]
390 456 [0,12,15,78,130,131,222,280,334,393]
864 455 [0,10,12,15,18,70,83,105,109,123,126,139,145,152,217,273,326,385]
1458 454 [0,10,13,15,18,72,137,196,263,323,324,341,381]
1484 450 [0,10,13,15,24,72,137,196,263,323,328,341,380]
1510 449 [0,10,13,15,24,64,67,133,202,263,329,340,341,376,380]
1529 446 [0,10,13,15,22,24,64,66,125,202,267,329,343,380]
1530 445 [0,10,13,15,17,22,24,60,68,125,202,267,329,343,380]
2373 444 [0,10,13,19,26,67,127,207,258,310,327,337,339,392]
2560 436 [0,7,8,10,13,19,24,26,34,39,123,180,250,322,339,343,385]
2736 434 [1,2,3,11,13,19,24,30,32,34,121,186,188,237,238,310,334,336,340,341,382]
2842 431 [1,6,12,19,24,28,29,32,125,176,219,232,300,308,313,378]
2872 428 [1,2,7,12,18,24,30,33,125,128,129,176,231,233,296,304,313,374]
2876 425 [1,2,7,9,18,24,30,125,128,129,176,231,233,300,304,313,374,375]
3259 410 [0,1,18,24,27,28,39,109,114,169,190,199,226,284,300,333,373]
3266 409 [0,1,18,24,28,30,109,114,169,190,226,281,300,333]
3309 393 [0,3,4,6,20,24,27,30,110,176,205,226,279,333]
3311 392 [0,3,4,6,20,24,26,27,110,176,205,226,279,333]
8221 373 [0,20,26,28,99,103,106,110,153,165,222,223,275,278,327,332]
8298 372 [0,20,21,26,31,99,107,108,111,113,116,153,169,172,222,232,275,327,329,331]
8303 370 [0,20,21,26,31,99,107,108,111,113,116,153,169,177,222,232,275,325,329,331]
final 370 24258 [0,20,21,26,31,34,99,132,153,202,203,205,211,216,218,235,252,316]
