FOUND 449 verified 449 [4,21,25,28,32,92,142,196,250,302,357,393]
20 -78 24 0.5 -1.9 direction
40 -29 78 3.8 4.7 direction,direction,direction
60 49 114 4.0 -0.8 
80 129 39 4.0 -6.4 
100 210 34 4.0 4.7 
120 290 70 4.0 -0.8 
140 371 -5 4.0 -6.4 
160 451 63 4.0 1.9 
180 532 43 4.0 -3.6 
200 612 9 4.0 5.8 
220 693 68 4.0 0.3 
240 773 15 4.0 -5.3 
260 854 42 4.0 4.2 
280 934 67 4.0 -1.4 
300 1014 -14 4.0 -0.0 
320 1095 64 4.0 1.9 
340 1175 45 4.0 -3.6 
360 1256 7 4.0 6.1 
380 1336 71 4.0 0.6 
400 1417 94 4.0 5.0 
420 1497 135 4.0 -0.6 
440 1578 66 4.0 -6.1 
