FOUND 475 verified 475 [0,9,29,90,148,207,270,330,380,425]
20 -75 17 0.8 -2.7 direction
40 -53 43 1.2 3.9 
60 -16 63 2.5 -1.7 
80 40 -15 2.9 0.2 
100 110 40 3.7 4.2 
120 186 65 4.0 -1.4 
140 267 -14 4.0 0.0 
160 347 49 4.0 3.6 
180 428 63 4.0 -1.9 
200 508 -13 4.0 0.1 
220 589 52 4.0 3.3 
240 670 60 4.0 -2.2 
260 750 -15 4.0 0.8 
280 831 39 4.0 4.2 
300 911 64 4.0 -1.4 
320 992 -15 4.0 1.2 
340 1072 42 4.0 4.2 
360 1153 67 4.0 -1.4 
380 1233 -14 4.0 0.1 
400 1314 66 4.0 1.4 
420 1395 36 4.0 -4.2 
440 1475 81 4.0 2.8 
460 1556 79 4.0 -2.8 
