FOUND 474 verified 474 [0,34,84,135,225,281,332,420]
20 -75 14 0.8 -3.0 direction
40 -51 20 1.5 5.3 
60 -13 67 2.5 -0.3 
80 47 3 3.1 -5.8 
100 112 59 3.3 2.5 
120 188 50 4.0 -3.1 
140 269 16 4.0 5.6 
160 349 69 4.0 0.0 
180 430 10 4.0 -5.6 
200 513 -13 4.0 0.0 
220 593 -16 4.0 0.2 
240 674 56 4.0 2.8 
260 755 53 4.0 -2.8 
280 835 -14 4.0 0.0 
300 916 65 4.0 1.7 
320 996 40 4.0 -3.9 
340 1077 32 4.0 4.7 
360 1157 68 4.0 -0.8 
380 1238 -7 4.0 -6.4 
400 1318 -15 4.0 0.1 
420 1399 -16 4.0 0.0 
440 1480 65 4.0 1.4 
460 1560 34 4.0 -4.2 
