FOUND 469 verified 469 [2,12,14,17,21,32,90,145,200,274,325,371,414]
20 -77 31 0.7 -0.5 direction,direction,direction,direction
40 -51 60 1.6 4.7 direction
60 -9 96 2.7 -0.8 
80 53 21 3.2 -6.4 
100 121 42 3.6 4.2 
120 197 67 4.0 -1.4 
140 277 -14 4.0 0.1 
160 357 57 4.0 2.8 
180 437 54 4.0 -2.8 
200 518 -13 4.0 0.1 
220 598 68 4.0 1.4 
240 678 38 4.0 -4.2 
260 758 -13 4.0 0.2 
280 838 20 4.0 5.3 
300 919 67 4.0 -0.3 
320 999 3 4.0 -5.8 
340 1079 58 4.0 2.8 
360 1159 56 4.0 -2.8 
380 1242 57 4.2 4.4 
400 1326 88 4.2 -1.1 
420 1410 79 4.2 5.3 
440 1494 126 4.2 -0.3 
460 1578 62 4.2 -5.8 
