FOUND 472 verified 472 [3,18,22,35,95,145,205,272,327,402,413]
20 -78 30 0.6 -0.4 direction,direction
40 -53 34 1.7 5.6 direction
60 -13 87 2.6 0.0 
80 49 29 3.2 -5.6 
100 118 18 3.8 5.6 
120 195 71 4.0 0.0 
140 276 12 4.0 -5.6 
160 356 56 4.0 2.8 
180 437 54 4.0 -2.8 
200 517 -14 4.0 -0.6 
220 598 57 4.0 2.8 
240 678 55 4.0 -2.8 
260 759 -14 4.0 0.0 
280 840 30 4.0 4.7 
300 920 66 4.0 -0.8 
320 1001 -9 4.0 -6.4 
340 1081 52 4.0 3.3 
360 1162 61 4.0 -2.2 
380 1242 -15 4.0 1.0 
400 1323 -14 4.0 -0.0 
420 1403 85 4.0 5.0 
440 1484 127 4.0 -0.6 
460 1565 57 4.0 -6.1 
