1 99630 [2,12,14,17,21,90,145,200,274,325,371,414]
2 99541 [2,12,14,17,21,90,146,200,274,325,371,414]
3 99472 [2,10,14,17,22,87,146,200,274,325,371,414]
5 524 [2,6,14,17,22,85,146,200,278,325,371,414]
172 467 [6,11,17,22,85,146,200,276,278,325,371,414]
246 465 [4,19,24,87,162,213,276,277,278,324,328,410,411,413]
254 464 [4,19,87,158,210,275,277,278,323,331,412,413]
314 461 [0,19,77,83,85,158,198,211,269,278,322,408,415]
2295 460 [0,15,74,81,127,219,273,325,390,394,397,403,404]
2601 457 [0,2,12,15,73,134,198,267,276,317,319,393]
2625 456 [0,12,15,74,128,200,204,268,284,319,320,393]
4007 455 [0,3,16,22,68,69,77,78,144,216,271,335,399]
4293 454 [0,4,5,16,20,22,80,140,201,204,272,276,323,400,402,417,426]
5150 450 [0,1,16,23,66,72,130,196,263,318,319,321,397]
5172 449 [0,16,23,65,68,129,196,268,318,319,322,397]
5319 448 [0,16,26,73,129,136,203,207,268,269,270,273,283,317,321,322,393,396,403]
5430 447 [0,20,27,73,76,130,134,208,270,273,284,287,321,392,400,402,407]
5565 445 [3,20,27,57,136,204,258,259,260,263,313,317,390]
5653 441 [4,18,26,51,139,203,256,262,318,389]
5933 438 [4,6,18,25,26,65,69,138,197,252,284,319,383]
6075 433 [3,18,25,26,56,66,67,73,74,134,137,202,206,221,256,300,308,382,388]
6358 430 [5,9,15,25,28,30,31,73,134,200,256,306,377,378,379]
6375 429 [4,15,25,28,30,73,134,201,204,256,306,376,377,378,379]
6414 424 [4,15,22,28,30,73,127,197,208,251,303,306,374,379]
6880 413 [4,22,28,59,121,193,227,236,250,303,359]
6985 409 [4,26,28,60,130,133,181,240,296,302,356]
7036 408 [2,7,22,28,54,58,134,139,185,233,235,291,299,359]
7056 407 [2,7,22,28,52,53,134,138,141,185,188,236,288,303,359]
7939 401 [3,16,22,24,28,58,122,125,180,234,295,297,311,353,354,356]
12633 398 [3,13,22,27,37,114,173,229,231,279,348,366]
12741 392 [2,13,22,27,35,117,121,158,161,173,225,227,229,232,238,281,345]
13104 391 [1,3,12,22,27,29,102,118,119,161,183,212,234,281,338]
13214 388 [1,22,27,29,107,120,157,220,270,272,337,338,340]
13370 385 [1,22,24,28,30,110,148,159,205,210,212,260,261,268,336,345,359,365,368]
final 385 29272 [1,7,22,28,30,98,158,161,186,189,191,192,215,220,223,227,269,322,324]
