FOUND 1087 verified 1087 [7,102,132,201,239,242,289,370,378,386,411,428,436,437,479,490,508,518,522,525,530,536,543,558,571,574,582,586,589,594,597,630,658,665,706,723,765,794,803,807,811,812,828,862,867,885,894,926,932,950,955,973,981,986,987,1015,1030,1041,1048,1066]
20 -264 105 0.0 3.3 
40 -264 114 0.0 -2.2 
60 -264 11 0.0 -7.8 resize 16,resize 32
80 -225 -30 3.6 -3.0 direction,resize 16,direction
100 -148 -48 4.0 -0.4 
120 -68 30 4.0 1.9 
140 -30 77 0.0 4.7 
160 -19 113 1.2 -0.8 
180 15 39 -0.9 -4.8 
200 -50 -48 -5.0 0.2 
220 -150 31 -5.0 1.7 
240 -249 17 -5.0 6.7 resize 32,resize 16
260 -348 107 -5.0 1.9 
280 -448 88 -5.0 -3.6 
300 -461 101 0.9 3.9 
320 -430 120 2.2 -1.7 
340 -378 28 2.6 -7.2 
360 -326 -109 2.9 0.5 
380 -256 -83 3.6 -0.4 
400 -177 -102 4.0 -3.1 
420 -114 -85 -1.0 -0.8 
440 -121 -84 0.2 -0.5 
460 -103 -111 1.6 0.0 
480 -57 -105 3.0 6.7 
500 5 -104 2.9 -3.8 
520 17 -80 0.5 -1.3 
540 42 -82 1.9 -0.8 
560 94 -94 3.0 6.4 
580 143 -86 0.4 -1.3 
600 139 -81 0.3 -0.5 
620 160 -112 1.6 0.1 
640 205 -87 2.8 -1.4 
660 271 -96 3.8 6.4 
680 350 -109 4.0 0.1 
700 430 -111 4.0 0.1 
720 510 -96 4.0 -2.5 
740 590 -104 4.0 -3.5 
760 670 -111 4.0 -0.1 
780 750 -99 4.0 -2.8 
800 786 -81 0.5 0.0 
820 810 -90 1.9 -2.0 
840 858 -90 2.8 -1.9 
860 924 -110 3.9 -0.6 
880 1004 -105 4.0 -3.1 
900 1085 -89 4.0 -1.4 
920 1165 -111 4.0 -0.5 
940 1246 -88 4.0 -1.6 
960 1326 -83 4.0 -0.5 
980 1407 -81 4.0 -1.3 
1000 1436 -106 0.9 -3.1 
1020 1470 -80 2.1 5.6 
1040 1515 14 2.8 3.4 
1060 1536 119 -0.1 3.6 
1080 1538 94 -0.7 -4.3 
