FOUND 815 verified 815 [32,58,65,73,82,85,90,100,112,115,143,206,267,320,367,413,461,509,557,624,673,739,758,762,778,793,812]
20 -31 -65 2.8 -2.8 
40 39 -67 3.6 4.7 
60 68 -53 0.5 6.4 
80 -10 28 -0.1 0.1 
100 71 113 0.4 4.2 
120 120 209 5.7 3.9 
140 233 230 5.7 -1.6 
160 346 299 5.7 2.2 
180 460 285 5.7 -3.3 
200 576 183 6.6 -1.3 
220 591 238 0.2 3.1 direction
240 610 241 1.6 -2.5 
260 659 194 2.8 -4.5 
280 719 234 3.0 3.3 
300 789 242 3.9 -2.2 
320 868 171 3.9 0.5 
340 948 252 4.0 1.4 
360 1028 222 4.0 -4.2 
380 1108 269 4.0 3.3 
400 1188 277 4.0 -2.2 
420 1268 274 4.0 5.0 
440 1348 316 4.0 -0.6 
460 1428 267 4.0 0.1 
480 1508 346 4.0 1.7 
500 1588 321 4.0 -3.9 
520 1665 354 3.8 3.9 
540 1743 374 4.0 -1.7 
560 1796 339 -0.4 6.1 
580 1793 403 0.4 0.6 
600 1815 355 1.5 -5.0 
620 1856 323 2.8 -1.4 
640 1919 388 3.2 2.5 
660 1994 380 3.9 -3.1 
680 2075 399 4.1 5.0 
700 2157 441 4.1 -0.6 
720 2239 399 4.1 -1.3 
740 2321 328 4.1 6.7 
760 2403 397 4.1 -0.4 
780 2522 393 6.3 6.4 
800 2656 450 7.6 2.2 
