FOUND 1105 verified 1105 [17,58,111,132,152,164,220,272,322,377,443,493,554,607,660,717,775,821,862,913,968,1020,1041,1045,1062]
20 -31 -38 2.4 6.1 
40 16 26 2.4 0.6 
60 47 10 -1.6 6.4 
80 14 80 -1.6 0.8 
100 1 58 1.1 -2.0 
120 46 79 2.3 4.4 
140 74 158 0.6 4.7 
160 126 212 4.2 2.7 
180 210 293 4.2 2.5 
200 295 285 4.2 -3.1 
220 365 179 -2.6 -1.3 
240 311 260 -2.6 1.4 
260 259 229 -2.6 -4.2 
280 266 215 3.3 4.7 
300 332 251 3.3 -0.8 
320 398 185 3.3 0.2 
340 464 263 3.3 1.9 
360 529 243 3.3 -3.6 
380 591 194 -0.3 6.1 
400 585 257 -0.3 0.6 
420 579 210 -0.3 -5.0 
440 580 168 0.6 -0.0 direction,direction,direction,direction
460 594 244 0.6 2.2 
480 621 230 2.8 -2.4 
500 680 215 3.0 5.0 
520 744 257 3.8 -0.6 
540 822 187 3.9 -6.1 
560 838 205 -0.1 5.3 
580 845 252 1.0 -0.3 
600 876 189 1.8 -5.8 
620 918 236 2.2 3.3 
640 975 244 3.5 -2.2 
660 1019 142 -0.2 -7.8 
680 1019 222 0.5 1.4 
700 1043 203 1.9 -0.3 
720 1095 222 3.1 6.1 
740 1159 286 3.6 0.6 
760 1237 239 3.9 -5.0 
780 1317 258 4.0 5.6 
800 1398 311 4.0 0.0 
820 1480 253 4.0 -5.6 
840 1562 327 4.0 1.7 
860 1642 302 4.0 -3.9 
880 1723 376 4.0 1.9 
900 1803 356 4.0 -3.6 
920 1884 362 4.1 5.0 
940 1965 404 4.1 -0.6 
960 2047 356 4.1 -1.7 
980 2130 394 4.1 3.6 
1000 2212 408 4.1 -1.9 
1020 2301 320 4.5 -6.9 
1040 2391 398 4.5 0.1 
1060 2503 446 5.9 1.3 
1080 2621 525 5.9 1.9 
1100 2738 506 5.9 -3.6 
