FOUND 738 verified 738 [47,92,120,125,136,178,190,207,233,316,350,401,428,484,526,569,611,658,696]
20 -10 -41 -2.2 -1.8 
40 -82 -85 -4.8 -2.8 
60 -180 -46 -4.9 3.3 
80 -288 -72 -5.4 -4.1 
100 -396 -97 -5.4 4.7 
120 -480 -103 -3.2 -4.6 
140 -439 -65 5.0 2.3 
160 -340 -78 5.0 -3.3 
180 -240 -171 5.0 6.4 
200 -140 -180 5.0 -2.1 
220 -41 -181 5.0 -2.2 
240 59 -194 5.0 5.0 
260 158 -153 5.0 -0.6 
280 258 -222 5.0 -6.1 
300 358 -403 5.0 -11.7 
320 457 -602 5.0 5.8 resize 32,resize 32
340 557 -544 5.0 0.3 
360 656 -502 5.0 4.2 
380 756 -477 5.0 -1.4 
400 856 -563 5.0 -6.9 resize 32
420 955 -491 5.0 1.7 resize 32
440 1055 -426 5.0 3.6 
460 1154 -412 5.0 -1.9 
480 1254 -510 5.0 -7.5 resize 32
500 1353 -469 5.0 2.5 resize 32
520 1453 -477 5.0 -3.1 
540 1553 -434 5.0 3.1 
560 1652 -431 5.0 -2.5 
580 1752 -408 5.0 3.9 resize 32,resize 32
600 1851 -388 5.0 -1.7 
620 1951 -375 5.0 4.4 
640 2051 -344 5.0 -1.1 
660 2150 -399 5.0 6.4 resize 32
680 2250 -329 5.0 0.8 
700 2349 -329 5.0 5.8 
720 2449 -270 5.0 0.3 
