FOUND 419 verified 419 [17,24,34,38,47,65,80,105,128,170,179,188,193,204,208,259,299,331,368,380]
20 -16 -29 0.0 6.1 
40 -9 69 -3.0 6.4 
60 -0 119 -1.9 0.1 
80 -9 148 1.6 -1.5 
100 -2 203 -1.0 -1.2 
120 -5 247 1.7 0.1 
140 14 294 -2.0 2.0 
160 -19 275 1.3 -2.6 
180 14 295 -3.6 5.7 
200 19 377 5.1 3.2 
220 115 370 4.8 -4.0 resize 16
240 210 231 4.8 -9.6 
260 305 3 4.8 6.7 
280 400 78 4.8 0.9 
300 495 34 4.8 6.7 
320 591 53 4.8 -3.6 
340 686 45 4.8 4.4 
360 781 71 4.8 -2.1 
380 876 73 4.8 -2.0 
400 991 26 5.9 -5.2 
