FOUND 886 verified 886 [7,102,132,198,245,302,360,372,385,392,418,427,433,435,450,456,476,496,501,546,560,563,577,617,624,634,640,644,646,674,679,690,705,710,749,758,763,767,778,787,810,822,835,840,854,881]
20 -264 105 0.0 3.3 
40 -264 114 0.0 -2.2 
60 -264 11 0.0 -7.8 resize 16,resize 32
80 -225 -30 3.6 -3.0 direction,resize 16,direction
100 -148 -48 4.0 -0.4 
120 -68 30 4.0 1.9 
140 -30 77 0.0 4.7 
160 -19 113 1.2 -0.8 
180 15 39 -0.9 -4.8 
200 -50 -34 -5.0 6.4 
220 -150 36 -5.0 0.8 
240 -249 -5 -5.0 0.8 resize 32,direction
260 -348 68 -5.0 2.8 resize 16
280 -448 66 -5.0 -2.8 
300 -465 -48 0.2 -8.3 
320 -449 12 2.4 1.9 
340 -371 -8 4.1 -3.6 
360 -290 -112 4.1 1.0 
380 -208 -92 4.1 -2.0 
400 -127 -94 4.1 -2.1 
420 -45 -96 4.1 6.4 
440 34 -84 4.1 -1.1 
460 116 -84 4.1 -1.0 
480 197 -86 4.1 5.8 
500 279 -84 4.1 5.8 
520 360 -110 4.1 -0.6 
540 442 -112 4.1 0.0 
560 523 -95 4.1 -2.5 
580 605 -87 4.1 6.1 
600 686 -111 4.1 -1.0 
620 768 -90 4.1 6.1 
640 849 -86 4.1 -1.0 
660 920 -111 1.5 -0.6 
680 990 -81 4.0 0.9 
700 1071 -92 4.0 -1.9 
720 1151 -97 4.0 -2.7 
740 1231 -111 4.0 0.1 
760 1311 -80 4.0 -0.3 
780 1391 -88 4.0 6.4 
800 1433 -98 0.7 -3.0 
820 1488 -57 3.5 4.2 
840 1543 46 -0.7 5.6 
860 1541 122 -0.1 -2.1 
880 1535 21 -0.5 -7.7 
