{"T0":240,"W":1000,"TMIN":4,"ticks":442,"jumps":[23,39,40,45,48,50,53,56,59,62,65,68,71,73,90,113,116,119,123,129,132,134,142,148,211,232,257,267,320,332,433,440,441]}
{"T0":240,"W":1000,"TMIN":1000,"ticks":409,"jumps":[23,39,40,45,48,50,53,56,59,62,65,68,71,73,90,113,116,119,123,129,132,134,142,148,211,232,256,279,333,405,408]}
{"T0":250,"W":1000,"TMIN":4,"ticks":380,"jumps":[23,39,40,45,48,50,53,56,59,62,65,68,71,73,90,113,116,119,123,129,132,134,142,148,211,232,258,268,288,303,370,379]}
{"T0":250,"W":1000,"TMIN":1000,"ticks":380,"jumps":[23,39,40,45,48,50,53,56,59,62,65,68,71,73,90,113,116,119,123,129,132,134,142,148,211,232,258,268,288,303,370,379]}
{"T0":255,"W":1000,"TMIN":4,"ticks":380,"jumps":[23,39,40,45,48,50,53,56,59,62,65,68,71,73,90,113,116,119,123,129,132,134,142,148,211,232,258,268,288,303,370,379]}
{"T0":255,"W":1000,"TMIN":1000,"ticks":380,"jumps":[23,39,40,45,48,50,53,56,59,62,65,68,71,73,90,113,116,119,123,129,132,134,142,148,211,232,258,268,288,303,370,379]}
{"T0":260,"W":1000,"TMIN":4,"ticks":380,"jumps":[23,39,40,45,48,50,53,56,59,62,65,68,71,73,90,113,116,119,123,129,132,134,142,148,211,232,258,268,288,303,370,379]}
{"T0":260,"W":1000,"TMIN":1000,"ticks":380,"jumps":[23,39,40,45,48,50,53,56,59,62,65,68,71,73,90,113,116,119,123,129,132,134,142,148,211,232,258,268,288,303,370,379]}
{"T0":270,"W":1000,"TMIN":4,"ticks":380,"jumps":[23,39,40,45,48,50,53,56,59,62,65,68,71,73,90,113,116,119,123,129,132,134,142,148,211,232,258,268,288,303,370,379]}
{"T0":270,"W":1000,"TMIN":1000,"ticks":380,"jumps":[23,39,40,45,48,50,53,56,59,62,65,68,71,73,90,113,116,119,123,129,132,134,142,148,211,232,258,268,288,303,370,379]}
{"T0":280,"W":1000,"TMIN":4,"ticks":380,"jumps":[23,39,40,45,48,50,53,56,59,62,65,68,71,73,90,113,116,119,123,129,132,134,142,148,211,232,258,268,288,303,370,379]}
{"T0":280,"W":1000,"TMIN":1000,"ticks":380,"jumps":[23,39,40,45,48,50,53,56,59,62,65,68,71,73,90,113,116,119,123,129,132,134,142,148,211,232,258,268,288,303,370,379]}
{"T0":290,"W":1000,"TMIN":4,"ticks":380,"jumps":[23,39,40,45,48,50,53,56,59,62,65,68,71,73,90,113,116,119,123,129,132,134,142,148,211,232,258,268,288,303,370,379]}
{"T0":290,"W":1000,"TMIN":1000,"ticks":380,"jumps":[23,39,40,45,48,50,53,56,59,62,65,68,71,73,90,113,116,119,123,129,132,134,142,148,211,232,258,268,288,303,370,379]}
{"T0":300,"W":1000,"TMIN":4,"ticks":380,"jumps":[23,39,40,45,48,50,53,56,59,62,65,68,71,73,90,113,116,119,123,129,132,134,142,148,211,232,258,268,288,303,370,379]}
{"T0":300,"W":1000,"TMIN":1000,"ticks":380,"jumps":[23,39,40,45,48,50,53,56,59,62,65,68,71,73,90,113,116,119,123,129,132,134,142,148,211,232,258,268,288,303,370,379]}
{"T0":320,"W":1000,"TMIN":4,"ticks":380,"jumps":[23,39,40,45,48,50,53,56,59,62,65,68,71,73,90,113,116,119,123,129,132,134,142,148,211,232,258,268,288,303,370,379]}
{"T0":320,"W":1000,"TMIN":1000,"ticks":380,"jumps":[23,39,40,45,48,50,53,56,59,62,65,68,71,73,90,113,116,119,123,129,132,134,142,148,211,232,258,268,288,303,370,379]}
{"T0":340,"W":1000,"TMIN":4,"ticks":380,"jumps":[23,39,40,45,48,50,53,56,59,62,65,68,71,73,90,113,116,119,123,129,132,134,142,148,211,232,258,268,288,303,370,379]}
{"T0":340,"W":1000,"TMIN":1000,"ticks":380,"jumps":[23,39,40,45,48,50,53,56,59,62,65,68,71,73,90,113,116,119,123,129,132,134,142,148,211,232,258,268,288,303,370,379]}
