FOUND 396 verified 396 [21,46,48,70,85,88,103,116,122,134,146,152,175,203,214,215,256,268,281,287,293,321,326,349]
20 0 -48 0.0 0.0 
40 -24 6 -0.0 -0.6 
60 2 58 3.1 1.3 
80 15 110 -0.8 4.2 
100 -4 179 2.8 0.9 
120 -2 258 -4.4 3.5 
140 21 347 0.5 5.3 
160 -44 383 -4.4 -2.0 
180 -132 351 -4.4 5.6 
200 -223 382 -4.7 -2.3 
220 -220 454 5.9 4.1 
240 -101 477 5.9 -1.5 
260 17 450 5.9 5.8 
280 126 446 0.0 -3.2 
300 86 539 -5.1 2.5 
320 -5 531 0.1 -3.1 
340 73 591 5.1 1.0 
360 176 643 5.1 3.9 
380 277 662 5.1 -1.7 
