FOUND 602 verified 602 [17,70,94,158,230,276,325,405,464,467,477]
20 -32 17 0.0 6.1 
40 -32 81 0.0 0.6 
60 -32 33 0.0 -5.0 
80 -7 47 1.8 4.2 
100 30 112 1.8 5.3 
120 66 160 1.8 -0.3 
140 103 96 1.8 -5.8 
160 143 -42 3.8 6.4 
180 220 27 3.8 0.8 
200 296 -14 3.8 -4.7 
220 371 -126 2.9 6.9 bounce
240 429 -10 2.9 4.2 
260 487 15 2.9 -1.4 
280 546 11 2.9 5.8 
300 604 70 2.9 0.3 
320 663 17 2.9 -5.3 
340 741 63 4.1 2.8 
360 824 60 4.1 -2.8 
380 907 -13 4.1 0.0 
400 989 -31 4.1 -2.8 
420 1072 22 4.1 2.8 
440 1155 19 4.1 -2.8 
460 1244 -59 4.8 -4.2 
480 1333 -27 0.0 6.1 
500 1333 37 0.0 0.6 
520 1333 -10 0.0 -5.0 
540 1333 -168 0.0 -10.6 
560 1446 -358 5.2 -0.4 
580 1489 -418 1.7 -5.0 
600 1524 -577 1.7 -10.6 
