FOUND 740 verified 740 [3,62,103,154,158,161,169,251,349,386,436,485,513,533,588,622,671,697]
20 0 74 0.0 2.2 
40 0 60 0.0 -3.3 
60 -12 -43 -3.5 -2.9 
80 -97 29 -4.2 1.9 
100 -181 9 -4.2 -3.6 
120 -245 73 -3.0 2.2 
140 -305 59 -3.0 -3.3 
160 -341 -8 3.2 1.9 
180 -307 100 1.4 3.9 
200 -279 119 1.4 -1.7 
220 -252 27 1.4 -7.2 
240 -180 -9 4.5 -1.2 
260 -87 15 4.7 4.4 
280 6 45 4.7 -1.1 
300 107 -26 5.5 -5.7 
320 218 -198 5.5 -11.2 
340 329 -481 5.5 -16.8 
360 439 -586 5.5 3.9 resize 32
380 550 -567 5.5 -1.7 
400 661 -515 5.5 3.1 
420 772 -512 5.5 -2.5 
440 882 -565 5.5 5.8 resize 32
460 993 -506 5.5 0.3 
480 1104 -559 5.5 -5.3 
500 1214 -519 5.5 2.8 
520 1325 -467 5.5 5.0 resize 32,resize 32
540 1436 -386 5.5 5.0 
560 1546 -345 5.5 -0.6 
580 1657 -414 5.5 -6.1 
600 1768 -411 5.5 3.6 resize 32,resize 32
620 1878 -398 5.5 -1.9 
640 1989 -325 5.5 1.9 
660 2100 -344 5.5 -3.6 
680 2210 -352 5.5 4.4 resize 32,resize 32
700 2321 -300 5.5 6.1 
720 2432 -236 5.5 0.6 
740 2540 -283 1.0 -5.0 
