{"T0":0,"W":1000,"TMIN":4,"ticks":121,"jumps":[8,57,78,81,92,96,113,118]}
{"T0":0,"W":1000,"TMIN":1000,"ticks":122,"jumps":[8,57,78,81,85,96,107]}
{"T0":1,"W":1000,"TMIN":4,"ticks":121,"jumps":[8,57,78,81,92,96,113,118]}
{"T0":1,"W":1000,"TMIN":1000,"ticks":122,"jumps":[8,57,78,81,85,96,107]}
{"T0":2,"W":1000,"TMIN":4,"ticks":121,"jumps":[8,57,78,81,92,96,113,118]}
{"T0":2,"W":1000,"TMIN":1000,"ticks":122,"jumps":[8,57,78,81,85,96,107]}
{"T0":4,"W":1000,"TMIN":4,"ticks":121,"jumps":[8,57,78,81,92,96,113,118]}
{"T0":4,"W":1000,"TMIN":1000,"ticks":122,"jumps":[8,57,78,81,85,96,107]}
{"T0":6,"W":1000,"TMIN":4,"ticks":121,"jumps":[8,57,78,81,92,96,113,118]}
{"T0":6,"W":1000,"TMIN":1000,"ticks":122,"jumps":[8,57,78,81,85,96,107]}
{"T0":8,"W":1000,"TMIN":4,"ticks":121,"jumps":[8,57,78,81,92,96,113,118]}
{"T0":8,"W":1000,"TMIN":1000,"ticks":122,"jumps":[8,57,78,81,85,96,107]}
{"T0":10,"W":1000,"TMIN":4,"ticks":121,"jumps":[8,57,78,81,92,96,113,118]}
{"T0":10,"W":1000,"TMIN":1000,"ticks":121,"jumps":[8,57,78,81,92,96,113,117]}
{"T0":20,"W":1000,"TMIN":4,"ticks":121,"jumps":[8,57,78,81,92,96,113,118]}
{"T0":20,"W":1000,"TMIN":1000,"ticks":121,"jumps":[8,57,78,81,92,96,113,117]}
{"T0":30,"W":1000,"TMIN":4,"ticks":121,"jumps":[8,57,78,81,92,96,113,118]}
{"T0":30,"W":1000,"TMIN":1000,"ticks":121,"jumps":[8,57,78,81,92,96,113,117]}
{"T0":40,"W":1000,"TMIN":4,"ticks":121,"jumps":[8,57,78,81,92,96,113,118]}
{"T0":40,"W":1000,"TMIN":1000,"ticks":121,"jumps":[8,57,78,81,92,96,113,117]}
{"T0":50,"W":1000,"TMIN":4,"ticks":121,"jumps":[8,57,78,81,92,96,113,118]}
{"T0":50,"W":1000,"TMIN":1000,"ticks":121,"jumps":[8,57,78,81,92,96,113,117]}
