{"T0":57,"W":1000,"TMIN":4,"ticks":121,"jumps":[8,57,78,81,92,96,113,118]}
{"T0":57,"W":1000,"TMIN":1000,"ticks":121,"jumps":[8,57,78,81,92,96,113,117]}
{"T0":65,"W":1000,"TMIN":4,"ticks":121,"jumps":[8,57,78,81,92,96,113,118]}
{"T0":65,"W":1000,"TMIN":1000,"ticks":121,"jumps":[8,57,78,81,92,96,113,117]}
{"T0":72,"W":1000,"TMIN":4,"ticks":121,"jumps":[8,57,78,81,92,96,113,118]}
{"T0":72,"W":1000,"TMIN":1000,"ticks":121,"jumps":[8,57,78,81,92,96,113,117]}
{"T0":78,"W":1000,"TMIN":4,"ticks":121,"jumps":[8,57,78,81,92,96,113,118]}
{"T0":78,"W":1000,"TMIN":1000,"ticks":121,"jumps":[8,57,78,81,92,96,113,117]}
{"T0":81,"W":1000,"TMIN":4,"ticks":121,"jumps":[8,57,78,81,92,96,113,118]}
{"T0":81,"W":1000,"TMIN":1000,"ticks":121,"jumps":[8,57,78,81,92,96,113,117]}
{"T0":85,"W":1000,"TMIN":4,"ticks":121,"jumps":[8,57,78,81,92,96,113,118]}
{"T0":85,"W":1000,"TMIN":1000,"ticks":121,"jumps":[8,57,78,81,92,96,113,117]}
{"T0":92,"W":1000,"TMIN":4,"ticks":121,"jumps":[8,57,78,81,92,96,113,118]}
{"T0":92,"W":1000,"TMIN":1000,"ticks":121,"jumps":[8,57,78,81,92,96,113,117]}
{"T0":96,"W":1000,"TMIN":4,"ticks":121,"jumps":[8,57,78,81,92,96,113,118]}
{"T0":96,"W":1000,"TMIN":1000,"ticks":121,"jumps":[8,57,78,81,92,96,113,117]}
{"T0":105,"W":1000,"TMIN":4,"ticks":121,"jumps":[8,57,78,81,92,96,113,118]}
{"T0":105,"W":1000,"TMIN":1000,"ticks":121,"jumps":[8,57,78,81,92,96,113,117]}
{"T0":113,"W":1000,"TMIN":4,"ticks":121,"jumps":[8,57,78,81,92,96,113,118]}
{"T0":113,"W":1000,"TMIN":1000,"ticks":121,"jumps":[8,57,78,81,92,96,113,117]}
