cand15 
cand16 
cand17 
cand18 
cand19 
cand20 
cand21 
cand22 
cand23 
cand24 
cand25 
cand26 
cand27 
cand28 
cand29 
cand0 {"T0":33,"W":600,"TMIN":4,"ticks":129,"jumps":[0,14,17,19,23,28,31,32,113]}
cand1 {"T0":32,"W":600,"TMIN":4,"ticks":183,"jumps":[4,18,20,22,23,27,30,31,42,48,69,90,115,167]}
cand2 {"T0":28,"W":600,"TMIN":4,"ticks":153,"jumps":[0,11,14,16,18,21,27,33,34,67,132]}
cand3 {"T0":36,"W":600,"TMIN":4,"ticks":132,"jumps":[0,12,15,16,21,27,31,35,61,83,88,93,98,125]}
cand4 {"T0":29,"W":600,"TMIN":4,"ticks":245,"jumps":[1,12,15,17,19,22,28,34,38,40,60,72,76,104,165,215]}
cand5 {"T0":37,"W":600,"TMIN":4,"ticks":218,"jumps":[0,11,14,18,24,26,33,36,56,60,70,90,125,185]}
cand6 
cand7 
cand8 
cand9 
cand10 
cand11 
cand12 
cand13 
cand14 
