start 1000000000 -1
start 167 133
improved 153 119 [7,22,23,29,45]
improved 146 100 [2,11,19,24,42,67]
improved 145 126 [2,5,19,24,42,74]
{"ref":"./ref_ge101.json","best":153,"final":119,"early":[7,18,22,23,27,45]}
start 1000000000 -1
{"ref":"./ref_ge102.json","best":145,"final":113,"early":[2,6,10,19,24,42,44,45]}
start 1000000000 -1
improved 146 100 [2,11,19,24,42,67]
improved 146 100 [2,11,19,24,42,67]
improved 145 126 [2,5,19,24,42,74]
improved 145 126 [2,5,19,24,42,74]
{"ref":"./ref_ge103.json","best":145,"final":113,"early":[2,6,10,19,24,42,44,45]}
start 1000000000 -1
{"ref":"./ref_ge104.json","best":145,"final":113,"early":[2,6,10,19,24,42,44,45]}
start 129 109
improved 160 125 [11,30,33,44,50,56]
improved 154 120 [12,28,31,33,44,50,56]
{"ref":"./ref_ge105.json","best":154,"final":120,"early":[12,27,31,33,37,45,51,54,57]}
start 170 136
{"ref":"./ref_ge106.json","best":129,"final":95,"early":[0,15,16,24,40,45,53,54,56]}
start 149 115
improved 161 127 [0,12,15,31,36,38,41,43,44,49,50]
start 1000000000 -1
start 1000000000 -1
