ref31 800 0 20 12 -> {"fin":true,"ticks":141} 
ref31 800 0 35 10 -> {"fin":true,"ticks":129} 
ref31 1000 0 25 18 -> {"fin":true,"ticks":129} 
ref31 800 0 28 8 -> {"fin":true,"ticks":129} 
ref31 800 10 25 12 -> {"fin":true,"ticks":174} 
ref45 800 0 20 12 -> {"fin":true,"ticks":669} 
ref45 800 0 35 10 -> {"fin":true,"ticks":351} 
ref45 1000 0 25 18 -> {"fin":true,"ticks":304} 
ref45 800 0 28 8 -> {"fin":true,"ticks":462} 
ref45 800 10 25 12 -> {"fin":true,"ticks":256} 
ref43 800 0 20 12 -> {"fin":true,"ticks":134} 
ref43 800 0 35 10 -> {"fin":true,"ticks":196} 
ref43 1000 0 25 18 -> {"fin":true,"ticks":145} 
ref43 800 0 28 8 -> {"fin":true,"ticks":214} 
ref43 800 10 25 12 -> {"fin":true,"ticks":223} 
ref36 800 0 20 12 -> {"fin":true,"ticks":129} 
ref36 800 0 35 10 -> {"fin":true,"ticks":218} 
ref36 1000 0 25 18 -> {"fin":true,"ticks":129} 
ref36 800 0 28 8 -> {"fin":true,"ticks":214} 
ref36 800 10 25 12 -> {"fin":true,"ticks":130} 
