131.2555737663428 -4.340110327277216 -> 129 95
132.0834495747975 -4.188215445236608 -> 1000000000 -1
134.0789031237947 -3.972360634531583 -> 1000000000 -1
134.40560922858168 -3.438478800899304 -> 132 97
134.99664182617101 -3.976749429026711 -> 1000000000 -1
136.11081844734326 -4.2708456103816275 -> 1000000000 -1
137.98853826413847 -3.8365346144632326 -> 136 101
138.69429650963238 -3.6569468739670015 -> 1000000000 -1
139.7281066185403 -3.8238492039912444 -> 1000000000 -1
140.042896983049 -4.202407368118827 -> 1000000000 -1
140.14681953256644 -3.7877992970709613 -> 1000000000 -1
140.31290744582304 -3.926511366715829 -> 1000000000 -1
140.7087999984298 -4.081328478764078 -> 138 106
140.7695831761982 -4.035500096042455 -> 138 112
140.88308278126883 -4.070716137280414 -> 1000000000 -1
141.27436368763637 -3.9286702399263334 -> 1000000000 -1
141.86642790705912 -3.708328539194838 -> 1000000000 -1
142.02359953043845 -3.7234558976618928 -> 1000000000 -1
142.4535191825662 -4.043143541713732 -> 140 106
143.37877911341596 -3.6624586035732136 -> 141 107
143.3801360735671 -3.769056768074506 -> 1000000000 -1
143.50933202127925 -4.029824477510886 -> 1000000000 -1
143.85921935252372 -3.887383118426527 -> 141 107
143.8832984440375 -2.961800365059929 -> 141 107
144.18368043297514 -3.945590387175713 -> 142 108
144.31733357150216 -3.929085630127503 -> 1000000000 -1
144.3963355802719 -3.661655175878252 -> 142 108
145.28417039959095 -3.8928816436271063 -> 143 109
145.41474043979872 -3.586607209714174 -> 1000000000 -1
145.4642152705218 -3.490533327867979 -> 1000000000 -1
145.47014981350003 -3.728572741804811 -> 143 109
145.47573395571305 -3.9746448984433584 -> 1000000000 -1
145.8118400276291 -3.485751697958591 -> 1000000000 -1
146.2445578222887 -3.8457644548723806 -> 1000000000 -1
146.73031380999487 -3.9043072116660653 -> 1000000000 -1
147.28134168084705 -3.826689245326662 -> 1000000000 -1
147.33299040800946 -3.5172040390285417 -> 144 109
147.40952461625972 -3.642227697849762 -> 145 111
147.4654453729109 -3.68820752980605 -> 145 111
147.66775158826437 -3.726406463335735 -> 145 111
147.76528784130338 -2.881971007173007 -> 144 110
147.98101707336053 -3.6175476957810986 -> 1000000000 -1
148.2575447961095 -3.576525964516236 -> 146 112
148.93327561214068 -3.7144418210101833 -> 146 112
149.06383031734669 -3.4386015346096315 -> 1000000000 -1
150.3301413535792 -3.375731795951026 -> 1000000000 -1
150.34924028540738 -3.3293834018171253 -> 1000000000 -1
150.5514323523517 -3.752935954956399 -> 1000000000 -1
150.6475582364514 -3.389558171159962 -> 148 114
150.6853108853057 -3.6308743708539453 -> 148 114
150.73151378447466 -3.6317208023449155 -> 148 114
151.2811254609608 -3.4299626427657017 -> 1000000000 -1
151.32347209755943 -3.531478888853343 -> 1000000000 -1
151.50047256306925 -3.2155095727450487 -> 1000000000 -1
151.60910316854898 -3.8128362888912193 -> 149 115
151.85636035656952 -3.6159384066281177 -> 149 115
152.09191950103084 -3.248445274640403 -> 1000000000 -1
152.14509019779155 -3.4788123119933516 -> 1000000000 -1
152.42125285405274 -3.820844378294339 -> 150 116
152.53417517609668 -3.616361162837052 -> 150 116
152.89843635805596 -3.1837051335766944 -> 1000000000 -1
153.0262590743106 -3.564671927153995 -> 150 116
153.11234430098247 -3.5168160324375606 -> 150 124
153.24008280796096 -3.3419567714135496 -> 1000000000 -1
153.33529087554996 -3.7127302669777578 -> 1000000000 -1
154.02789863843594 -3.2535909420798816 -> 1000000000 -1
154.09530140094427 -2.7369136332010555 -> 150 116
154.550174715396 -2.749479682857128 -> 151 115
154.69659998821348 -3.264866341057285 -> 1000000000 -1
154.774119897677 -3.2595530775096506 -> 1000000000 -1
155.24033954792958 -3.621966971268222 -> 1000000000 -1
155.49200691546838 -3.5681709984613974 -> 153 119
155.54681845853895 -2.7330367108842495 -> 152 118
155.66283905359893 -2.6565037991441045 -> 152 118
156.00246694781205 -3.2914340065900376 -> 1000000000 -1
156.01370872331384 -3.556426297624938 -> 153 119
156.13340139692122 -3.22484361806616 -> 153 119
156.34747514543847 -3.6615232002260996 -> 1000000000 -1
156.3937088329717 -2.8126227507516433 -> 153 119
156.54681434207777 -2.7330399272392754 -> 153 119
156.66931668879857 -3.6031517574348015 -> 154 120
156.91413749439982 -2.669503092332036 -> 153 119
157.3171830330226 -3.613564911669471 -> 1000000000 -1
157.81548356422593 -3.200099549545399 -> 155 121
158.5376250372754 -3.3974769246781023 -> 156 122
159.5163646089195 -3.0943671442015557 -> 1000000000 -1
159.54821272449533 -3.121695653284064 -> 156 122
160.08744579524517 -3.2341954437569598 -> 157 122
160.1014797284638 -3.575691208558254 -> 1000000000 -1
160.2972890770817 -3.1329003087919887 -> 1000000000 -1
160.60619592863475 -2.9156575723603737 -> 157 123
160.72699332447073 -2.570578074232202 -> 157 123
160.79600288785085 -3.5019349721050617 -> 1000000000 -1
160.8851724865034 -2.567641279414488 -> 157 123
161.01770296597596 -2.874671468565765 -> 158 124
161.3133116386775 -3.280510009580638 -> 158 124
161.55014849671636 -3.3087839480241996 -> 1000000000 -1
161.57675408597353 -2.494613044734791 -> 158 124
161.66138713585337 -3.0831894494266407 -> 1000000000 -1
161.6960951335146 -3.412107320198743 -> 1000000000 -1
161.76383502309747 -2.5521966349613194 -> 158 124
161.82820040221742 -2.5808641668107555 -> 158 124
161.86211584430043 -3.456919655649898 -> 1000000000 -1
161.8646213671151 -3.325150870367338 -> 1000000000 -1
161.92676883263857 -3.2643999549071907 -> 159 125
162.0448918133102 -3.4485238502887796 -> 1000000000 -1
162.20098546341188 -3.249764286005103 -> 1000000000 -1
162.4019142778549 -2.5364918062320783 -> 158 124
162.4508510625116 -3.2694749410369752 -> 159 132
162.51411026922278 -3.386838575386463 -> 160 125
162.5864300880043 -3.1273457572736163 -> 159 125
163.0081978237981 -2.6169876955906943 -> 159 125
163.4240005179463 -3.5005497768818827 -> 161 127
163.70650338445935 -3.4441550939372974 -> 161 127
163.84226973320716 -2.528439381254941 -> 160 126
164.31557394992353 -3.0790569763306337 -> 161 127
164.39346731591996 -3.1959656102858673 -> 161 128
164.55549879291794 -3.2293798998827015 -> 1000000000 -1
164.87385746770275 -3.366503695153483 -> 162 128
165.07157162594154 -3.1091543874193235 -> 162 128
165.24471746372373 -3.4219486288866108 -> 162 128
165.39456853547415 -2.4968815916677443 -> 161 127
165.7009465770651 -3.332628137820876 -> 163 129
165.71417907784326 -2.4244479290623246 -> 162 128
166.02523294541572 -2.9057243380096054 -> 1000000000 -1
166.10392218315604 -3.284960960683094 -> 1000000000 -1
166.14714268219473 -3.3562763145779115 -> 163 128
166.15762318713925 -2.462750006609866 -> 162 128
166.28225516340308 -3.3509172376940626 -> 163 137
166.72079570455105 -3.160070287216115 -> 164 130
166.9169762318095 -3.3849821053989615 -> 1000000000 -1
167.0480047413532 -3.2840600704893745 -> 164 130
167.1038405151362 -2.4839449953749693 -> 163 129
167.3141040281239 -3.0763939921218935 -> 1000000000 -1
167.49553370456005 -3.007136287967654 -> 164 130
167.64015349221057 -2.4016241587777074 -> 163 129
167.6516826246414 -3.261643860132665 -> 165 130
168.11133304696062 -3.2443169004260426 -> 165 131
168.1296720789174 -3.216066105492729 -> 165 131
168.27942161183256 -2.440135171732635 -> 164 130
168.88698495395096 -2.9455894093860877 -> 166 132
169.08864072614534 -3.1010727104899445 -> 166 132
169.1921870033487 -2.7472673014260067 -> 166 132
169.41977504811615 -3.234538291376424 -> 1000000000 -1
169.42218914269802 -2.416851953937652 -> 165 131
170.19844796170332 -2.9240028300053496 -> 167 133
170.22901076710474 -3.1658708737684833 -> 167 133
170.48649064305926 -3.1582151322845675 -> 167 133
171.38358653621623 -2.938155572358994 -> 168 134
171.63140896438938 -2.7573259252227444 -> 168 134
172.39530174358856 -2.750522880374575 -> 169 135
172.657654704892 -2.7949715304863787 -> 169 135
172.92284262557075 -2.341106234545947 -> 169 135
174.7285321326135 -2.598029996920019 -> 171 137
174.78498539896998 -2.321194592946995 -> 170 136
174.8933466997335 -2.335303875827009 -> 171 137
175.13929845933302 -2.3499333967431824 -> 171 137
175.33368808178852 -2.7171969806561833 -> 1000000000 -1
175.9010302299334 -2.266041092108395 -> 171 137
176.01529114891616 -2.2905029811041686 -> 172 138
176.7658585472179 -2.736563737546703 -> 173 139
177.302738836289 -2.2655013008751155 -> 173 139
177.55646992286597 -2.6694629913717733 -> 174 140
177.58653949267313 -2.2548398445051134 -> 173 139
179.1380581028239 -2.3188664517153086 -> 1000000000 -1
179.14580692034056 -2.2149335816868927 -> 1000000000 -1
179.87148492579345 -2.194180279880584 -> 1000000000 -1
180.3831662450675 -2.188177217992262 -> 1000000000 -1
180.53206391432974 -2.7949403811096545 -> 1000000000 -1
180.71670538581049 -2.1737899911690306 -> 1000000000 -1
181.17535745681707 -2.7549798479788876 -> 1000000000 -1
181.24691635112976 -2.177110159500529 -> 1000000000 -1
181.56476235260305 -2.5735587572968086 -> 1000000000 -1
181.70907895377889 -2.170221389161526 -> 1000000000 -1
182.4152407761259 -2.160614126367136 -> 1000000000 -1
182.45260299269273 -2.1955717108953934 -> 1000000000 -1
182.83569262577004 -2.4569677415206 -> 1000000000 -1
183.1832769380311 -2.1436751506835776 -> 1000000000 -1
185.48598571966357 -2.1110662773637614 -> 1000000000 -1
186.46521925024513 -2.1161846811081375 -> 1000000000 -1
186.86106847447815 -2.084880812304533 -> 1000000000 -1
186.9416434145303 -2.188662859235336 -> 1000000000 -1
187.15033697912776 -2.314459358735121 -> 1000000000 -1
187.35746968450138 -2.4622053869102842 -> 1000000000 -1
187.6550197336161 -2.0930535710957656 -> 1000000000 -1
187.89163672436166 -2.054028140916813 -> 1000000000 -1
187.94771261160048 -2.3377715709831364 -> 1000000000 -1
188.70569731311178 -2.563080286261993 -> 1000000000 -1
189.53528077708353 -2.061150538413699 -> 1000000000 -1
189.64977945771273 -2.6316900945817565 -> 1000000000 -1
190.38859280759337 -2.1055150576633253 -> 1000000000 -1
190.46381069840982 -2.0284974172066086 -> 1000000000 -1
190.46890172871736 -2.0460562402210485 -> 1000000000 -1
191.46410839922285 -2.030820925558885 -> 1000000000 -1
191.46890176750196 -2.0460562402209916 -> 1000000000 -1
191.86086968218436 -2.0323893768610617 -> 1000000000 -1
192.05674664311113 -2.005700671883176 -> 1000000000 -1
192.30534485640823 -2.3996647414973324 -> 1000000000 -1
192.3207999961569 -2.0486248334571258 -> 1000000000 -1
194.43956775255657 -1.9763786093425608 -> 1000000000 -1
194.74777638665464 -2.4560887739936845 -> 1000000000 -1
194.9797884235618 -1.9556069084698606 -> 1000000000 -1
195.19120803739563 -2.314713115274401 -> 1000000000 -1
195.63592958781933 -2.4307768293965637 -> 1000000000 -1
195.80881423615665 -2.454700168463205 -> 1000000000 -1
195.8893958045378 -1.9764983810189847 -> 1000000000 -1
196.0704772943414 -1.9543365966802355 -> 1000000000 -1
197.12359179031563 -2.2543941173958046 -> 1000000000 -1
197.57187111703473 -1.9505119849590926 -> 1000000000 -1
197.57927565648748 -2.2276602934842344 -> 1000000000 -1
197.98061608492253 -2.388516219330029 -> 1000000000 -1
198.07840864413242 -2.2919687524650385 -> 1000000000 -1
198.1094931829602 -2.249270814235473 -> 1000000000 -1
198.12377108625 -1.957018399767918 -> 1000000000 -1
198.3020524317977 -2.221234458661428 -> 1000000000 -1
198.5083921231332 -2.3002783493585923 -> 1000000000 -1
198.58050495828616 -2.3778548442617478 -> 1000000000 -1
198.65029665519427 -1.9475348537038428 -> 1000000000 -1
199.44493682340956 -2.1145150279759832 -> 1000000000 -1
199.63091633993233 -1.9468825314872618 -> 1000000000 -1
199.7190122073294 -1.9114374511140682 -> 1000000000 -1
200.01773850046067 -1.8997996806631932 -> 1000000000 -1
200.07028491887843 -1.9228157836539026 -> 1000000000 -1
200.08628383680593 -2.3395313084520524 -> 1000000000 -1
200.17999614667173 -2.307634392203255 -> 1000000000 -1
200.2148853344086 -1.9192525907609195 -> 1000000000 -1
200.28666576990764 -2.2762530228663707 -> 1000000000 -1
200.66751112018613 -2.243171348428433 -> 1000000000 -1
200.76874026820644 -1.908752574583417 -> 1000000000 -1
200.87930475580202 -1.9181353520120865 -> 1000000000 -1
201.44511870386594 -1.8958087626441795 -> 1000000000 -1
201.62267579708634 -2.1649018138064378 -> 1000000000 -1
202.02986182904664 -1.908991231996282 -> 1000000000 -1
202.12023090507466 -1.9347739232094057 -> 1000000000 -1
202.27368178686902 -2.137719821148494 -> 1000000000 -1
202.45221259630122 -2.121358477383694 -> 1000000000 -1
202.6939376197999 -1.8702705506511563 -> 1000000000 -1
202.76629664122814 -1.9024199419066576 -> 1000000000 -1
203.07563051133954 -1.8808551632421313 -> 1000000000 -1
203.40931854362907 -2.1189187914438037 -> 1000000000 -1
203.4265135902247 -2.1811940123796205 -> 1000000000 -1
204.19917412665404 -1.8527178425335933 -> 1000000000 -1
204.24351704631363 -1.8730574230944796 -> 1000000000 -1
205.32520479312285 -1.8827630444791623 -> 1000000000 -1
205.63064576154346 -1.8414662928533971 -> 1000000000 -1
205.72694835827463 -1.8692841143409282 -> 1000000000 -1
205.87696535896632 -1.8759538799969278 -> 1000000000 -1
206.01931278852445 -1.8387139896627218 -> 1000000000 -1
206.06628435928602 -1.8538698429882459 -> 1000000000 -1
206.10376263607543 -1.8391678498434203 -> 1000000000 -1
206.30521658028604 -1.8294334595157693 -> 1000000000 -1
206.37588118949478 -1.8393493706359152 -> 1000000000 -1
206.4051020127849 -2.0895771242249452 -> 1000000000 -1
206.4881158275102 -1.8177754590732604 -> 1000000000 -1
206.61094629406458 -1.8368682360143396 -> 1000000000 -1
206.69914966573526 -1.8584956054249915 -> 1000000000 -1
207.10651772690568 -1.8352981840015161 -> 1000000000 -1
207.15189399342677 -2.1801695187462826 -> 1000000000 -1
207.27120311451867 -1.8410954748153756 -> 1000000000 -1
207.93324226354983 -1.815877281021983 -> 1000000000 -1
207.94757804155006 -1.791736905843294 -> 1000000000 -1
208.08529441560708 -1.8124399279144825 -> 1000000000 -1
208.70107269648219 -2.0220200316199737 -> 1000000000 -1
208.93324208918946 -1.8158772810219261 -> 1000000000 -1
208.96975389877062 -1.7699270500025364 -> 1000000000 -1
209.03949919356157 -1.812439927914454 -> 1000000000 -1
209.06566900681906 -1.7851061941138084 -> 1000000000 -1
209.21022428623132 -1.7827590301980365 -> 1000000000 -1
209.6161131322573 -1.8155651556537862 -> 1000000000 -1
209.64535551713783 -1.7990341109014025 -> 1000000000 -1
209.7027387918412 -1.8180453712909639 -> 1000000000 -1
209.91144469978573 -1.9998966959695395 -> 1000000000 -1
209.97582183637664 -1.7750057972910156 -> 1000000000 -1
209.97780042559086 -1.7945539758426605 -> 1000000000 -1
210.08188440527726 -1.7849153692757795 -> 1000000000 -1
210.25686129386256 -1.7822050564322467 -> 1000000000 -1
210.41464276955872 -1.7710714833100951 -> 1000000000 -1
210.51741375562602 -1.7798794661582917 -> 1000000000 -1
210.52247560811844 -1.7699266284768953 -> 1000000000 -1
210.93696364283954 -1.8081224731441239 -> 1000000000 -1
210.99338104124038 -1.7747548472672179 -> 1000000000 -1
211.1894031505092 -1.7959292274830432 -> 1000000000 -1
211.4381078969758 -1.7985667572110628 -> 1000000000 -1
211.4651544858508 -2.1166684149040407 -> 1000000000 -1
211.5137143564461 -1.7914864038841074 -> 1000000000 -1
211.60712139302274 -1.7686723814485106 -> 1000000000 -1
211.7331496826316 -1.7673676043359592 -> 1000000000 -1
211.81430908113157 -1.966721550674265 -> 1000000000 -1
212.00722239671865 -2.0926292070014654 -> 1000000000 -1
212.02805185707896 -1.768011017941319 -> 1000000000 -1
212.0483841534927 -1.776179271925571 -> 1000000000 -1
212.25161810706015 -1.7750989322776434 -> 1000000000 -1
213.1955106696848 -1.7631022743672418 -> 1000000000 -1
214.0303579069119 -1.7219422305378203 -> 1000000000 -1
214.03419392654058 -2.1037265028926697 -> 1000000000 -1
214.0642943262018 -1.7637641043823464 -> 1000000000 -1
214.18540931872116 -1.7617877867347715 -> 1000000000 -1
214.228108003802 -1.7467163329249047 -> 1000000000 -1
214.2886643280903 -1.7587004510757538 -> 1000000000 -1
214.42642387011327 -1.7085913433477913 -> 1000000000 -1
214.60996948998138 -1.7580340480731707 -> 1000000000 -1
214.65783353819225 -1.7257953833824615 -> 1000000000 -1
214.85454259770424 -1.7541388685558275 -> 1000000000 -1
214.89201649949194 -1.7542845191286176 -> 1000000000 -1
215.34019136157133 -1.9596012055864378 -> 1000000000 -1
215.47532734258508 -1.7638379637285198 -> 1000000000 -1
215.52598310479655 -1.7401005942720076 -> 1000000000 -1
215.73176409382953 -1.7419177730510853 -> 1000000000 -1
215.93789865737418 -1.7293937454956279 -> 1000000000 -1
215.9492650978831 -1.742718504175457 -> 1000000000 -1
216.220136974627 -1.7368440886816359 -> 1000000000 -1
216.3720485564108 -1.7278048426202304 -> 1000000000 -1
216.81574187735742 -1.7345938128758007 -> 1000000000 -1
216.9059621367949 -1.7293937454955994 -> 1000000000 -1
216.98394250278457 -1.7330399476907985 -> 1000000000 -1
217.10967149200604 -1.7169818690820193 -> 1000000000 -1
217.13698377656252 -1.723933638839327 -> 1000000000 -1
218.44503454083838 -1.715915392213759 -> 1000000000 -1
218.68022943107994 -1.7003328391859043 -> 1000000000 -1
218.68299200106972 -1.7112663395790548 -> 1000000000 -1
218.6962098713161 -1.6989391403650984 -> 1000000000 -1
218.90447593310284 -1.7085301641264152 -> 1000000000 -1
219.01219992805156 -1.699601627594575 -> 1000000000 -1
219.05554515808979 -1.708224851230483 -> 1000000000 -1
219.15174991210563 -1.6987988417164388 -> 1000000000 -1
219.18554349436974 -2.031547020330919 -> 1000000000 -1
219.23068808101746 -1.7114192994697532 -> 1000000000 -1
219.29965439228138 -1.7080473872631217 -> 1000000000 -1
219.36200505049737 -1.7019891999418633 -> 1000000000 -1
219.51777070712774 -1.6971726249199435 -> 1000000000 -1
219.56148502629696 -1.7037131678913227 -> 1000000000 -1
219.69796779872974 -1.7048400813638693 -> 1000000000 -1
219.7027904240123 -1.7157002357299405 -> 1000000000 -1
219.924758518221 -1.6830266745743359 -> 1000000000 -1
219.925615417999 -1.7264947034943532 -> 1000000000 -1
219.94481934635166 -1.6820724130244287 -> 1000000000 -1
220.1284550788022 -1.699715698682013 -> 1000000000 -1
220.1973714037116 -2.0019718130917283 -> 1000000000 -1
220.21231116463306 -1.6894462136126833 -> 1000000000 -1
220.409150041489 -1.6815792531986347 -> 1000000000 -1
220.8106915291963 -1.6910118651097719 -> 1000000000 -1
221.00521734551896 -1.8132945087209862 -> 1000000000 -1
221.0139281559213 -1.691956667266112 -> 1000000000 -1
221.31671786546244 -1.654636798141098 -> 1000000000 -1
221.3656611263555 -1.6578723950845244 -> 1000000000 -1
221.43047035830205 -1.9180173015670334 -> 1000000000 -1
221.4521128517965 -1.6509210540852735 -> 1000000000 -1
221.51278462713833 -1.6770461440050326 -> 1000000000 -1
221.57387438494453 -1.6864779728931865 -> 1000000000 -1
221.61028302543326 -1.6779075620109154 -> 1000000000 -1
221.7219305997425 -1.6831882960159135 -> 1000000000 -1
221.77520233431508 -1.6781203141716219 -> 1000000000 -1
221.89131604056632 -1.675196148051299 -> 1000000000 -1
221.90532134920247 -1.6731748838351734 -> 1000000000 -1
222.01573678200577 -1.6829380616110257 -> 1000000000 -1
222.02118139259065 -1.6573724872938556 -> 1000000000 -1
222.06691940520588 -1.6742670369925463 -> 1000000000 -1
222.08444766708863 -1.6403362875029472 -> 1000000000 -1
222.09821337921232 -1.6604014199303094 -> 1000000000 -1
222.15865093101596 -1.672976086324553 -> 1000000000 -1
222.3718706594752 -1.6593371789078901 -> 1000000000 -1
222.41303833015786 -1.6499222936012927 -> 1000000000 -1
223.10858714850679 -1.6564850630664125 -> 1000000000 -1
223.28706182754004 -1.670776772594479 -> 1000000000 -1
223.3473973192467 -1.6383232143770954 -> 1000000000 -1
223.53840845384096 -1.6703219989241802 -> 1000000000 -1
223.5747058666159 -1.6746810827729064 -> 1000000000 -1
223.6578776992489 -1.6585577627969599 -> 1000000000 -1
223.7018977880365 -1.6595686280424786 -> 1000000000 -1
223.77449878318487 -1.8778578379742612 -> 1000000000 -1
223.8801239130734 -1.6717397622219323 -> 1000000000 -1
223.96334613480283 -1.6312030586707351 -> 1000000000 -1
223.9681399310195 -1.6627171986334304 -> 1000000000 -1
224.067721954362 -1.6322094218811856 -> 1000000000 -1
224.10471829286817 -1.6372888204666936 -> 1000000000 -1
224.15427639008578 -1.6485987973130136 -> 1000000000 -1
224.2683593374918 -1.6536343061215177 -> 1000000000 -1
224.50669176666256 -1.8333684494360512 -> 1000000000 -1
224.82643810401763 -1.626762620503854 -> 1000000000 -1
224.98979155680126 -1.6276905770305063 -> 1000000000 -1
225.08112053386375 -1.6246227328063583 -> 1000000000 -1
225.15557357715835 -1.6561113452546579 -> 1000000000 -1
225.1640151941407 -1.638221371121574 -> 1000000000 -1
225.24398105955794 -1.6359426054013682 -> 1000000000 -1
225.29054512918177 -1.6656808307901656 -> 1000000000 -1
225.60017844414017 -1.6162210534971848 -> 1000000000 -1
225.67560160350007 -1.6530035596512676 -> 1000000000 -1
225.69039888377426 -1.6278394993433096 -> 1000000000 -1
225.80966360073785 -1.6268483113532852 -> 1000000000 -1
225.9420927634924 -1.6365465346487156 -> 1000000000 -1
226.3002449102712 -1.679931754923274 -> 1000000000 -1
226.3906674808423 -1.6326235879035096 -> 1000000000 -1
226.42979896163698 -1.6255785605242465 -> 1000000000 -1
226.61424363849707 -1.6130517354285985 -> 1000000000 -1
226.75176808999396 -1.6362151703006873 -> 1000000000 -1
227.19688735767923 -1.619113540161834 -> 1000000000 -1
227.41417981778062 -1.6240479695816816 -> 1000000000 -1
227.73178228561255 -1.636269612111505 -> 1000000000 -1
227.7828110786259 -1.6319406034291433 -> 1000000000 -1
227.93910019651133 -1.5999693413176033 -> 1000000000 -1
129 [0,14,17,19,23,28,31,32,95]
