FOUND 477 verified 477 [4,37,93,151,227,296,345,410,419]
20 -78 24 0.5 -1.9 direction
40 -57 3 1.5 6.1 
60 -23 67 2.2 0.6 
80 33 20 3.1 -5.0 
100 100 28 3.6 5.0 
120 175 70 4.0 -0.6 
140 255 0 4.0 -6.1 
160 336 34 4.0 4.4 
180 417 65 4.0 -1.1 
200 497 -15 4.0 -2.3 
220 578 -16 4.0 0.3 
240 658 51 4.0 3.3 
260 739 59 4.0 -2.2 
280 819 -13 4.0 0.2 
300 900 11 4.0 5.8 
320 980 69 4.0 0.3 
340 1061 17 4.0 -5.3 
360 1142 57 4.0 2.8 
380 1222 55 4.0 -2.8 
400 1303 -13 4.0 0.5 
420 1383 43 4.0 6.7 
440 1464 118 4.0 1.1 
460 1544 82 4.0 -4.4 
