FOUND 483 verified 483 [3,16,28,38,97,157,220,281,343,420,429]
20 -78 29 0.6 -1.0 direction,direction
40 -47 78 1.2 6.4 direction
60 -16 147 1.9 0.8 
80 36 105 2.9 -4.7 
100 94 5 3.0 6.1 
120 156 69 3.5 0.6 
140 233 22 3.9 -5.0 
160 312 5 4.0 6.1 
180 393 69 4.0 0.6 
200 473 22 4.0 -5.0 
220 554 -15 4.0 0.4 
240 635 67 4.0 1.4 
260 715 36 4.0 -4.2 
280 796 -13 4.0 -0.0 
300 876 66 4.0 1.7 
320 957 41 4.0 -3.9 
340 1037 -16 4.0 -1.0 
360 1118 62 4.0 2.2 
380 1198 49 4.0 -3.3 
400 1279 -13 4.0 0.1 
420 1360 -14 4.0 -0.3 
440 1440 94 4.0 3.9 
460 1521 114 4.0 -1.7 
480 1601 22 4.0 -7.2 
