FOUND 473 verified 473 [0,9,36,89,139,206,266,330,380,414]
20 -75 17 0.8 -2.7 direction
40 -50 9 1.7 5.8 
60 -11 67 2.5 0.3 
80 50 15 3.2 -5.3 
100 118 46 3.5 3.9 
120 193 66 4.0 -1.7 
140 274 -8 4.0 6.7 
160 355 67 4.0 1.1 
180 435 31 4.0 -4.4 
200 516 -15 4.0 0.3 
220 596 54 4.0 3.1 
240 677 56 4.0 -2.5 
260 757 -13 4.0 0.1 
280 838 55 4.0 3.1 
300 918 58 4.0 -2.5 
320 999 -13 4.0 -0.2 
340 1080 39 4.0 4.2 
360 1160 64 4.0 -1.4 
380 1241 -15 4.0 -0.0 
400 1321 66 4.0 1.4 
420 1402 92 4.0 5.3 
440 1482 139 4.0 -0.3 
460 1563 75 4.0 -5.8 
