FOUND 917 verified 917 [24,37,50,108,186,198,267,273,303,320,322,389,408,444,462,475,556,566,580,658,698,734,792,831,865,877,900,914,916]
20 -8 -64 0.0 0.0 
40 -27 11 -6.1 3.3 gravity {"x":1,"y":0}
60 -127 8 -4.2 -0.2 
80 -152 4 1.4 -0.2 
100 -66 -0 6.9 -0.2 
120 -62 -5 -3.6 -0.2 gravity {"x":1,"y":0}
140 -76 -9 1.9 -0.2 
160 21 -13 7.5 -0.2 
180 182 29 -0.1 6.6 
200 123 137 0.8 -6.4 gravity {"x":0,"y":-1}
220 143 67 0.8 -0.8 
240 159 109 0.8 4.7 
260 175 262 0.8 10.3 
280 89 281 -2.8 1.7 
300 32 335 -2.8 -0.3 
320 -37 275 -5.3 0.3 gravity {"x":-1,"y":0}
340 53 283 1.9 0.3 gravity {"x":-1,"y":0}
360 34 290 -3.6 0.3 
380 -97 297 -9.2 0.3 
400 -141 224 -1.1 -5.7 
420 -142 97 -1.0 -8.2 gravity {"x":0,"y":1}
440 -107 -48 5.8 -0.1 
460 14 13 7.2 -0.2 gravity {"x":1,"y":0}
480 -66 9 -5.6 -0.2 gravity {"x":1,"y":0}
500 -119 6 -0.0 -0.2 
520 -61 2 5.6 -0.2 
540 109 -2 11.1 -0.2 gravity {"x":1,"y":0}
560 159 103 -5.8 6.6 
580 123 75 0.1 -3.1 gravity {"x":0,"y":-1}
600 124 -6 0.1 -1.4 
620 126 25 0.1 4.2 
640 127 166 0.1 9.7 gravity {"x":0,"y":-1}
660 81 320 -6.6 -6.4 
680 -61 282 -8.8 1.1 gravity {"x":-1,"y":0}
700 -187 235 6.4 -6.6 
720 -141 90 -0.3 -9.1 gravity {"x":0,"y":1}
740 -94 -9 6.1 5.3 
760 39 -9 8.4 -1.8 gravity {"x":1,"y":0}
780 184 33 2.8 5.9 
800 136 151 -4.7 5.9 gravity {"x":0,"y":-1}
820 124 323 -5.5 5.5 
840 13 283 -5.7 -4.4 
860 -153 276 -10.9 0.1 
880 -138 159 -0.6 -7.0 gravity {"x":0,"y":1}
900 -144 -34 4.9 -7.1 
