FOUND 956 verified 956 [18,32,37,109,118,119,126,173,256,299,318,339,359,364,377,380,452,462,485,503,519,522,554,565,573,644,690,723,744,785,816,832,862,878,906,941,949,951]
20 -8 -51 0.0 6.4 
40 -57 11 -6.1 -0.3 gravity {"x":1,"y":0}
60 -121 5 -0.6 -0.3 
80 -74 -0 5.0 -0.3 
100 84 -6 10.6 -0.3 
120 120 93 -0.0 7.0 
140 146 67 1.4 -3.1 gravity {"x":0,"y":-1}
160 174 64 1.4 2.5 
180 175 81 -0.6 -5.0 
200 162 39 -0.6 0.6 
220 150 109 -0.6 6.1 
240 137 289 -0.6 11.7 
260 10 309 -7.0 -5.8 
280 -164 277 -11.2 0.4 gravity {"x":-1,"y":0}
300 -193 253 6.7 -1.2 
320 -138 229 1.1 -1.2 
340 -192 206 6.7 -1.2 
360 -143 182 6.7 -1.2 
380 -138 158 1.4 -1.5 gravity {"x":0,"y":1}
400 -150 239 -0.7 1.4 
420 -163 208 -0.7 -4.2 
440 -177 67 -0.7 -9.7 
460 -92 13 6.5 -0.2 
480 51 -9 9.0 -1.8 gravity {"x":1,"y":0}
500 30 -44 -2.8 -1.8 
520 -16 -63 -6.7 -0.6 
540 16 -18 4.6 2.5 
560 73 15 -5.3 -0.2 
580 -35 10 -5.0 -0.2 gravity {"x":1,"y":0}
600 -77 5 0.6 -0.2 
620 -7 1 6.1 -0.2 gravity {"x":1,"y":0}
640 165 4 6.7 4.8 
660 125 141 0.8 7.3 gravity {"x":0,"y":-1}
680 121 326 -5.5 6.6 
700 10 282 -5.5 -4.2 
720 -153 278 -10.8 0.2 
740 -150 182 -2.9 -5.6 
760 -141 42 -0.5 -9.5 gravity {"x":0,"y":1}
780 -79 -46 5.2 0.1 
800 32 14 7.1 -0.3 gravity {"x":1,"y":0}
820 151 39 -5.8 5.6 
840 130 155 1.0 6.8 gravity {"x":0,"y":-1}
860 124 323 -5.7 5.6 
880 9 275 -5.8 0.4 gravity {"x":-1,"y":0}
900 -166 288 -11.4 0.4 
920 -140 163 -0.8 -6.6 
940 -158 -18 4.8 -5.9 
