FOUND 1005 verified 1005 [3,65,126,178,230,283,359,385,386,412,451,499,534,561,574,586,600,629,648,677,697,700,807,861,902,926,954,975,978]
20 -48 226 0.0 2.2 
40 -48 212 0.0 -3.3 
60 -33 113 3.4 -3.0 
80 57 173 4.5 2.8 
100 147 170 4.5 -2.8 
120 238 56 4.5 -8.3 
140 328 87 4.5 3.1 
160 419 89 4.5 -2.5 
180 510 32 4.5 6.4 
200 600 101 4.5 0.8 
220 691 59 4.5 -4.7 
240 783 70 4.7 4.2 
260 876 95 4.7 -1.4 
280 970 16 4.7 0.2 
300 1063 92 4.7 2.2 
320 1157 78 4.7 -3.3 
340 1250 -47 4.7 -8.9 
360 1344 -70 4.7 6.7 
380 1437 5 4.7 1.1 
400 1530 -20 4.7 -3.7 
420 1624 -32 4.7 4.7 
440 1702 -11 1.9 -3.6 
460 1740 -20 1.9 4.4 
480 1777 11 1.9 -1.1 
500 1804 -49 -2.3 6.7 
520 1758 26 -2.3 1.1 
540 1731 50 0.4 5.3 
560 1740 96 0.6 -0.5 
580 1799 127 1.7 -3.0 
600 1833 170 2.8 1.9 
620 1930 209 4.6 -1.4 
640 2005 177 2.8 -3.0 
660 2051 169 1.2 -2.2 
680 2075 109 1.2 6.1 
700 2107 176 4.5 2.7 
720 2196 256 4.5 1.4 
740 2285 226 4.5 -4.2 
760 2375 194 4.5 0.1 
780 2464 192 4.5 -0.3 
800 2553 128 4.5 -5.8 
820 2643 144 4.5 3.3 
840 2732 153 4.5 -2.2 
860 2762 50 0.8 -7.8 
880 2779 121 0.8 1.7 
900 2795 87 0.8 -4.4 
920 2811 112 0.8 -2.6 
940 2827 117 0.8 -2.2 
960 2844 93 0.8 5.3 
980 2877 147 4.5 6.4 
1000 2967 216 4.5 0.8 
