FOUND 1037 verified 1037 [7,69,138,186,242,294,367,418,475,533,568,609,664,690,760,784,818,819,829,832,836,858,871,926,950,956,1021]
20 -48 209 0.0 3.3 
40 -48 218 0.0 -2.2 
60 -45 120 4.0 -0.9 
80 35 159 4.0 3.9 
100 115 178 4.0 -1.7 
120 195 87 4.0 -7.2 
140 275 29 4.0 6.4 
160 355 99 4.0 0.8 
180 435 57 4.0 -4.7 
200 515 101 4.0 3.1 
220 594 104 4.0 -2.5 
240 674 18 4.0 0.2 
260 754 95 4.0 1.9 
280 834 76 4.0 -3.6 
300 914 55 4.0 5.3 
320 994 103 4.0 -0.3 
340 1074 39 4.0 -5.8 
360 1089 -55 1.5 -6.3 
380 1118 -42 1.5 3.3 
400 1147 -33 1.5 -2.2 
420 1176 -65 1.5 6.4 
440 1206 5 1.5 0.8 
460 1235 -37 1.5 -4.7 
480 1264 -46 1.5 5.6 
500 1293 7 1.5 -0.0 
520 1322 -52 1.5 -5.6 
540 1351 -37 1.5 5.0 
560 1380 -1 1.5 -1.8 
580 1409 1 1.5 -1.7 
600 1438 -78 1.5 -0.0 
620 1467 -22 1.5 3.9 
640 1496 -2 1.5 -1.7 
660 1525 -78 1.5 0.9 
680 1554 -3 1.5 2.5 
700 1583 57 1.5 4.2 
720 1612 82 1.5 -1.4 
740 1641 -4 1.5 -6.9 
760 1709 -124 5.0 -5.5 
780 1809 -43 5.0 1.4 
800 1861 35 2.1 2.5 
820 1893 48 -3.1 6.0 
840 1933 127 6.3 4.7 
860 2059 176 4.5 -0.3 
880 2145 195 4.3 4.4 
900 2231 225 4.3 -1.1 
920 2315 140 4.3 -6.7 
940 2400 156 4.3 -0.5 
960 2497 193 5.7 5.8 
980 2611 251 5.7 0.3 
1000 2725 198 5.7 -5.3 
1020 2858 181 7.7 -0.8 bounce
