FOUND 910 verified 910 [4,59,137,187,245,304,366,394,404,415,429,458,505,541,565,602,612,622,629,633,665,692,703,711,745,768,770,827,889]
20 -48 223 0.0 2.5 
40 -48 214 0.0 -3.1 
60 -36 124 3.6 6.7 
80 36 199 3.6 1.1 
100 109 163 3.6 -4.4 
120 182 18 3.6 0.1 
140 255 37 3.6 6.1 
160 327 101 3.6 0.6 
180 400 54 3.6 -5.0 
200 492 81 5.1 3.3 
220 594 89 5.1 -2.2 
240 695 16 5.1 0.1 
260 796 87 5.1 2.8 
280 897 84 5.1 -2.8 
300 998 20 5.1 -0.2 
320 1099 91 5.1 2.5 
340 1200 83 5.1 -3.1 
360 1301 -37 5.1 -8.6 
380 1403 -10 5.1 3.1 
400 1504 4 5.1 -1.1 
420 1605 24 5.1 5.6 
440 1605 67 -3.1 0.1 
460 1576 45 2.3 6.4 
480 1622 114 2.3 0.8 
500 1670 74 3.8 -3.2 
520 1709 76 -0.9 -2.9 
540 1740 7 4.0 -3.6 
560 1820 83 4.0 1.7 
580 1879 158 2.7 2.8 
600 1912 180 0.8 0.1 
620 1899 208 -2.1 -1.3 
640 1888 222 0.2 -0.3 
660 1891 159 0.2 -5.8 
680 1848 179 0.1 -1.5 
700 1850 185 2.6 2.2 
720 1912 203 1.8 -2.7 
740 1975 118 4.1 -5.9 
760 2057 155 4.1 2.8 
780 2161 223 6.0 4.2 
800 2281 248 6.0 -1.4 
820 2401 195 6.0 0.0 
840 2521 260 6.0 3.3 
860 2641 269 6.0 -2.2 
880 2761 166 6.0 -7.8 
900 2916 218 8.0 3.9 bounce
