FOUND 991 verified 991 [3,58,135,184,235,289,342,397,450,455,480,534,590,641,706,729,735,752,781,793,800,809,810,839,910,967]
20 -48 226 0.0 2.2 
40 -48 212 0.0 -3.3 
60 -33 132 3.3 6.4 
80 33 201 3.3 0.8 
100 99 160 3.3 -4.7 
120 165 18 3.3 -0.5 
140 231 47 3.3 5.6 
160 297 99 3.3 0.0 
180 363 41 3.3 -5.6 
200 429 90 3.3 2.5 
220 496 82 3.3 -3.1 
240 562 47 3.3 5.6 
260 628 100 3.3 0.0 
280 694 42 3.3 -5.6 
300 760 75 3.3 3.9 
320 826 94 3.3 -1.7 
340 892 17 3.3 1.0 
360 958 97 3.3 1.9 
380 1024 78 3.3 -3.6 
400 1076 16 -0.1 6.1 
420 1075 80 -0.1 0.6 
440 1074 33 -0.1 -5.0 
460 1110 -6 2.4 -1.4 
480 1158 -77 2.4 -0.0 
500 1206 3 2.4 1.4 
520 1254 -27 2.4 -4.2 
540 1302 -41 2.4 5.3 
560 1350 6 2.4 -0.3 
580 1398 -58 2.4 -5.8 
600 1446 -26 2.4 4.2 
620 1494 -1 2.4 -1.4 
640 1542 -79 2.4 1.0 
660 1590 3 2.4 1.7 
680 1638 -22 2.4 -3.9 
700 1700 -126 4.0 -5.9 
720 1769 -108 0.2 -0.7 
740 1755 -63 -2.0 5.6 
760 1763 -0 3.5 1.6 
780 1833 -27 3.5 -3.9 
800 1864 55 4.7 2.1 
820 1976 161 6.3 4.0 
840 2092 158 5.5 6.7 
860 2202 233 5.5 1.1 
880 2312 197 5.5 -4.4 
900 2423 194 5.5 -0.3 
920 2533 243 5.5 4.2 
940 2644 268 5.5 -1.4 
960 2755 181 5.5 -6.9 
980 2905 230 8.0 3.3 bounce
