FOUND 1113 verified 1113 [0,53,125,189,247,309,326,335,349,359,377,401,416,441,472,479,492,501,513,573,625,649,656,658,689,720,728,752,769,796,851,861,880,903,935,985,1016,1023,1030,1034,1074,1095,1097]
20 -48 233 0.0 1.4 
40 -48 202 0.0 -4.2 
60 -25 165 3.2 5.0 
80 39 206 3.2 -0.6 
100 103 137 3.2 -6.1 
120 176 19 3.2 0.1 
140 240 90 3.2 2.8 
160 305 87 3.2 -2.8 
180 369 18 3.2 0.5 
200 433 77 3.2 3.9 
220 497 96 3.2 -1.7 
240 561 18 3.2 -0.7 
260 625 85 3.2 3.3 
280 689 93 3.2 -2.2 
300 758 -0 1.7 -4.7 
320 787 -18 1.7 0.1 
340 821 -20 1.7 -0.7 
360 856 -19 1.7 -0.1 
380 890 -45 1.7 6.1 
400 924 -55 1.7 -4.4 
420 959 -20 1.7 -0.7 
440 993 -95 1.7 -6.3 
460 1028 -22 1.7 1.7 
480 1062 -17 1.7 -0.1 
500 1096 -2 1.7 -0.3 
520 1131 30 1.7 5.0 
540 1165 72 1.7 -0.6 
560 1199 3 1.7 -6.1 
580 1234 -36 1.7 5.0 
600 1268 6 1.7 -0.6 
620 1302 -63 1.7 -6.1 
640 1337 -7 1.7 2.8 
660 1371 6 1.7 -0.4 
680 1405 -61 1.7 -5.9 
700 1440 -19 1.7 3.9 
720 1474 -10 1.7 -2.7 
740 1509 -7 1.7 -2.5 
760 1543 -13 1.7 4.7 
780 1604 -11 4.5 -3.2 
800 1694 -75 4.5 5.8 
820 1785 -17 4.5 0.3 
840 1835 -30 -0.3 -0.5 
860 1805 6 1.0 0.5 
880 1872 11 0.6 0.6 
900 1894 82 2.0 0.0 
920 1961 127 4.3 -0.1 
940 2047 123 4.3 5.6 
960 2134 175 4.3 0.0 
980 2220 116 4.3 -5.6 
1000 2306 155 4.3 2.8 
1020 2392 152 4.3 5.8 
1040 2490 171 6.6 1.7 
1060 2622 147 6.6 -3.9 
1080 2754 99 6.6 5.3 
1100 2889 150 7.8 6.1 
