FOUND 769 verified 769 [48,101,158,215,319,347,371,377,428,458,502,514,529,548,557,558,587,595,596,622,635,684,757]
20 -36 115 2.1 -1.9 
40 37 72 4.8 -2.8 
60 149 109 5.8 3.6 
80 265 123 5.8 -1.9 
100 380 26 5.8 -7.5 
120 496 98 5.8 1.7 
140 611 73 5.8 -3.9 
160 727 32 5.8 6.4 
180 842 102 5.8 0.8 
200 958 61 5.8 -4.7 
220 1073 48 5.8 5.6 
240 1189 101 5.8 0.0 
260 1304 43 5.8 -5.6 
280 1420 -79 5.8 -0.6 
300 1535 -80 5.8 -0.0 
320 1651 -73 5.8 6.7 
340 1722 -42 0.7 -3.9 
360 1741 -17 2.6 1.5 
380 1779 35 -0.9 6.1 
400 1759 99 -0.9 0.6 
420 1742 52 -0.9 -5.0 
440 1779 69 3.3 3.6 
460 1840 100 1.2 6.4 
480 1865 169 1.2 0.8 
500 1885 133 -1.1 -2.3 
520 1874 206 3.6 2.3 
540 1923 189 1.5 -3.3 
560 1970 198 -1.3 0.1 
580 1945 141 -1.3 -5.5 
600 1962 156 5.7 4.6 
620 2065 153 4.6 -4.7 
640 2178 220 6.0 5.6 
660 2298 273 6.0 0.0 
680 2419 215 6.0 -5.6 
700 2539 267 6.0 2.5 
720 2659 259 6.0 -3.1 
740 2780 167 7.2 3.2 bounce
760 2924 203 7.2 6.1 
