FOUND 635 verified 635 [6,79,138,198,253,314,367,388,408,422,431,461,473,484,570,606]
20 -48 214 0.0 3.1 
40 -48 217 0.0 -2.5 
60 -42 118 3.4 -2.2 
80 52 73 5.8 6.7 
100 168 148 5.8 1.1 
120 283 112 5.8 -4.4 
140 399 29 5.8 6.4 
160 514 99 5.8 0.8 
180 630 57 5.8 -4.7 
200 745 31 5.8 6.4 
220 861 101 5.8 0.8 
240 976 59 5.8 -4.7 
260 1092 59 5.8 5.0 
280 1207 101 5.8 -0.6 
300 1323 32 5.8 -6.1 
320 1438 -42 5.8 5.3 
340 1554 4 5.8 -0.7 
360 1669 -68 5.8 -6.3 
380 1785 -55 5.8 3.3 
400 1870 27 3.6 3.6 
420 1903 96 2.4 1.0 
440 1986 183 4.8 4.4 
460 2056 119 3.3 -6.6 
480 2129 180 5.2 1.0 
500 2233 254 5.2 2.5 
520 2336 246 5.2 -3.1 
540 2440 193 5.2 -0.2 
560 2544 153 5.2 -4.5 
580 2648 147 5.2 4.2 
600 2752 172 5.2 -1.4 
620 2884 242 7.1 3.1 bounce
