FOUND 702 verified 702 [1,61,125,181,235,302,337,344,345,371,399,409,435,474,485,493,582,638,645,650,657,668,676,677]
20 -48 231 0.0 1.7 
40 -48 206 0.0 -3.9 
60 -25 109 4.3 -2.1 
80 62 187 4.3 1.7 
100 149 162 4.3 -3.9 
120 236 26 4.3 -9.4 
140 323 90 4.3 2.8 
160 410 87 4.3 -2.8 
180 511 19 6.0 -0.1 
200 631 98 6.0 1.7 
220 751 73 6.0 -3.9 
240 871 48 6.0 5.6 
260 991 101 6.0 0.0 
280 1111 43 6.0 -5.6 
300 1231 -77 6.0 0.1 
320 1351 1 6.0 1.9 
340 1471 -5 6.0 6.1 
360 1591 -24 6.0 -3.9 
380 1725 -30 7.4 4.4 
400 1867 9 3.2 6.7 
420 1913 106 3.1 1.8 
440 1975 130 3.1 5.6 
460 2036 179 2.6 -1.8 
480 2088 160 2.6 5.3 
500 2160 232 4.4 5.0 
520 2248 274 4.4 -0.6 
540 2337 204 4.4 -6.1 
560 2425 195 4.4 0.1 
580 2513 166 4.4 -3.9 
600 2601 235 4.4 1.9 
620 2690 216 4.4 -3.6 
640 2767 113 2.4 6.4 
660 2815 124 2.4 -0.7 
680 2872 138 5.4 3.5 
700 2980 149 5.4 -2.1 
