FOUND 734 verified 734 [0,89,148,198,269,312,332,344,355,384,429,462,495,504,510,513,547,553,560,589,597,679,715]
20 -48 233 0.0 1.4 
40 -48 202 0.0 -4.2 
60 -21 107 4.3 -2.2 
80 88 43 6.6 -3.8 
100 222 91 6.8 3.9 
120 358 110 6.8 -1.7 
140 494 18 6.8 -7.2 
160 630 81 6.8 3.6 
180 766 94 6.8 -1.9 
200 903 30 6.8 6.4 
220 1039 100 6.8 0.8 
240 1175 58 6.8 -4.7 
260 1311 -77 6.8 -0.0 
280 1447 -20 6.8 3.9 
300 1584 -7 6.8 -2.5 
320 1713 -20 0.8 -1.2 
340 1736 -21 3.6 0.5 
360 1803 67 2.9 5.6 
380 1860 120 2.9 0.0 
400 1895 192 1.5 2.5 
420 1925 183 1.5 -3.1 
440 1980 192 1.9 -1.5 
460 2018 103 1.9 -7.1 
480 2057 166 1.9 1.9 
500 2087 167 0.2 0.3 
520 2035 173 -4.8 -0.6 
540 1939 103 -4.8 -6.1 
560 1909 104 3.5 1.7 
580 2014 149 5.3 -0.4 
600 2127 194 6.3 6.1 
620 2253 258 6.3 0.6 
640 2378 210 6.3 -5.0 
660 2504 185 6.3 -2.2 
680 2630 97 6.3 6.7 
700 2756 172 6.3 1.1 
720 2892 201 7.5 5.6 bounce
