FOUND 872 verified 872 [1,62,78,165,215,282,295,372,383,405,423,426,430,434,451,466,470,477,549,591,602,694,706,766,773,804]
20 -32 119 0.0 1.7 
40 -32 94 0.0 -3.9 
60 -24 -12 2.4 -0.7 
80 26 73 2.5 6.4 
100 75 143 2.5 0.8 
120 125 101 2.5 -4.7 
140 174 -52 2.5 -10.3 
160 185 -66 -0.2 0.0 
180 183 5 -0.1 2.8 
200 182 2 -0.1 -2.8 
220 192 -35 1.7 5.6 
240 225 17 1.7 -0.0 
260 259 -41 1.7 -5.6 
280 262 -163 -3.3 -3.4 
300 232 -89 3.7 2.9 
320 307 -89 3.7 -2.6 
340 386 -93 4.3 4.5 bounce
360 472 -60 4.3 -1.0 
380 557 -50 4.3 0.4 
400 642 -88 4.3 -4.5 
420 727 -50 4.3 -0.6 
440 812 -57 4.3 -1.4 
460 898 -49 4.3 0.8 
480 983 -39 4.3 6.1 
500 1068 25 4.3 0.6 
520 1153 -22 4.3 -5.0 
540 1195 -167 5.1 -7.6 
560 1297 -190 5.1 3.9 
580 1328 -186 -0.4 -3.0 
600 1333 -144 0.0 4.4 
620 1332 -58 0.0 1.9 
640 1332 -78 0.0 -3.6 
660 1335 -203 3.4 -3.3 
680 1404 -313 3.8 -0.5 
700 1478 -349 3.8 -1.1 
720 1525 -290 1.9 3.1 
740 1564 -287 1.9 -2.5 
760 1602 -361 1.9 -1.5 
780 1655 -351 4.1 -1.9 
800 1673 -410 -2.3 -3.8 
820 1620 -354 -2.7 2.5 
840 1566 -362 -2.7 -3.1 
860 1507 -480 -3.0 -8.5 
