FOUND 727 verified 727 [56,130,176,228,281,370,411,467,475,552,592,599,658,672]
20 -30 -11 1.1 -1.3 
40 12 -23 2.6 -1.3 
60 81 -13 3.9 5.8 
80 159 46 3.9 0.3 
100 237 -7 3.9 -5.3 
120 313 -115 2.8 6.9 bounce
140 369 15 2.8 4.2 
160 426 40 2.8 -1.4 
180 483 11 2.8 5.8 
200 539 69 2.8 0.3 
220 596 16 2.8 -5.3 
240 652 49 2.8 3.6 
260 709 63 2.8 -1.9 
280 766 -14 2.8 -0.1 
300 822 65 2.8 1.7 
320 879 40 2.8 -3.9 
340 936 -14 2.8 -0.5 
360 993 -50 2.8 -4.3 
380 1049 -54 2.8 4.2 
400 1103 -22 2.0 0.3 
420 1144 13 2.0 4.4 
440 1184 44 2.0 -1.1 
460 1225 -37 2.0 -6.7 
480 1252 -9 -0.2 5.6 
500 1248 43 -0.2 -0.0 
520 1244 -15 -0.2 -5.6 
540 1258 -182 0.9 -11.0 
560 1298 -280 1.7 4.7 
580 1331 -244 1.7 -0.8 
600 1331 -232 3.0 1.4 
620 1390 -261 3.0 -4.1 
640 1449 -359 3.0 -0.6 
660 1508 -403 3.0 6.4 
680 1540 -363 -0.1 4.7 
700 1538 -384 -0.1 -4.4 
720 1516 -527 -1.4 -9.7 
