FOUND 590 verified 590 [5,93,175,218,294,359,418,455,469,472,530,550]
20 -32 107 0.0 2.8 
40 -32 104 0.0 -2.8 
60 -32 -9 2.1 -0.5 
80 24 -26 3.3 -1.5 
100 106 1 4.4 5.0 
120 193 42 4.4 -0.6 
140 281 -27 4.4 -6.1 
160 361 -102 3.2 5.7 bounce
180 426 -19 3.2 5.6 
200 490 34 3.2 0.0 
220 554 -0 3.2 6.4 
240 618 69 3.2 0.8 
260 682 28 3.2 -4.7 
280 746 -13 3.2 -0.3 
300 810 21 3.2 5.3 
320 874 68 3.2 -0.3 
340 939 5 3.2 -5.8 
360 1025 -56 4.5 6.7 
380 1115 19 4.5 1.1 
400 1204 -18 4.5 -4.4 
420 1296 -131 5.4 6.4 
440 1405 -176 5.4 -5.1 
460 1513 -292 5.4 -0.6 
480 1554 -274 -2.7 1.3 
500 1499 -307 -2.7 -4.3 
520 1440 -451 -2.7 -9.8 
540 1384 -510 -2.7 4.2 
560 1387 -473 2.9 0.1 
580 1444 -529 2.9 -5.5 
