FOUND 747 verified 747 [12,65,93,167,185,189,214,219,308,367,412,457,477,482,488,496,503,517,534,545,573,624,738]
20 177 -1 0.6 4.7 
40 190 35 0.6 -0.8 
60 203 -40 0.6 -6.4 
80 261 2 -1.2 -0.4 
100 237 12 -1.2 5.0 
120 214 54 -1.2 -0.6 
140 190 -15 -1.2 -6.1 
160 205 -60 2.1 -1.0 
180 259 -5 2.8 3.3 
200 178 61 -6.3 2.2 
220 94 62 2.9 3.4 
240 153 69 2.9 -2.2 
260 211 -33 2.9 -7.8 
280 310 -164 3.2 -9.3 
300 209 -334 -11.0 -2.9 
320 -11 -279 -11.0 3.6 
340 -238 -224 -7.9 9.0 gravity {"x":-1,"y":0}
360 -263 5 6.3 11.4 gravity {"x":0,"y":-1}
380 -52 1 11.4 -3.3 
400 176 -7 11.4 2.2 
420 260 -37 0.5 -4.7 
440 270 -73 0.5 0.8 
460 269 -38 -2.4 -6.1 
480 258 -92 2.9 -4.3 
500 312 -196 0.7 -5.8 
520 271 -293 -3.3 -6.1 
540 176 -341 -5.1 -0.3 
560 94 -390 2.0 -0.5 
580 133 -413 2.0 -5.0 
600 173 -454 2.0 0.6 
620 212 -391 2.0 3.0 
640 275 -469 3.1 -2.5 
660 337 -461 3.1 3.1 
680 400 -341 3.1 8.6 
700 463 -111 3.1 14.2 
720 604 -51 6.2 -6.1 gravity {"x":1,"y":0}
740 671 -216 -6.4 -9.6 
