FOUND 410 verified 410 [0,41,97,154,204,273,343,349,374,380]
20 -704 177 0.0 1.4 
40 -702 147 2.7 -2.5 
60 -649 223 2.7 1.7 
80 -596 198 2.7 -3.9 
100 -543 113 2.7 6.1 
120 -489 177 2.7 0.6 
140 -436 130 2.7 -5.0 
160 -383 130 2.7 5.3 
180 -330 177 2.7 -0.3 
200 -276 113 2.7 -5.8 
220 -209 166 3.5 2.5 
240 -138 157 3.5 -3.1 
260 -68 38 3.5 -8.6 
280 62 -9 7.9 5.0 
300 221 33 7.9 -0.6 
320 380 -36 7.9 -6.1 
340 539 -186 7.9 -0.2 
360 564 -167 0.1 -2.5 
380 567 -155 0.1 0.8 
400 569 -186 0.1 0.4 
