FOUND 519 verified 519 [10,52,102,160,176,236,286,345,417,494,511,518]
20 -704 146 0.0 4.2 
40 -704 171 0.0 -1.4 
60 -705 189 -0.1 4.7 
80 -708 225 -0.1 -0.8 
100 -711 150 -0.1 -6.4 
120 -720 219 -0.5 1.9 
140 -730 199 -0.5 -3.6 
160 -733 95 1.2 0.4 
180 -739 193 -0.4 5.8 
200 -746 252 -0.4 0.3 
220 -753 199 -0.4 -5.3 
240 -736 127 3.5 5.8 
260 -665 185 3.5 0.3 
280 -594 132 3.5 -5.3 
300 -523 163 3.5 3.1 
320 -452 166 3.5 -2.5 
340 -381 94 3.5 -0.6 
360 -310 160 3.6 2.8 
380 -238 157 3.6 -2.8 
400 -163 51 6.3 -3.5 
420 -12 -1 8.3 6.1 
440 154 63 8.3 0.6 
460 321 15 8.3 -5.0 
480 487 -143 8.3 -10.6 
500 563 -157 0.4 -0.1 
