1 519 [10,52,54,102,160,176,236,286,345,417,494,511,518]
17 499 [10,52,54,102,160,176,236,284,286,341,417,420,494,518]
73 496 [10,52,102,160,176,231,233,236,239,277,284,341,492,517]
81 494 [10,11,52,102,160,176,231,236,238,277,286,341,490,517]
87 473 [11,52,105,160,176,231,233,242,277,286,341,490,517]
96 448 [11,52,105,160,175,229,235,242,277,286,345,494,522]
116 446 [11,52,105,160,175,229,235,240,242,274,279,288,343,493,522]
136 288 [52,105,154,175,235,239,275,278,279,288,345,522]
137 280 [52,102,154,175,235,239,275,278,279,288,345,522]
141 279 [52,102,154,176,177,235,238,275,282,288,345,521]
145 276 [52,99,104,151,176,177,235,238,271,282,288,345]
150 275 [52,99,104,150,151,176,177,179,235,238,269,282,288,345]
164 272 [49,94,104,147,176,177,233,235,266,286,288,356]
167 268 [49,95,104,147,176,177,235,262,286,288,362]
189 267 [48,51,104,176,177,179,237,262,286]
225 266 [48,49,51,104,176,179,233,241,259,265,287,289]
231 265 [49,53,104,176,179,233,241,259,265,287,289]
252 264 [49,54,108,179,225,232,241,257,262,287,291,295,299]
274 263 [48,60,108,179,226,231,242,256,257,258,284,289,291,295,302]
386 260 [50,108,239,241,257]
390 242 [53,104,235,237,241,257]
473 241 [104,105,236,237,240,241,242,251]
557 240 [104,233,239]
692 239 [104,233,238,239,245]
742 238 [104,232,233,237,238,243,256]
