1 335 [33,36,91,146,213,287,293,294,297,301,306,307]
17 292 [30,36,95,146,148,210,287,293,294,301,306,307]
24 291 [30,38,95,146,148,210,287,293,294,301,306,307]
26 290 [30,39,95,146,150,210,287,293,294,301,306,307]
35 286 [30,39,95,141,146,212,281,287,296,302,307]
42 284 [30,42,95,142,146,212,281,296,302,305]
43 277 [30,42,95,142,144,212,272,296,302,305]
49 275 [30,42,95,142,144,212,270,273,299,305]
50 250 [45,95,142,212,270,273,299,305]
57 249 [45,94,268,270,273,297,300]
67 247 [45,93,263,283]
106 246 [45,89,260,261,269,271,283,284]
133 245 [43,92,257,258,268,275,276,278,291,292]
382 244 [45,87,96]
388 242 [45,86,89]
481 238 [38,41,86,90]
507 236 [38,41,49,83,91,92,93]
511 232 [38,41,49,79,92,93]
517 231 [38,41,49,78,91,94,96]
524 225 [38,41,45,74,86]
531 223 [38,41,45,70,86]
544 222 [37,39,40,69,70,80]
545 221 [37,40,42,70,72,80]
618 218 [35,37,40,68]
2081 212 [37,39,65,66,71]
final 212 15452 [37,39,65]
