1 99572 [1,43,134,211,322,335,345,346]
6 99538 [1,43,133,211,322,335,345,352]
9 99537 [1,43,133,210,322,335,345,353]
16 4284 [4,43,133,214,322,324,334,353]
17 1600 [4,43,131,214,321,322,334,353]
20 1144 [4,43,131,217,321,334,353]
21 678 [1,43,131,321,328,353]
24 354 [1,43,131,326,328,353]
27 352 [1,43,130,326,328,352]
42 326 [4,43,130,321,326,329,352]
50 325 [4,133,320,321,326,329,348]
58 324 [4,133,319,320,348]
79 322 [3,132,317,319,320,352,356]
83 320 [3,132,314,319,352]
121 319 [5,132,314,318,340]
125 318 [5,132,313,318,340,343]
133 317 [5,129,312,341]
157 315 [5,127,309,349]
176 314 [5,129,130,309,349]
179 312 [5,129,133,307,351]
186 311 [5,129,135,306,351]
231 310 [5,128,305,342,344,347]
278 309 [5,128,304,346,352,354]
307 307 [5,128,302,304,354,356]
311 305 [5,128,299,304,352,358]
450 304 [5,7,8,128,298,303]
806 301 [5,144,295,298,300,303,311]
2693 300 [5,144,146,294,299,300]
3287 297 [22,27,30,31,141,142,143,145,146,291,294,296,299,300]
3300 295 [22,24,26,27,29,31,138,141,143,289,294,296,297,300]
3370 294 [22,27,138,142,287,289,293,294,297]
3499 293 [22,27,138,287,292,293,295]
final 293 10321 [20,25,26,137,141,287,292]
