FOUND 1186 verified 1186 [52,104,167,178,226,281,333,385,474,533,584,634,690,746,786,819,901,941,981,1002,1017,1023,1026,1027,1057,1081,1102,1134,1166,1171]
20 -36 115 2.1 -1.9 
40 37 72 4.8 -2.8 
60 153 80 6.1 4.7 
80 275 116 6.1 -0.8 
100 398 41 6.1 -6.4 
120 539 90 7.0 2.5 
140 679 82 7.0 -3.1 
160 751 1 -1.1 -4.0 
180 746 -10 0.8 6.4 
200 763 59 0.8 0.8 
220 779 32 0.8 -1.2 
240 804 101 1.3 3.1 
260 829 104 1.3 -2.5 
280 854 18 1.3 -0.9 
300 879 96 1.3 1.7 
320 904 71 1.3 -3.9 
340 929 60 1.3 5.0 
360 954 102 1.3 -0.6 
380 980 33 1.3 -6.1 
400 1005 89 1.3 2.8 
420 1030 86 1.3 -2.8 
440 1055 19 1.3 -0.4 
460 1082 -8 1.4 -3.6 
480 1110 -52 1.4 5.3 
500 1137 -5 1.4 -0.3 
520 1165 -69 1.4 -5.8 
540 1193 -37 1.4 5.0 
560 1221 5 1.4 -0.6 
580 1248 -65 1.4 -6.1 
600 1276 -4 1.4 2.5 
620 1304 -12 1.4 -3.1 
640 1332 -43 1.4 5.3 
660 1359 4 1.4 -0.3 
680 1387 -60 1.4 -5.8 
700 1415 -25 1.4 4.2 
720 1442 -0 1.4 -1.4 
740 1470 -79 1.4 1.2 
760 1498 -8 1.4 3.1 
780 1526 -19 1.4 -3.7 
800 1553 3 1.4 -0.9 
820 1581 -61 1.4 6.7 
840 1609 14 1.4 1.1 
860 1637 -22 1.4 -4.4 
880 1666 -80 1.7 -0.3 
900 1699 -145 1.7 -5.9 
920 1733 -72 1.7 1.7 
940 1766 -97 1.7 -3.9 
960 1798 -23 1.7 1.7 
980 1824 -40 -0.5 -1.8 
1000 1818 -9 1.0 -2.8 
1020 1861 58 4.0 5.0 
1040 1981 154 6.6 3.2 
1060 2112 168 6.6 0.0 
1080 2245 111 6.6 -5.5 
1100 2377 146 6.6 -2.5 
1120 2510 128 6.6 -4.0 
1140 2643 79 6.6 5.3 
1160 2776 125 6.6 -0.3 
1180 2944 158 7.7 3.9 
